Archive member included to satisfy reference by file (symbol)

c:/mounriver/mounriver_studio/toolchain/risc-v embedded gcc/bin/../lib/gcc/riscv-none-embed/8.2.0/../../../../riscv-none-embed/lib/rv32imacxw/ilp32\libg_nano.a(lib_a-memcpy.o)
                              ./User/USB_Device/ch32v30x_usbhs_device.o (memcpy)
c:/mounriver/mounriver_studio/toolchain/risc-v embedded gcc/bin/../lib/gcc/riscv-none-embed/8.2.0/../../../../riscv-none-embed/lib/rv32imacxw/ilp32\libg_nano.a(lib_a-printf.o)
                              ./User/UART/UART.o (printf)
c:/mounriver/mounriver_studio/toolchain/risc-v embedded gcc/bin/../lib/gcc/riscv-none-embed/8.2.0/../../../../riscv-none-embed/lib/rv32imacxw/ilp32\libg_nano.a(lib_a-puts.o)
                              ./User/ch32v30x_it.o (puts)
c:/mounriver/mounriver_studio/toolchain/risc-v embedded gcc/bin/../lib/gcc/riscv-none-embed/8.2.0/../../../../riscv-none-embed/lib/rv32imacxw/ilp32\libg_nano.a(lib_a-strcpy.o)
                              ./User/cdc_func.o (strcpy)
c:/mounriver/mounriver_studio/toolchain/risc-v embedded gcc/bin/../lib/gcc/riscv-none-embed/8.2.0/../../../../riscv-none-embed/lib/rv32imacxw/ilp32\libg_nano.a(lib_a-strlen.o)
                              ./User/main.o (strlen)
c:/mounriver/mounriver_studio/toolchain/risc-v embedded gcc/bin/../lib/gcc/riscv-none-embed/8.2.0/../../../../riscv-none-embed/lib/rv32imacxw/ilp32\libg_nano.a(lib_a-wbuf.o)
                              c:/mounriver/mounriver_studio/toolchain/risc-v embedded gcc/bin/../lib/gcc/riscv-none-embed/8.2.0/../../../../riscv-none-embed/lib/rv32imacxw/ilp32\libg_nano.a(lib_a-puts.o) (__swbuf_r)
c:/mounriver/mounriver_studio/toolchain/risc-v embedded gcc/bin/../lib/gcc/riscv-none-embed/8.2.0/../../../../riscv-none-embed/lib/rv32imacxw/ilp32\libg_nano.a(lib_a-wsetup.o)
                              c:/mounriver/mounriver_studio/toolchain/risc-v embedded gcc/bin/../lib/gcc/riscv-none-embed/8.2.0/../../../../riscv-none-embed/lib/rv32imacxw/ilp32\libg_nano.a(lib_a-puts.o) (__swsetup_r)
c:/mounriver/mounriver_studio/toolchain/risc-v embedded gcc/bin/../lib/gcc/riscv-none-embed/8.2.0/../../../../riscv-none-embed/lib/rv32imacxw/ilp32\libg_nano.a(lib_a-fflush.o)
                              c:/mounriver/mounriver_studio/toolchain/risc-v embedded gcc/bin/../lib/gcc/riscv-none-embed/8.2.0/../../../../riscv-none-embed/lib/rv32imacxw/ilp32\libg_nano.a(lib_a-wbuf.o) (_fflush_r)
c:/mounriver/mounriver_studio/toolchain/risc-v embedded gcc/bin/../lib/gcc/riscv-none-embed/8.2.0/../../../../riscv-none-embed/lib/rv32imacxw/ilp32\libg_nano.a(lib_a-findfp.o)
                              c:/mounriver/mounriver_studio/toolchain/risc-v embedded gcc/bin/../lib/gcc/riscv-none-embed/8.2.0/../../../../riscv-none-embed/lib/rv32imacxw/ilp32\libg_nano.a(lib_a-printf.o) (__sinit)
c:/mounriver/mounriver_studio/toolchain/risc-v embedded gcc/bin/../lib/gcc/riscv-none-embed/8.2.0/../../../../riscv-none-embed/lib/rv32imacxw/ilp32\libg_nano.a(lib_a-fwalk.o)
                              c:/mounriver/mounriver_studio/toolchain/risc-v embedded gcc/bin/../lib/gcc/riscv-none-embed/8.2.0/../../../../riscv-none-embed/lib/rv32imacxw/ilp32\libg_nano.a(lib_a-findfp.o) (_fwalk)
c:/mounriver/mounriver_studio/toolchain/risc-v embedded gcc/bin/../lib/gcc/riscv-none-embed/8.2.0/../../../../riscv-none-embed/lib/rv32imacxw/ilp32\libg_nano.a(lib_a-impure.o)
                              c:/mounriver/mounriver_studio/toolchain/risc-v embedded gcc/bin/../lib/gcc/riscv-none-embed/8.2.0/../../../../riscv-none-embed/lib/rv32imacxw/ilp32\libg_nano.a(lib_a-fflush.o) (_global_impure_ptr)
c:/mounriver/mounriver_studio/toolchain/risc-v embedded gcc/bin/../lib/gcc/riscv-none-embed/8.2.0/../../../../riscv-none-embed/lib/rv32imacxw/ilp32\libg_nano.a(lib_a-makebuf.o)
                              c:/mounriver/mounriver_studio/toolchain/risc-v embedded gcc/bin/../lib/gcc/riscv-none-embed/8.2.0/../../../../riscv-none-embed/lib/rv32imacxw/ilp32\libg_nano.a(lib_a-wsetup.o) (__smakebuf_r)
c:/mounriver/mounriver_studio/toolchain/risc-v embedded gcc/bin/../lib/gcc/riscv-none-embed/8.2.0/../../../../riscv-none-embed/lib/rv32imacxw/ilp32\libg_nano.a(lib_a-memset.o)
                              c:/mounriver/mounriver_studio/toolchain/risc-v embedded gcc/bin/../lib/gcc/riscv-none-embed/8.2.0/../../../../riscv-none-embed/lib/rv32imacxw/ilp32\libg_nano.a(lib_a-findfp.o) (memset)
c:/mounriver/mounriver_studio/toolchain/risc-v embedded gcc/bin/../lib/gcc/riscv-none-embed/8.2.0/../../../../riscv-none-embed/lib/rv32imacxw/ilp32\libg_nano.a(lib_a-nano-freer.o)
                              c:/mounriver/mounriver_studio/toolchain/risc-v embedded gcc/bin/../lib/gcc/riscv-none-embed/8.2.0/../../../../riscv-none-embed/lib/rv32imacxw/ilp32\libg_nano.a(lib_a-wsetup.o) (_free_r)
[...]
Memory Configuration

Name             Origin             Length             Attributes
FLASH            0x0000000000000000 0x0000000000048000 xr
RAM              0x0000000020000000 0x0000000000008000 xrw
*default*        0x0000000000000000 0xffffffffffffffff

Linker script and memory map

LOAD ./User/USB_Device/ch32v30x_usbhs_device.o
LOAD ./User/USB_Device/usb_desc.o
LOAD ./User/UART/UART.o
LOAD ./User/cdc_func.o
LOAD ./User/ch32v30x_it.o
LOAD ./User/main.o
LOAD ./User/system_ch32v30x.o
LOAD ./Startup/startup_ch32v30x_D8C.o
LOAD ./Peripheral/src/ch32v30x_adc.o
LOAD ./Peripheral/src/ch32v30x_bkp.o
LOAD ./Peripheral/src/ch32v30x_can.o
LOAD ./Peripheral/src/ch32v30x_crc.o
LOAD ./Peripheral/src/ch32v30x_dac.o
LOAD ./Peripheral/src/ch32v30x_dbgmcu.o
LOAD ./Peripheral/src/ch32v30x_dma.o
LOAD ./Peripheral/src/ch32v30x_dvp.o
LOAD ./Peripheral/src/ch32v30x_eth.o
LOAD ./Peripheral/src/ch32v30x_exti.o
LOAD ./Peripheral/src/ch32v30x_flash.o
LOAD ./Peripheral/src/ch32v30x_fsmc.o
LOAD ./Peripheral/src/ch32v30x_gpio.o
LOAD ./Peripheral/src/ch32v30x_i2c.o
LOAD ./Peripheral/src/ch32v30x_iwdg.o
LOAD ./Peripheral/src/ch32v30x_misc.o
LOAD ./Peripheral/src/ch32v30x_opa.o
LOAD ./Peripheral/src/ch32v30x_pwr.o
LOAD ./Peripheral/src/ch32v30x_rcc.o
LOAD ./Peripheral/src/ch32v30x_rng.o
LOAD ./Peripheral/src/ch32v30x_rtc.o
LOAD ./Peripheral/src/ch32v30x_sdio.o
LOAD ./Peripheral/src/ch32v30x_spi.o
LOAD ./Peripheral/src/ch32v30x_tim.o
LOAD ./Peripheral/src/ch32v30x_usart.o
LOAD ./Peripheral/src/ch32v30x_wwdg.o
LOAD ./Debug/debug.o
LOAD ./Core/core_riscv.o
LOAD c:/mounriver/mounriver_studio/toolchain/risc-v embedded gcc/bin/../lib/gcc/riscv-none-embed/8.2.0/rv32imacxw/ilp32\libgcc.a
LOAD c:/mounriver/mounriver_studio/toolchain/risc-v embedded gcc/bin/../lib/gcc/riscv-none-embed/8.2.0/../../../../riscv-none-embed/lib/rv32imacxw/ilp32\libg_nano.a
LOAD c:/mounriver/mounriver_studio/toolchain/risc-v embedded gcc/bin/../lib/gcc/riscv-none-embed/8.2.0/../../../../riscv-none-embed/lib/rv32imacxw/ilp32\libc_nano.a
LOAD c:/mounriver/mounriver_studio/toolchain/risc-v embedded gcc/bin/../lib/gcc/riscv-none-embed/8.2.0/rv32imacxw/ilp32\libgcc.a
START GROUP
LOAD c:/mounriver/mounriver_studio/toolchain/risc-v embedded gcc/bin/../lib/gcc/riscv-none-embed/8.2.0/rv32imacxw/ilp32\libgcc.a
LOAD c:/mounriver/mounriver_studio/toolchain/risc-v embedded gcc/bin/../lib/gcc/riscv-none-embed/8.2.0/../../../../riscv-none-embed/lib/rv32imacxw/ilp32\libc_nano.a
LOAD c:/mounriver/mounriver_studio/toolchain/risc-v embedded gcc/bin/../lib/gcc/riscv-none-embed/8.2.0/../../../../riscv-none-embed/lib/rv32imacxw/ilp32\libnosys.a
END GROUP
START GROUP
LOAD c:/mounriver/mounriver_studio/toolchain/risc-v embedded gcc/bin/../lib/gcc/riscv-none-embed/8.2.0/rv32imacxw/ilp32\libgcc.a
LOAD c:/mounriver/mounriver_studio/toolchain/risc-v embedded gcc/bin/../lib/gcc/riscv-none-embed/8.2.0/../../../../riscv-none-embed/lib/rv32imacxw/ilp32\libc_nano.a
LOAD c:/mounriver/mounriver_studio/toolchain/risc-v embedded gcc/bin/../lib/gcc/riscv-none-embed/8.2.0/../../../../riscv-none-embed/lib/rv32imacxw/ilp32\libnosys.a
END GROUP
                0x0000000000000800                __stack_size = 0x800
                [!provide]                        PROVIDE (_stack_size = __stack_size)

.init           0x0000000000000000       0x38
                0x0000000000000000                _sinit = .
                0x0000000000000000                . = ALIGN (0x4)
 *(SORT_NONE(.init))
 .init          0x0000000000000000       0x38 ./Startup/startup_ch32v30x_D8C.o
                0x0000000000000000                _start
                0x0000000000000038                . = ALIGN (0x4)
                0x0000000000000038                _einit = .

.vector         0x0000000000000038      0x1c8
 *(.vector)
 .vector        0x0000000000000038      0x1a0 ./Startup/startup_ch32v30x_D8C.o
                0x0000000000000200                . = ALIGN (0x40)
 *fill*         0x00000000000001d8       0x28 

.text           0x0000000000000200     0x49b0
                0x0000000000000200                . = ALIGN (0x4)
 *(.text)
 .text          0x0000000000000200       0xa8 c:/mounriver/mounriver_studio/toolchain/risc-v embedded gcc/bin/../lib/gcc/riscv-none-embed/8.2.0/../../../../riscv-none-embed/lib/rv32imacxw/ilp32\libg_nano.a(lib_a-memset.o)
                0x0000000000000200                memset
 *(.text.*)
 .text.NVIC_EnableIRQ
                0x00000000000002a8       0x32 ./User/USB_Device/ch32v30x_usbhs_device.o
 .text.NVIC_DisableIRQ
                0x00000000000002da       0x32 ./User/USB_Device/ch32v30x_usbhs_device.o
 .text.USBHS_RCC_Init
                0x000000000000030c       0x3c ./User/USB_Device/ch32v30x_usbhs_device.o
                0x000000000000030c                USBHS_RCC_Init
 .text.USBHS_Device_Endp_Init
                0x0000000000000348      0x128 ./User/USB_Device/ch32v30x_usbhs_device.o
                0x0000000000000348                USBHS_Device_Endp_Init
 .text.USBHS_Device_Init
                0x0000000000000470       0xc2 ./User/USB_Device/ch32v30x_usbhs_device.o
                0x0000000000000470                USBHS_Device_Init
 .text.USBHS_IRQHandler
                0x0000000000000532      0xe2a ./User/USB_Device/ch32v30x_usbhs_device.o
                0x0000000000000532                USBHS_IRQHandler
 .text.NVIC_EnableIRQ
                0x000000000000135c       0x32 ./User/UART/UART.o
 .text.RCC_Configuration
                0x000000000000138e       0x36 ./User/UART/UART.o
                0x000000000000138e                RCC_Configuration
 .text.TIM2_Init
                0x00000000000013c4       0x8c ./User/UART/UART.o
                0x00000000000013c4                TIM2_Init
 .text.UART2_CfgInit
                0x0000000000001450      0x1a0 ./User/UART/UART.o
                0x0000000000001450                UART2_CfgInit
 .text.UART2_ParaInit
                0x00000000000015f0      0x108 ./User/UART/UART.o
                0x00000000000015f0                UART2_ParaInit
 .text.UART2_DMAInit
                0x00000000000016f8      0x136 ./User/UART/UART.o
                0x00000000000016f8                UART2_DMAInit
 .text.UART2_Init
                0x000000000000182e       0xa0 ./User/UART/UART.o
                0x000000000000182e                UART2_Init
 .text.UART2_USB_Init
                0x00000000000018ce       0xd2 ./User/UART/UART.o
                0x00000000000018ce                UART2_USB_Init
 .text.NVIC_EnableIRQ
                0x00000000000019a0       0x32 ./User/cdc_func.o
 .text.NVIC_DisableIRQ
                0x00000000000019d2       0x32 ./User/cdc_func.o
 .text.usb_send
                0x0000000000001a04       0x9c ./User/cdc_func.o
                0x0000000000001a04                usb_send
 .text.NMI_Handler
                0x0000000000001aa0       0x10 ./User/ch32v30x_it.o
                0x0000000000001aa0                NMI_Handler
 .text.TIM2_IRQHandler
                0x0000000000001ab0       0xaa ./User/ch32v30x_it.o
                0x0000000000001ab0                TIM2_IRQHandler
 .text.HardFault_Handler
                0x0000000000001b5a       0x12 ./User/ch32v30x_it.o
                0x0000000000001b5a                HardFault_Handler
 .text.main     0x0000000000001b6c       0x9e ./User/main.o
                0x0000000000001b6c                main
 .text.SystemInit
                0x0000000000001c0a       0x98 ./User/system_ch32v30x.o
                0x0000000000001c0a                SystemInit
 .text.SystemCoreClockUpdate
                0x0000000000001ca2      0x1ce ./User/system_ch32v30x.o
                0x0000000000001ca2                SystemCoreClockUpdate
 .text.SetSysClock
                0x0000000000001e70       0x14 ./User/system_ch32v30x.o
 .text.SetSysClockTo96_HSE
                0x0000000000001e84      0x114 ./User/system_ch32v30x.o
 .text.vector_handler
                0x0000000000001f98       0xbe ./Startup/startup_ch32v30x_D8C.o
                0x0000000000001f9c                Ecall_M_Mode_Handler
                0x0000000000001f9e                Ecall_U_Mode_Handler
                0x0000000000001fa0                Break_Point_Handler
                0x0000000000001fa2                SysTick_Handler
                0x0000000000001fa4                SW_Handler
                0x0000000000001fa6                WWDG_IRQHandler
                0x0000000000001fa8                PVD_IRQHandler
                0x0000000000001faa                TAMPER_IRQHandler
                0x0000000000001fac                RTC_IRQHandler
                0x0000000000001fae                FLASH_IRQHandler
                0x0000000000001fb0                RCC_IRQHandler
                0x0000000000001fb2                EXTI0_IRQHandler
                0x0000000000001fb4                EXTI1_IRQHandler
                0x0000000000001fb6                EXTI2_IRQHandler
                0x0000000000001fb8                EXTI3_IRQHandler
                0x0000000000001fba                EXTI4_IRQHandler
                0x0000000000001fbc                DMA1_Channel1_IRQHandler
                0x0000000000001fbe                DMA1_Channel2_IRQHandler
                0x0000000000001fc0                DMA1_Channel3_IRQHandler
                0x0000000000001fc2                DMA1_Channel4_IRQHandler
                0x0000000000001fc4                DMA1_Channel5_IRQHandler
                0x0000000000001fc6                DMA1_Channel6_IRQHandler
                0x0000000000001fc8                DMA1_Channel7_IRQHandler
                0x0000000000001fca                ADC1_2_IRQHandler
                0x0000000000001fcc                USB_HP_CAN1_TX_IRQHandler
                0x0000000000001fce                USB_LP_CAN1_RX0_IRQHandler
                0x0000000000001fd0                CAN1_RX1_IRQHandler
                0x0000000000001fd2                CAN1_SCE_IRQHandler
                0x0000000000001fd4                EXTI9_5_IRQHandler
                0x0000000000001fd6                TIM1_BRK_IRQHandler
                0x0000000000001fd8                TIM1_UP_IRQHandler
                0x0000000000001fda                TIM1_TRG_COM_IRQHandler
                0x0000000000001fdc                TIM1_CC_IRQHandler
                0x0000000000001fe0                TIM3_IRQHandler
                0x0000000000001fe2                TIM4_IRQHandler
                0x0000000000001fe4                I2C1_EV_IRQHandler
                0x0000000000001fe6                I2C1_ER_IRQHandler
                0x0000000000001fe8                I2C2_EV_IRQHandler
                0x0000000000001fea                I2C2_ER_IRQHandler
                0x0000000000001fec                SPI1_IRQHandler
                0x0000000000001fee                SPI2_IRQHandler
                0x0000000000001ff0                USART1_IRQHandler
                0x0000000000001ff2                USART2_IRQHandler
                0x0000000000001ff4                USART3_IRQHandler
                0x0000000000001ff6                EXTI15_10_IRQHandler
                0x0000000000001ff8                RTCAlarm_IRQHandler
                0x0000000000001ffa                USBWakeUp_IRQHandler
                0x0000000000001ffc                TIM8_BRK_IRQHandler
                0x0000000000001ffe                TIM8_UP_IRQHandler
                0x0000000000002000                TIM8_TRG_COM_IRQHandler
                0x0000000000002002                TIM8_CC_IRQHandler
                0x0000000000002004                RNG_IRQHandler
                0x0000000000002006                FSMC_IRQHandler
                0x0000000000002008                SDIO_IRQHandler
                0x000000000000200a                TIM5_IRQHandler
                0x000000000000200c                SPI3_IRQHandler
                0x000000000000200e                UART4_IRQHandler
                0x0000000000002010                UART5_IRQHandler
                0x0000000000002012                TIM6_IRQHandler
                0x0000000000002014                TIM7_IRQHandler
                0x0000000000002016                DMA2_Channel1_IRQHandler
                0x0000000000002018                DMA2_Channel2_IRQHandler
                0x000000000000201a                DMA2_Channel3_IRQHandler
                0x000000000000201c                DMA2_Channel4_IRQHandler
                0x000000000000201e                DMA2_Channel5_IRQHandler
                0x0000000000002020                ETH_IRQHandler
                0x0000000000002022                ETH_WKUP_IRQHandler
                0x0000000000002024                CAN2_TX_IRQHandler
                0x0000000000002026                CAN2_RX0_IRQHandler
                0x0000000000002028                CAN2_RX1_IRQHandler
                0x000000000000202a                CAN2_SCE_IRQHandler
                0x000000000000202c                OTG_FS_IRQHandler
                0x000000000000202e                USBHSWakeup_IRQHandler
                0x0000000000002032                DVP_IRQHandler
                0x0000000000002034                UART6_IRQHandler
                0x0000000000002036                UART7_IRQHandler
                0x0000000000002038                UART8_IRQHandler
                0x000000000000203a                TIM9_BRK_IRQHandler
                0x000000000000203c                TIM9_UP_IRQHandler
                0x000000000000203e                TIM9_TRG_COM_IRQHandler
                0x0000000000002040                TIM9_CC_IRQHandler
                0x0000000000002042                TIM10_BRK_IRQHandler
                0x0000000000002044                TIM10_UP_IRQHandler
                0x0000000000002046                TIM10_TRG_COM_IRQHandler
                0x0000000000002048                TIM10_CC_IRQHandler
                0x000000000000204a                DMA2_Channel6_IRQHandler
                0x000000000000204c                DMA2_Channel7_IRQHandler
                0x000000000000204e                DMA2_Channel8_IRQHandler
                0x0000000000002050                DMA2_Channel9_IRQHandler
                0x0000000000002052                DMA2_Channel10_IRQHandler
                0x0000000000002054                DMA2_Channel11_IRQHandler
 .text.handle_reset
                0x0000000000002056       0x8e ./Startup/startup_ch32v30x_D8C.o
                0x0000000000002056                handle_reset
 .text.DBGMCU_GetCHIPID
                0x00000000000020e4       0x18 ./Peripheral/src/ch32v30x_dbgmcu.o
                0x00000000000020e4                DBGMCU_GetCHIPID
 .text.DMA_DeInit
                0x00000000000020fc      0x312 ./Peripheral/src/ch32v30x_dma.o
                0x00000000000020fc                DMA_DeInit
 .text.DMA_Init
                0x000000000000240e       0xa8 ./Peripheral/src/ch32v30x_dma.o
                0x000000000000240e                DMA_Init
 .text.DMA_Cmd  0x00000000000024b6       0x40 ./Peripheral/src/ch32v30x_dma.o
                0x00000000000024b6                DMA_Cmd
 .text.GPIO_Init
                0x00000000000024f6      0x222 ./Peripheral/src/ch32v30x_gpio.o
                0x00000000000024f6                GPIO_Init
 .text.GPIO_SetBits
                0x0000000000002718       0x22 ./Peripheral/src/ch32v30x_gpio.o
                0x0000000000002718                GPIO_SetBits
 .text.RCC_GetClocksFreq
                0x000000000000273a      0x38e ./Peripheral/src/ch32v30x_rcc.o
                0x000000000000273a                RCC_GetClocksFreq
 .text.RCC_AHBPeriphClockCmd
                0x0000000000002ac8       0x46 ./Peripheral/src/ch32v30x_rcc.o
                0x0000000000002ac8                RCC_AHBPeriphClockCmd
 .text.RCC_APB2PeriphClockCmd
                0x0000000000002b0e       0x46 ./Peripheral/src/ch32v30x_rcc.o
                0x0000000000002b0e                RCC_APB2PeriphClockCmd
 .text.RCC_APB1PeriphClockCmd
                0x0000000000002b54       0x46 ./Peripheral/src/ch32v30x_rcc.o
                0x0000000000002b54                RCC_APB1PeriphClockCmd
 .text.RCC_APB2PeriphResetCmd
                0x0000000000002b9a       0x46 ./Peripheral/src/ch32v30x_rcc.o
                0x0000000000002b9a                RCC_APB2PeriphResetCmd
 .text.RCC_APB1PeriphResetCmd
                0x0000000000002be0       0x46 ./Peripheral/src/ch32v30x_rcc.o
                0x0000000000002be0                RCC_APB1PeriphResetCmd
 .text.RCC_USBHSConfig
                0x0000000000002c26       0x3c ./Peripheral/src/ch32v30x_rcc.o
                0x0000000000002c26                RCC_USBHSConfig
 .text.RCC_USBHSPLLCLKConfig
                0x0000000000002c62       0x3c ./Peripheral/src/ch32v30x_rcc.o
                0x0000000000002c62                RCC_USBHSPLLCLKConfig
 .text.RCC_USBHSPLLCKREFCLKConfig
                0x0000000000002c9e       0x3c ./Peripheral/src/ch32v30x_rcc.o
                0x0000000000002c9e                RCC_USBHSPLLCKREFCLKConfig
 .text.RCC_USBHSPHYPLLALIVEcmd
                0x0000000000002cda       0x40 ./Peripheral/src/ch32v30x_rcc.o
                0x0000000000002cda                RCC_USBHSPHYPLLALIVEcmd
 .text.RCC_USBCLK48MConfig
                0x0000000000002d1a       0x3e ./Peripheral/src/ch32v30x_rcc.o
                0x0000000000002d1a                RCC_USBCLK48MConfig
 .text.TIM_DeInit
                0x0000000000002d58      0x148 ./Peripheral/src/ch32v30x_tim.o
                0x0000000000002d58                TIM_DeInit
 .text.TIM_TimeBaseInit
                0x0000000000002ea0      0x168 ./Peripheral/src/ch32v30x_tim.o
                0x0000000000002ea0                TIM_TimeBaseInit
 .text.TIM_Cmd  0x0000000000003008       0x50 ./Peripheral/src/ch32v30x_tim.o
                0x0000000000003008                TIM_Cmd
 .text.TIM_ITConfig
                0x0000000000003058       0x68 ./Peripheral/src/ch32v30x_tim.o
                0x0000000000003058                TIM_ITConfig
 .text.TIM_ClearFlag
                0x00000000000030c0       0x2c ./Peripheral/src/ch32v30x_tim.o
                0x00000000000030c0                TIM_ClearFlag
 .text.USART_Init
                0x00000000000030ec      0x218 ./Peripheral/src/ch32v30x_usart.o
                0x00000000000030ec                USART_Init
 .text.USART_Cmd
                0x0000000000003304       0x58 ./Peripheral/src/ch32v30x_usart.o
                0x0000000000003304                USART_Cmd
 .text.USART_DMACmd
                0x000000000000335c       0x68 ./Peripheral/src/ch32v30x_usart.o
                0x000000000000335c                USART_DMACmd
 .text.USART_SendData
                0x00000000000033c4       0x2c ./Peripheral/src/ch32v30x_usart.o
                0x00000000000033c4                USART_SendData
 .text.USART_GetFlagStatus
                0x00000000000033f0       0x44 ./Peripheral/src/ch32v30x_usart.o
                0x00000000000033f0                USART_GetFlagStatus
 .text.USART_ClearFlag
                0x0000000000003434       0x2c ./Peripheral/src/ch32v30x_usart.o
                0x0000000000003434                USART_ClearFlag
 .text.Delay_Init
                0x0000000000003460       0x46 ./Debug/debug.o
                0x0000000000003460                Delay_Init
 .text.Delay_Us
                0x00000000000034a6       0x84 ./Debug/debug.o
                0x00000000000034a6                Delay_Us
 .text.USART_Printf_Init
                0x000000000000352a       0x84 ./Debug/debug.o
                0x000000000000352a                USART_Printf_Init
 .text._write   0x00000000000035ae       0x72 ./Debug/debug.o
                0x00000000000035ae                _write
 .text._sbrk    0x0000000000003620       0x5e ./Debug/debug.o
                0x0000000000003620                _sbrk
 .text.memcpy   0x000000000000367e       0xb2 c:/mounriver/mounriver_studio/toolchain/risc-v embedded gcc/bin/../lib/gcc/riscv-none-embed/8.2.0/../../../../riscv-none-embed/lib/rv32imacxw/ilp32\libg_nano.a(lib_a-memcpy.o)
                0x000000000000367e                memcpy
 .text.printf   0x0000000000003730       0x40 c:/mounriver/mounriver_studio/toolchain/risc-v embedded gcc/bin/../lib/gcc/riscv-none-embed/8.2.0/../../../../riscv-none-embed/lib/rv32imacxw/ilp32\libg_nano.a(lib_a-printf.o)
                0x0000000000003730                iprintf
                0x0000000000003730                printf
 .text._puts_r  0x0000000000003770       0xd4 c:/mounriver/mounriver_studio/toolchain/risc-v embedded gcc/bin/../lib/gcc/riscv-none-embed/8.2.0/../../../../riscv-none-embed/lib/rv32imacxw/ilp32\libg_nano.a(lib_a-puts.o)
                0x0000000000003770                _puts_r
 .text.puts     0x0000000000003844        0xa c:/mounriver/mounriver_studio/toolchain/risc-v embedded gcc/bin/../lib/gcc/riscv-none-embed/8.2.0/../../../../riscv-none-embed/lib/rv32imacxw/ilp32\libg_nano.a(lib_a-puts.o)
                0x0000000000003844                puts
 .text.strcpy   0x000000000000384e       0x10 c:/mounriver/mounriver_studio/toolchain/risc-v embedded gcc/bin/../lib/gcc/riscv-none-embed/8.2.0/../../../../riscv-none-embed/lib/rv32imacxw/ilp32\libg_nano.a(lib_a-strcpy.o)
                0x000000000000384e                strcpy
 .text.strlen   0x000000000000385e       0x12 c:/mounriver/mounriver_studio/toolchain/risc-v embedded gcc/bin/../lib/gcc/riscv-none-embed/8.2.0/../../../../riscv-none-embed/lib/rv32imacxw/ilp32\libg_nano.a(lib_a-strlen.o)
                0x000000000000385e                strlen
 .text.__swbuf_r
                0x0000000000003870       0xbc c:/mounriver/mounriver_studio/toolchain/risc-v embedded gcc/bin/../lib/gcc/riscv-none-embed/8.2.0/../../../../riscv-none-embed/lib/rv32imacxw/ilp32\libg_nano.a(lib_a-wbuf.o)
                0x0000000000003870                __swbuf_r
 .text.__swsetup_r
                0x000000000000392c       0xfc c:/mounriver/mounriver_studio/toolchain/risc-v embedded gcc/bin/../lib/gcc/riscv-none-embed/8.2.0/../../../../riscv-none-embed/lib/rv32imacxw/ilp32\libg_nano.a(lib_a-wsetup.o)
                0x000000000000392c                __swsetup_r
 .text.__sflush_r
                0x0000000000003a28      0x130 c:/mounriver/mounriver_studio/toolchain/risc-v embedded gcc/bin/../lib/gcc/riscv-none-embed/8.2.0/../../../../riscv-none-embed/lib/rv32imacxw/ilp32\libg_nano.a(lib_a-fflush.o)
                0x0000000000003a28                __sflush_r
 .text._fflush_r
                0x0000000000003b58       0x64 c:/mounriver/mounriver_studio/toolchain/risc-v embedded gcc/bin/../lib/gcc/riscv-none-embed/8.2.0/../../../../riscv-none-embed/lib/rv32imacxw/ilp32\libg_nano.a(lib_a-fflush.o)
                0x0000000000003b58                _fflush_r
 .text.std      0x0000000000003bbc       0x66 c:/mounriver/mounriver_studio/toolchain/risc-v embedded gcc/bin/../lib/gcc/riscv-none-embed/8.2.0/../../../../riscv-none-embed/lib/rv32imacxw/ilp32\libg_nano.a(lib_a-findfp.o)
 .text._cleanup_r
                0x0000000000003c22        0xa c:/mounriver/mounriver_studio/toolchain/risc-v embedded gcc/bin/../lib/gcc/riscv-none-embed/8.2.0/../../../../riscv-none-embed/lib/rv32imacxw/ilp32\libg_nano.a(lib_a-findfp.o)
                0x0000000000003c22                _cleanup_r
 .text.__sfmoreglue
                0x0000000000003c2c       0x46 c:/mounriver/mounriver_studio/toolchain/risc-v embedded gcc/bin/../lib/gcc/riscv-none-embed/8.2.0/../../../../riscv-none-embed/lib/rv32imacxw/ilp32\libg_nano.a(lib_a-findfp.o)
                0x0000000000003c2c                __sfmoreglue
 .text.__sinit  0x0000000000003c72       0x66 c:/mounriver/mounriver_studio/toolchain/risc-v embedded gcc/bin/../lib/gcc/riscv-none-embed/8.2.0/../../../../riscv-none-embed/lib/rv32imacxw/ilp32\libg_nano.a(lib_a-findfp.o)
                0x0000000000003c72                __sinit
 .text.__sfp    0x0000000000003cd8       0x9c c:/mounriver/mounriver_studio/toolchain/risc-v embedded gcc/bin/../lib/gcc/riscv-none-embed/8.2.0/../../../../riscv-none-embed/lib/rv32imacxw/ilp32\libg_nano.a(lib_a-findfp.o)
                0x0000000000003cd8                __sfp
 .text._fwalk_reent
                0x0000000000003d74       0x6a c:/mounriver/mounriver_studio/toolchain/risc-v embedded gcc/bin/../lib/gcc/riscv-none-embed/8.2.0/../../../../riscv-none-embed/lib/rv32imacxw/ilp32\libg_nano.a(lib_a-fwalk.o)
                0x0000000000003d74                _fwalk_reent
 .text.__swhatbuf_r
                0x0000000000003dde       0x58 c:/mounriver/mounriver_studio/toolchain/risc-v embedded gcc/bin/../lib/gcc/riscv-none-embed/8.2.0/../../../../riscv-none-embed/lib/rv32imacxw/ilp32\libg_nano.a(lib_a-makebuf.o)
                0x0000000000003dde                __swhatbuf_r
 .text.__smakebuf_r
                0x0000000000003e36       0x90 c:/mounriver/mounriver_studio/toolchain/risc-v embedded gcc/bin/../lib/gcc/riscv-none-embed/8.2.0/../../../../riscv-none-embed/lib/rv32imacxw/ilp32\libg_nano.a(lib_a-makebuf.o)
                0x0000000000003e36                __smakebuf_r
 .text._free_r  0x0000000000003ec6       0xa8 c:/mounriver/mounriver_studio/toolchain/risc-v embedded gcc/bin/../lib/gcc/riscv-none-embed/8.2.0/../../../../riscv-none-embed/lib/rv32imacxw/ilp32\libg_nano.a(lib_a-nano-freer.o)
                0x0000000000003ec6                _free_r
 .text._malloc_r
                0x0000000000003f6e       0xd4 c:/mounriver/mounriver_studio/toolchain/risc-v embedded gcc/bin/../lib/gcc/riscv-none-embed/8.2.0/../../../../riscv-none-embed/lib/rv32imacxw/ilp32\libg_nano.a(lib_a-nano-mallocr.o)
                0x0000000000003f6e                _malloc_r
 .text.__sfputc_r
                0x0000000000004042       0x28 c:/mounriver/mounriver_studio/toolchain/risc-v embedded gcc/bin/../lib/gcc/riscv-none-embed/8.2.0/../../../../riscv-none-embed/lib/rv32imacxw/ilp32\libg_nano.a(lib_a-nano-vfprintf.o)
 .text.__sfputs_r
                0x000000000000406a       0x40 c:/mounriver/mounriver_studio/toolchain/risc-v embedded gcc/bin/../lib/gcc/riscv-none-embed/8.2.0/../../../../riscv-none-embed/lib/rv32imacxw/ilp32\libg_nano.a(lib_a-nano-vfprintf.o)
                0x000000000000406a                __sfputs_r
 .text._vfprintf_r
                0x00000000000040aa      0x286 c:/mounriver/mounriver_studio/toolchain/risc-v embedded gcc/bin/../lib/gcc/riscv-none-embed/8.2.0/../../../../riscv-none-embed/lib/rv32imacxw/ilp32\libg_nano.a(lib_a-nano-vfprintf.o)
                0x00000000000040aa                _vfprintf_r
                0x00000000000040aa                _vfiprintf_r
 .text._printf_common
                0x0000000000004330      0x10c c:/mounriver/mounriver_studio/toolchain/risc-v embedded gcc/bin/../lib/gcc/riscv-none-embed/8.2.0/../../../../riscv-none-embed/lib/rv32imacxw/ilp32\libg_nano.a(lib_a-nano-vfprintf_i.o)
                0x0000000000004330                _printf_common
 .text._printf_i
                0x000000000000443c      0x2a2 c:/mounriver/mounriver_studio/toolchain/risc-v embedded gcc/bin/../lib/gcc/riscv-none-embed/8.2.0/../../../../riscv-none-embed/lib/rv32imacxw/ilp32\libg_nano.a(lib_a-nano-vfprintf_i.o)
                0x000000000000443c                _printf_i
 .text._sbrk_r  0x00000000000046de       0x32 c:/mounriver/mounriver_studio/toolchain/risc-v embedded gcc/bin/../lib/gcc/riscv-none-embed/8.2.0/../../../../riscv-none-embed/lib/rv32imacxw/ilp32\libg_nano.a(lib_a-sbrkr.o)
                0x00000000000046de                _sbrk_r
 .text.__sread  0x0000000000004710       0x2c c:/mounriver/mounriver_studio/toolchain/risc-v embedded gcc/bin/../lib/gcc/riscv-none-embed/8.2.0/../../../../riscv-none-embed/lib/rv32imacxw/ilp32\libg_nano.a(lib_a-stdio.o)
                0x0000000000004710                __sread
 .text.__swrite
                0x000000000000473c       0x48 c:/mounriver/mounriver_studio/toolchain/risc-v embedded gcc/bin/../lib/gcc/riscv-none-embed/8.2.0/../../../../riscv-none-embed/lib/rv32imacxw/ilp32\libg_nano.a(lib_a-stdio.o)
                0x000000000000473c                __swrite
 .text.__sseek  0x0000000000004784       0x30 c:/mounriver/mounriver_studio/toolchain/risc-v embedded gcc/bin/../lib/gcc/riscv-none-embed/8.2.0/../../../../riscv-none-embed/lib/rv32imacxw/ilp32\libg_nano.a(lib_a-stdio.o)
                0x0000000000004784                __sseek
 .text.__sclose
                0x00000000000047b4        0x6 c:/mounriver/mounriver_studio/toolchain/risc-v embedded gcc/bin/../lib/gcc/riscv-none-embed/8.2.0/../../../../riscv-none-embed/lib/rv32imacxw/ilp32\libg_nano.a(lib_a-stdio.o)
                0x00000000000047b4                __sclose
 .text._write_r
                0x00000000000047ba       0x36 c:/mounriver/mounriver_studio/toolchain/risc-v embedded gcc/bin/../lib/gcc/riscv-none-embed/8.2.0/../../../../riscv-none-embed/lib/rv32imacxw/ilp32\libg_nano.a(lib_a-writer.o)
                0x00000000000047ba                _write_r
 .text._close_r
                0x00000000000047f0       0x30 c:/mounriver/mounriver_studio/toolchain/risc-v embedded gcc/bin/../lib/gcc/riscv-none-embed/8.2.0/../../../../riscv-none-embed/lib/rv32imacxw/ilp32\libg_nano.a(lib_a-closer.o)
                0x00000000000047f0                _close_r
 .text._fstat_r
                0x0000000000004820       0x32 c:/mounriver/mounriver_studio/toolchain/risc-v embedded gcc/bin/../lib/gcc/riscv-none-embed/8.2.0/../../../../riscv-none-embed/lib/rv32imacxw/ilp32\libg_nano.a(lib_a-fstatr.o)
                0x0000000000004820                _fstat_r
 .text._isatty_r
                0x0000000000004852       0x30 c:/mounriver/mounriver_studio/toolchain/risc-v embedded gcc/bin/../lib/gcc/riscv-none-embed/8.2.0/../../../../riscv-none-embed/lib/rv32imacxw/ilp32\libg_nano.a(lib_a-isattyr.o)
                0x0000000000004852                _isatty_r
 .text._lseek_r
                0x0000000000004882       0x34 c:/mounriver/mounriver_studio/toolchain/risc-v embedded gcc/bin/../lib/gcc/riscv-none-embed/8.2.0/../../../../riscv-none-embed/lib/rv32imacxw/ilp32\libg_nano.a(lib_a-lseekr.o)
                0x0000000000004882                _lseek_r
 .text.memchr   0x00000000000048b6       0x18 c:/mounriver/mounriver_studio/toolchain/risc-v embedded gcc/bin/../lib/gcc/riscv-none-embed/8.2.0/../../../../riscv-none-embed/lib/rv32imacxw/ilp32\libg_nano.a(lib_a-memchr.o)
                0x00000000000048b6                memchr
 .text.__malloc_lock
                0x00000000000048ce        0x2 c:/mounriver/mounriver_studio/toolchain/risc-v embedded gcc/bin/../lib/gcc/riscv-none-embed/8.2.0/../../../../riscv-none-embed/lib/rv32imacxw/ilp32\libg_nano.a(lib_a-mlock.o)
                0x00000000000048ce                __malloc_lock
 .text.__malloc_unlock
                0x00000000000048d0        0x2 c:/mounriver/mounriver_studio/toolchain/risc-v embedded gcc/bin/../lib/gcc/riscv-none-embed/8.2.0/../../../../riscv-none-embed/lib/rv32imacxw/ilp32\libg_nano.a(lib_a-mlock.o)
                0x00000000000048d0                __malloc_unlock
 .text._read_r  0x00000000000048d2       0x34 c:/mounriver/mounriver_studio/toolchain/risc-v embedded gcc/bin/../lib/gcc/riscv-none-embed/8.2.0/../../../../riscv-none-embed/lib/rv32imacxw/ilp32\libg_nano.a(lib_a-readr.o)
                0x00000000000048d2                _read_r
 .text._close   0x0000000000004906       0x10 c:/mounriver/mounriver_studio/toolchain/risc-v embedded gcc/bin/../lib/gcc/riscv-none-embed/8.2.0/../../../../riscv-none-embed/lib/rv32imacxw/ilp32\libnosys.a(close.o)
                0x0000000000004906                _close
 .text._fstat   0x0000000000004916       0x10 c:/mounriver/mounriver_studio/toolchain/risc-v embedded gcc/bin/../lib/gcc/riscv-none-embed/8.2.0/../../../../riscv-none-embed/lib/rv32imacxw/ilp32\libnosys.a(fstat.o)
                0x0000000000004916                _fstat
 .text._isatty  0x0000000000004926       0x10 c:/mounriver/mounriver_studio/toolchain/risc-v embedded gcc/bin/../lib/gcc/riscv-none-embed/8.2.0/../../../../riscv-none-embed/lib/rv32imacxw/ilp32\libnosys.a(isatty.o)
                0x0000000000004926                _isatty
 .text._lseek   0x0000000000004936       0x10 c:/mounriver/mounriver_studio/toolchain/risc-v embedded gcc/bin/../lib/gcc/riscv-none-embed/8.2.0/../../../../riscv-none-embed/lib/rv32imacxw/ilp32\libnosys.a(lseek.o)
                0x0000000000004936                _lseek
 .text._read    0x0000000000004946       0x10 c:/mounriver/mounriver_studio/toolchain/risc-v embedded gcc/bin/../lib/gcc/riscv-none-embed/8.2.0/../../../../riscv-none-embed/lib/rv32imacxw/ilp32\libnosys.a(read.o)
                0x0000000000004946                _read
 *(.rodata)
 *fill*         0x0000000000004956        0x2 
 .rodata        0x0000000000004958        0xb ./User/ch32v30x_it.o
 *fill*         0x0000000000004963        0x1 
 .rodata        0x0000000000004964       0x55 ./User/main.o
 *(.rodata*)
 *fill*         0x00000000000049b9        0x3 
 .rodata.USBHS_IRQHandler
                0x00000000000049bc       0x70 ./User/USB_Device/ch32v30x_usbhs_device.o
 .rodata.MyDevDescr
                0x0000000000004a2c       0x12 ./User/USB_Device/usb_desc.o
                0x0000000000004a2c                MyDevDescr
 *fill*         0x0000000000004a3e        0x2 
 .rodata.MyCfgDescr_FS
                0x0000000000004a40       0x43 ./User/USB_Device/usb_desc.o
                0x0000000000004a40                MyCfgDescr_FS
 *fill*         0x0000000000004a83        0x1 
 .rodata.MyCfgDescr_HS
                0x0000000000004a84       0x43 ./User/USB_Device/usb_desc.o
                0x0000000000004a84                MyCfgDescr_HS
 *fill*         0x0000000000004ac7        0x1 
 .rodata.MyManuInfo
                0x0000000000004ac8        0xe ./User/USB_Device/usb_desc.o
                0x0000000000004ac8                MyManuInfo
 *fill*         0x0000000000004ad6        0x2 
 .rodata.MyProdInfo
                0x0000000000004ad8       0x16 ./User/USB_Device/usb_desc.o
                0x0000000000004ad8                MyProdInfo
 *fill*         0x0000000000004aee        0x2 
 .rodata.MySerNumInfo
                0x0000000000004af0       0x16 ./User/USB_Device/usb_desc.o
                0x0000000000004af0                MySerNumInfo
 *fill*         0x0000000000004b06        0x2 
 .rodata.MyQuaDesc
                0x0000000000004b08        0xa ./User/USB_Device/usb_desc.o
                0x0000000000004b08                MyQuaDesc
 *fill*         0x0000000000004b12        0x2 
 .rodata.__sf_fake_stderr
                0x0000000000004b14       0x20 c:/mounriver/mounriver_studio/toolchain/risc-v embedded gcc/bin/../lib/gcc/riscv-none-embed/8.2.0/../../../../riscv-none-embed/lib/rv32imacxw/ilp32\libg_nano.a(lib_a-findfp.o)
                0x0000000000004b14                __sf_fake_stderr
 .rodata.__sf_fake_stdin
                0x0000000000004b34       0x20 c:/mounriver/mounriver_studio/toolchain/risc-v embedded gcc/bin/../lib/gcc/riscv-none-embed/8.2.0/../../../../riscv-none-embed/lib/rv32imacxw/ilp32\libg_nano.a(lib_a-findfp.o)
                0x0000000000004b34                __sf_fake_stdin
 .rodata.__sf_fake_stdout
                0x0000000000004b54       0x20 c:/mounriver/mounriver_studio/toolchain/risc-v embedded gcc/bin/../lib/gcc/riscv-none-embed/8.2.0/../../../../riscv-none-embed/lib/rv32imacxw/ilp32\libg_nano.a(lib_a-findfp.o)
                0x0000000000004b54                __sf_fake_stdout
 .rodata._vfprintf_r.str1.4
                0x0000000000004b74       0x13 c:/mounriver/mounriver_studio/toolchain/risc-v embedded gcc/bin/../lib/gcc/riscv-none-embed/8.2.0/../../../../riscv-none-embed/lib/rv32imacxw/ilp32\libg_nano.a(lib_a-nano-vfprintf.o)
 *fill*         0x0000000000004b87        0x1 
 .rodata._printf_i.str1.4
                0x0000000000004b88       0x28 c:/mounriver/mounriver_studio/toolchain/risc-v embedded gcc/bin/../lib/gcc/riscv-none-embed/8.2.0/../../../../riscv-none-embed/lib/rv32imacxw/ilp32\libg_nano.a(lib_a-nano-vfprintf_i.o)
                                         0x25 (size before relaxing)
 *(.gnu.linkonce.t.*)
                0x0000000000004bb0                . = ALIGN (0x4)

.rela.dyn       0x0000000000004bb0        0x0
 .rela.init     0x0000000000004bb0        0x0 ./User/USB_Device/ch32v30x_usbhs_device.o
 .rela.vector   0x0000000000004bb0        0x0 ./User/USB_Device/ch32v30x_usbhs_device.o
 .rela.text.handle_reset
                0x0000000000004bb0        0x0 ./User/USB_Device/ch32v30x_usbhs_device.o
 .rela.sdata.curbrk.5218
                0x0000000000004bb0        0x0 ./User/USB_Device/ch32v30x_usbhs_device.o
 .rela.text._sbrk
                0x0000000000004bb0        0x0 ./User/USB_Device/ch32v30x_usbhs_device.o
 .rela.text._vfprintf_r
                0x0000000000004bb0        0x0 ./User/USB_Device/ch32v30x_usbhs_device.o
 .rela.text._sbrk_r
                0x0000000000004bb0        0x0 ./User/USB_Device/ch32v30x_usbhs_device.o
 .rela.text._write_r
                0x0000000000004bb0        0x0 ./User/USB_Device/ch32v30x_usbhs_device.o
 .rela.text._close_r
                0x0000000000004bb0        0x0 ./User/USB_Device/ch32v30x_usbhs_device.o
 .rela.text._fstat_r
                0x0000000000004bb0        0x0 ./User/USB_Device/ch32v30x_usbhs_device.o
 .rela.text._isatty_r
                0x0000000000004bb0        0x0 ./User/USB_Device/ch32v30x_usbhs_device.o
 .rela.text._lseek_r
                0x0000000000004bb0        0x0 ./User/USB_Device/ch32v30x_usbhs_device.o
 .rela.text._read_r
                0x0000000000004bb0        0x0 ./User/USB_Device/ch32v30x_usbhs_device.o
 .rela.text._close
                0x0000000000004bb0        0x0 ./User/USB_Device/ch32v30x_usbhs_device.o
 .rela.text._fstat
                0x0000000000004bb0        0x0 ./User/USB_Device/ch32v30x_usbhs_device.o
 .rela.text._isatty
                0x0000000000004bb0        0x0 ./User/USB_Device/ch32v30x_usbhs_device.o
 .rela.text._lseek
                0x0000000000004bb0        0x0 ./User/USB_Device/ch32v30x_usbhs_device.o
 .rela.text._read
                0x0000000000004bb0        0x0 ./User/USB_Device/ch32v30x_usbhs_device.o

.fini           0x0000000000004bb0        0x0
 *(SORT_NONE(.fini))
                0x0000000000004bb0                . = ALIGN (0x4)
                [!provide]                        PROVIDE (_etext = .)
                [!provide]                        PROVIDE (_eitcm = .)

.preinit_array  0x0000000000004bb0        0x0
                [!provide]                        PROVIDE (__preinit_array_start = .)
 *(.preinit_array)
                [!provide]                        PROVIDE (__preinit_array_end = .)

.init_array     0x0000000000004bb0        0x0
                [!provide]                        PROVIDE (__init_array_start = .)
 *(SORT_BY_INIT_PRIORITY(.init_array.*) SORT_BY_INIT_PRIORITY(.ctors.*))
 *(.init_array EXCLUDE_FILE(*crtend?.o *crtend.o *crtbegin?.o *crtbegin.o) .ctors)
                [!provide]                        PROVIDE (__init_array_end = .)

.fini_array     0x0000000000004bb0        0x0
                [!provide]                        PROVIDE (__fini_array_start = .)
 *(SORT_BY_INIT_PRIORITY(.fini_array.*) SORT_BY_INIT_PRIORITY(.dtors.*))
 *(.fini_array EXCLUDE_FILE(*crtend?.o *crtend.o *crtbegin?.o *crtbegin.o) .dtors)
                [!provide]                        PROVIDE (__fini_array_end = .)

.ctors
 *crtbegin.o(.ctors)
 *crtbegin?.o(.ctors)
 *(EXCLUDE_FILE(*crtend?.o *crtend.o) .ctors)
 *(SORT_BY_NAME(.ctors.*))
 *(.ctors)

.dtors
 *crtbegin.o(.dtors)
 *crtbegin?.o(.dtors)
 *(EXCLUDE_FILE(*crtend?.o *crtend.o) .dtors)
 *(SORT_BY_NAME(.dtors.*))
 *(.dtors)

.dalign         0x0000000020000000        0x0 load address 0x0000000000004bb0
                0x0000000020000000                . = ALIGN (0x4)
                0x0000000020000000                PROVIDE (_data_vma = .)

.dlalign        0x0000000000004bb0        0x0
                0x0000000000004bb0                . = ALIGN (0x4)
                0x0000000000004bb0                PROVIDE (_data_lma = .)

.data           0x0000000020000000      0x120 load address 0x0000000000004bb0
 *(.gnu.linkonce.r.*)
 *(.data .data.*)
 .data.TAB_USB_FS_OSC_DESC
                0x0000000020000000       0x43 ./User/USB_Device/usb_desc.o
                0x0000000020000000                TAB_USB_FS_OSC_DESC
 *fill*         0x0000000020000043        0x1 
 .data.TAB_USB_HS_OSC_DESC
                0x0000000020000044       0x43 ./User/USB_Device/usb_desc.o
                0x0000000020000044                TAB_USB_HS_OSC_DESC
 *fill*         0x0000000020000087        0x1 
 .data.AHBPrescTable
                0x0000000020000088       0x10 ./User/system_ch32v30x.o
                0x0000000020000088                AHBPrescTable
 .data.APBAHBPrescTable
                0x0000000020000098       0x10 ./Peripheral/src/ch32v30x_rcc.o
 .data.impure_data
                0x00000000200000a8       0x60 c:/mounriver/mounriver_studio/toolchain/risc-v embedded gcc/bin/../lib/gcc/riscv-none-embed/8.2.0/../../../../riscv-none-embed/lib/rv32imacxw/ilp32\libg_nano.a(lib_a-impure.o)
 *(.gnu.linkonce.d.*)
                0x0000000020000108                . = ALIGN (0x8)
                0x0000000020000908                PROVIDE (__global_pointer$ = (. + 0x800))
 *(.sdata .sdata.*)
 .sdata.SystemCoreClock
                0x0000000020000108        0x4 ./User/system_ch32v30x.o
                0x0000000020000108                SystemCoreClock
 .sdata.ADCPrescTable
                0x000000002000010c        0x4 ./Peripheral/src/ch32v30x_rcc.o
 .sdata.curbrk.5218
                0x0000000020000110        0x4 ./Debug/debug.o
 .sdata._impure_ptr
                0x0000000020000114        0x4 c:/mounriver/mounriver_studio/toolchain/risc-v embedded gcc/bin/../lib/gcc/riscv-none-embed/8.2.0/../../../../riscv-none-embed/lib/rv32imacxw/ilp32\libg_nano.a(lib_a-impure.o)
                0x0000000020000114                _impure_ptr
 *(.sdata2.*)
 .sdata2.MyLangDescr
                0x0000000020000118        0x4 ./User/USB_Device/usb_desc.o
                0x0000000020000118                MyLangDescr
 .sdata2._global_impure_ptr
                0x000000002000011c        0x4 c:/mounriver/mounriver_studio/toolchain/risc-v embedded gcc/bin/../lib/gcc/riscv-none-embed/8.2.0/../../../../riscv-none-embed/lib/rv32imacxw/ilp32\libg_nano.a(lib_a-impure.o)
                0x000000002000011c                _global_impure_ptr
 *(.gnu.linkonce.s.*)
                0x0000000020000120                . = ALIGN (0x8)
 *(.srodata.cst16)
 *(.srodata.cst8)
 *(.srodata.cst4)
 *(.srodata.cst2)
 *(.srodata .srodata.*)
                0x0000000020000120                . = ALIGN (0x4)
                0x0000000020000120                PROVIDE (_edata = .)

.bss            0x0000000020000120     0x20ac load address 0x0000000000004cd0
                0x0000000020000120                . = ALIGN (0x4)
                0x0000000020000120                PROVIDE (_sbss = .)
 *(.sbss*)
 .sbss.pUSBHS_Descr
                0x0000000020000120        0x4 ./User/USB_Device/ch32v30x_usbhs_device.o
                0x0000000020000120                pUSBHS_Descr
 .sbss.USBHS_SetupReqCode
                0x0000000020000124        0x1 ./User/USB_Device/ch32v30x_usbhs_device.o
                0x0000000020000124                USBHS_SetupReqCode
 .sbss.USBHS_SetupReqType
                0x0000000020000125        0x1 ./User/USB_Device/ch32v30x_usbhs_device.o
                0x0000000020000125                USBHS_SetupReqType
 .sbss.USBHS_SetupReqValue
                0x0000000020000126        0x2 ./User/USB_Device/ch32v30x_usbhs_device.o
                0x0000000020000126                USBHS_SetupReqValue
 .sbss.USBHS_SetupReqIndex
                0x0000000020000128        0x2 ./User/USB_Device/ch32v30x_usbhs_device.o
                0x0000000020000128                USBHS_SetupReqIndex
 .sbss.USBHS_SetupReqLen
                0x000000002000012a        0x2 ./User/USB_Device/ch32v30x_usbhs_device.o
                0x000000002000012a                USBHS_SetupReqLen
 .sbss.USBHS_DevConfig
                0x000000002000012c        0x1 ./User/USB_Device/ch32v30x_usbhs_device.o
                0x000000002000012c                USBHS_DevConfig
 .sbss.USBHS_DevAddr
                0x000000002000012d        0x1 ./User/USB_Device/ch32v30x_usbhs_device.o
                0x000000002000012d                USBHS_DevAddr
 .sbss.USBHS_DevMaxPackLen
                0x000000002000012e        0x2 ./User/USB_Device/ch32v30x_usbhs_device.o
                0x000000002000012e                USBHS_DevMaxPackLen
 .sbss.USBHS_DevSpeed
                0x0000000020000130        0x1 ./User/USB_Device/ch32v30x_usbhs_device.o
                0x0000000020000130                USBHS_DevSpeed
 .sbss.USBHS_DevSleepStatus
                0x0000000020000131        0x1 ./User/USB_Device/ch32v30x_usbhs_device.o
                0x0000000020000131                USBHS_DevSleepStatus
 .sbss.USBHS_DevEnumStatus
                0x0000000020000132        0x1 ./User/USB_Device/ch32v30x_usbhs_device.o
                0x0000000020000132                USBHS_DevEnumStatus
 *fill*         0x0000000020000133        0x1 
 .sbss.UARTx_Rx_DMACurCount
                0x0000000020000134        0x4 ./User/UART/UART.o
                0x0000000020000134                UARTx_Rx_DMACurCount
 .sbss.UARTx_Rx_DMALastCount
                0x0000000020000138        0x4 ./User/UART/UART.o
                0x0000000020000138                UARTx_Rx_DMALastCount
 .sbss.usb_rx_flg1
                0x000000002000013c        0x1 ./User/cdc_func.o
                0x000000002000013c                usb_rx_flg1
 .sbss.tog.5606
                0x000000002000013d        0x1 ./User/ch32v30x_it.o
 .sbss.p_us     0x000000002000013e        0x1 ./Debug/debug.o
 *fill*         0x000000002000013f        0x1 
 .sbss.p_ms     0x0000000020000140        0x2 ./Debug/debug.o
 *fill*         0x0000000020000142        0x2 
 .sbss.__malloc_free_list
                0x0000000020000144        0x4 c:/mounriver/mounriver_studio/toolchain/risc-v embedded gcc/bin/../lib/gcc/riscv-none-embed/8.2.0/../../../../riscv-none-embed/lib/rv32imacxw/ilp32\libg_nano.a(lib_a-nano-mallocr.o)
                0x0000000020000144                __malloc_free_list
 .sbss.__malloc_sbrk_start
                0x0000000020000148        0x4 c:/mounriver/mounriver_studio/toolchain/risc-v embedded gcc/bin/../lib/gcc/riscv-none-embed/8.2.0/../../../../riscv-none-embed/lib/rv32imacxw/ilp32\libg_nano.a(lib_a-nano-mallocr.o)
                0x0000000020000148                __malloc_sbrk_start
 *(.gnu.linkonce.sb.*)
 *(.bss*)
 .bss.USBHS_EP0_Buf
                0x000000002000014c       0x40 ./User/USB_Device/ch32v30x_usbhs_device.o
                0x000000002000014c                USBHS_EP0_Buf
 .bss.USBHS_EP2_Tx_Buf
                0x000000002000018c      0x200 ./User/USB_Device/ch32v30x_usbhs_device.o
                0x000000002000018c                USBHS_EP2_Tx_Buf
 .bss.USBHS_EP3_Tx_Buf
                0x000000002000038c      0x200 ./User/USB_Device/ch32v30x_usbhs_device.o
                0x000000002000038c                USBHS_EP3_Tx_Buf
 .bss.USBHS_Endp_Busy
                0x000000002000058c       0x10 ./User/USB_Device/ch32v30x_usbhs_device.o
                0x000000002000058c                USBHS_Endp_Busy
 .bss.Uart      0x000000002000059c       0x2a ./User/UART/UART.o
                0x000000002000059c                Uart
 *fill*         0x00000000200005c6        0x2 
 .bss.UART2_Tx_Buf
                0x00000000200005c8      0x400 ./User/UART/UART.o
                0x00000000200005c8                UART2_Tx_Buf
 .bss.UART2_Rx_Buf
                0x00000000200009c8      0x800 ./User/UART/UART.o
                0x00000000200009c8                UART2_Rx_Buf
 .bss.USB_tx_Buf
                0x00000000200011c8      0x800 ./User/cdc_func.o
                0x00000000200011c8                USB_tx_Buf
 .bss.USB_rx_Buf
                0x00000000200019c8      0x800 ./User/cdc_func.o
                0x00000000200019c8                USB_rx_Buf
 *(.gnu.linkonce.b.*)
 *(COMMON*)
 COMMON         0x00000000200021c8        0x4 c:/mounriver/mounriver_studio/toolchain/risc-v embedded gcc/bin/../lib/gcc/riscv-none-embed/8.2.0/../../../../riscv-none-embed/lib/rv32imacxw/ilp32\libg_nano.a(lib_a-reent.o)
                0x00000000200021c8                errno
                0x00000000200021cc                . = ALIGN (0x4)
                0x00000000200021cc                PROVIDE (_ebss = .)
                0x00000000200021cc                PROVIDE (_end = _ebss)
                [!provide]                        PROVIDE (end = .)

.stack          0x0000000020007800      0x800
                0x0000000020007800                PROVIDE (_heap_end = .)
                0x0000000020007800                . = ALIGN (0x4)
                [!provide]                        PROVIDE (_susrstack = .)
                0x0000000020008000                . = (. + __stack_size)
 *fill*         0x0000000020007800      0x800 
                0x0000000020008000                PROVIDE (_eusrstack = .)
OUTPUT(SimulateCDC.elf elf32-littleriscv)

.debug_info     0x0000000000000000    0x111a2
 .debug_info    0x0000000000000000     0x1fb5 ./User/USB_Device/ch32v30x_usbhs_device.o
 .debug_info    0x0000000000001fb5      0xa8c ./User/USB_Device/usb_desc.o
 .debug_info    0x0000000000002a41     0x216c ./User/UART/UART.o
 .debug_info    0x0000000000004bad     0x193e ./User/cdc_func.o
 .debug_info    0x00000000000064eb      0xfe4 ./User/ch32v30x_it.o
 .debug_info    0x00000000000074cf      0xd14 ./User/main.o
 .debug_info    0x00000000000081e3      0xb67 ./User/system_ch32v30x.o
 .debug_info    0x0000000000008d4a       0x22 ./Startup/startup_ch32v30x_D8C.o
 .debug_info    0x0000000000008d6c      0xa3b ./Peripheral/src/ch32v30x_dbgmcu.o
 .debug_info    0x00000000000097a7      0xd3b ./Peripheral/src/ch32v30x_dma.o
 .debug_info    0x000000000000a4e2      0xfcc ./Peripheral/src/ch32v30x_gpio.o
 .debug_info    0x000000000000b4ae     0x152e ./Peripheral/src/ch32v30x_rcc.o
 .debug_info    0x000000000000c9dc     0x268c ./Peripheral/src/ch32v30x_tim.o
 .debug_info    0x000000000000f068     0x12ff ./Peripheral/src/ch32v30x_usart.o
 .debug_info    0x0000000000010367      0xe3b ./Debug/debug.o

.debug_abbrev   0x0000000000000000     0x25e8
 .debug_abbrev  0x0000000000000000      0x373 ./User/USB_Device/ch32v30x_usbhs_device.o
 .debug_abbrev  0x0000000000000373      0x1c5 ./User/USB_Device/usb_desc.o
 .debug_abbrev  0x0000000000000538      0x366 ./User/UART/UART.o
 .debug_abbrev  0x000000000000089e      0x2ba ./User/cdc_func.o
 .debug_abbrev  0x0000000000000b58      0x252 ./User/ch32v30x_it.o
 .debug_abbrev  0x0000000000000daa      0x229 ./User/main.o
 .debug_abbrev  0x0000000000000fd3      0x29e ./User/system_ch32v30x.o
 .debug_abbrev  0x0000000000001271       0x12 ./Startup/startup_ch32v30x_D8C.o
 .debug_abbrev  0x0000000000001283      0x276 ./Peripheral/src/ch32v30x_dbgmcu.o
 .debug_abbrev  0x00000000000014f9      0x295 ./Peripheral/src/ch32v30x_dma.o
 .debug_abbrev  0x000000000000178e      0x2d9 ./Peripheral/src/ch32v30x_gpio.o
 .debug_abbrev  0x0000000000001a67      0x2fa ./Peripheral/src/ch32v30x_rcc.o
 .debug_abbrev  0x0000000000001d61      0x2ed ./Peripheral/src/ch32v30x_tim.o
 .debug_abbrev  0x000000000000204e      0x2c2 ./Peripheral/src/ch32v30x_usart.o
 .debug_abbrev  0x0000000000002310      0x2d8 ./Debug/debug.o

.debug_aranges  0x0000000000000000      0x918
 .debug_aranges
                0x0000000000000000       0x58 ./User/USB_Device/ch32v30x_usbhs_device.o
 .debug_aranges
                0x0000000000000058       0x18 ./User/USB_Device/usb_desc.o
 .debug_aranges
                0x0000000000000070       0x70 ./User/UART/UART.o
 .debug_aranges
                0x00000000000000e0       0x40 ./User/cdc_func.o
 .debug_aranges
                0x0000000000000120       0x30 ./User/ch32v30x_it.o
 .debug_aranges
                0x0000000000000150       0x20 ./User/main.o
 .debug_aranges
                0x0000000000000170       0x38 ./User/system_ch32v30x.o
 .debug_aranges
                0x00000000000001a8       0x30 ./Startup/startup_ch32v30x_D8C.o
 .debug_aranges
                0x00000000000001d8       0x48 ./Peripheral/src/ch32v30x_dbgmcu.o
 .debug_aranges
                0x0000000000000220       0x70 ./Peripheral/src/ch32v30x_dma.o
 .debug_aranges
                0x0000000000000290       0xa8 ./Peripheral/src/ch32v30x_gpio.o
 .debug_aranges
                0x0000000000000338      0x1a8 ./Peripheral/src/ch32v30x_rcc.o
 .debug_aranges
                0x00000000000004e0      0x2f0 ./Peripheral/src/ch32v30x_tim.o
 .debug_aranges
                0x00000000000007d0      0x100 ./Peripheral/src/ch32v30x_usart.o
 .debug_aranges
                0x00000000000008d0       0x48 ./Debug/debug.o

.debug_ranges   0x0000000000000000      0x828
 .debug_ranges  0x0000000000000000       0x48 ./User/USB_Device/ch32v30x_usbhs_device.o
 .debug_ranges  0x0000000000000048       0x60 ./User/UART/UART.o
 .debug_ranges  0x00000000000000a8       0x30 ./User/cdc_func.o
 .debug_ranges  0x00000000000000d8       0x20 ./User/ch32v30x_it.o
 .debug_ranges  0x00000000000000f8       0x10 ./User/main.o
 .debug_ranges  0x0000000000000108       0x28 ./User/system_ch32v30x.o
 .debug_ranges  0x0000000000000130       0x28 ./Startup/startup_ch32v30x_D8C.o
 .debug_ranges  0x0000000000000158       0x38 ./Peripheral/src/ch32v30x_dbgmcu.o
 .debug_ranges  0x0000000000000190       0x60 ./Peripheral/src/ch32v30x_dma.o
 .debug_ranges  0x00000000000001f0       0x98 ./Peripheral/src/ch32v30x_gpio.o
 .debug_ranges  0x0000000000000288      0x198 ./Peripheral/src/ch32v30x_rcc.o
 .debug_ranges  0x0000000000000420      0x2e0 ./Peripheral/src/ch32v30x_tim.o
 .debug_ranges  0x0000000000000700       0xf0 ./Peripheral/src/ch32v30x_usart.o
 .debug_ranges  0x00000000000007f0       0x38 ./Debug/debug.o

.debug_line     0x0000000000000000     0x9ae1
 .debug_line    0x0000000000000000     0x15e6 ./User/USB_Device/ch32v30x_usbhs_device.o
 .debug_line    0x00000000000015e6      0x200 ./User/USB_Device/usb_desc.o
 .debug_line    0x00000000000017e6      0xd50 ./User/UART/UART.o
 .debug_line    0x0000000000002536      0x452 ./User/cdc_func.o
 .debug_line    0x0000000000002988      0x3a2 ./User/ch32v30x_it.o
 .debug_line    0x0000000000002d2a      0x359 ./User/main.o
 .debug_line    0x0000000000003083      0x610 ./User/system_ch32v30x.o
 .debug_line    0x0000000000003693      0x36d ./Startup/startup_ch32v30x_D8C.o
 .debug_line    0x0000000000003a00      0x355 ./Peripheral/src/ch32v30x_dbgmcu.o
 .debug_line    0x0000000000003d55      0x8cb ./Peripheral/src/ch32v30x_dma.o
 .debug_line    0x0000000000004620      0xb13 ./Peripheral/src/ch32v30x_gpio.o
 .debug_line    0x0000000000005133     0x147c ./Peripheral/src/ch32v30x_rcc.o
 .debug_line    0x00000000000065af     0x22be ./Peripheral/src/ch32v30x_tim.o
 .debug_line    0x000000000000886d      0xd47 ./Peripheral/src/ch32v30x_usart.o
 .debug_line    0x00000000000095b4      0x52d ./Debug/debug.o

.debug_str      0x0000000000000000     0x3710
 .debug_str     0x0000000000000000     0x177d ./User/USB_Device/ch32v30x_usbhs_device.o
                                       0x1802 (size before relaxing)
 .debug_str     0x000000000000177d       0x1e ./User/USB_Device/usb_desc.o
                                        0x63f (size before relaxing)
 .debug_str     0x000000000000179b      0x4a0 ./User/UART/UART.o
                                       0x197a (size before relaxing)
 .debug_str     0x0000000000001c3b       0x3e ./User/cdc_func.o
                                       0x14e4 (size before relaxing)
 .debug_str     0x0000000000001c79       0x44 ./User/ch32v30x_it.o
                                        0xa9a (size before relaxing)
 .debug_str     0x0000000000001cbd       0x14 ./User/main.o
                                        0x8f2 (size before relaxing)
 .debug_str     0x0000000000001cd1      0x10b ./User/system_ch32v30x.o
                                        0x6c7 (size before relaxing)
 .debug_str     0x0000000000001ddc       0x45 ./Startup/startup_ch32v30x_D8C.o
                                         0x7c (size before relaxing)
 .debug_str     0x0000000000001e21       0xaf ./Peripheral/src/ch32v30x_dbgmcu.o
                                        0x658 (size before relaxing)
 .debug_str     0x0000000000001ed0      0x149 ./Peripheral/src/ch32v30x_dma.o
                                        0x805 (size before relaxing)
 .debug_str     0x0000000000002019      0x252 ./Peripheral/src/ch32v30x_gpio.o
                                        0x96c (size before relaxing)
 .debug_str     0x000000000000226b      0x610 ./Peripheral/src/ch32v30x_rcc.o
                                        0xcdc (size before relaxing)
 .debug_str     0x000000000000287b      0xa56 ./Peripheral/src/ch32v30x_tim.o
                                       0x125f (size before relaxing)
 .debug_str     0x00000000000032d1      0x3a0 ./Peripheral/src/ch32v30x_usart.o
                                        0xae9 (size before relaxing)
 .debug_str     0x0000000000003671       0x9f ./Debug/debug.o
                                        0x8b8 (size before relaxing)

.comment        0x0000000000000000       0x33
 .comment       0x0000000000000000       0x33 ./User/USB_Device/ch32v30x_usbhs_device.o
                                         0x34 (size before relaxing)
 .comment       0x0000000000000033       0x34 ./User/USB_Device/usb_desc.o
 .comment       0x0000000000000033       0x34 ./User/UART/UART.o
 .comment       0x0000000000000033       0x34 ./User/cdc_func.o
 .comment       0x0000000000000033       0x34 ./User/ch32v30x_it.o
 .comment       0x0000000000000033       0x34 ./User/main.o
 .comment       0x0000000000000033       0x34 ./User/system_ch32v30x.o
 .comment       0x0000000000000033       0x34 ./Peripheral/src/ch32v30x_dbgmcu.o
 .comment       0x0000000000000033       0x34 ./Peripheral/src/ch32v30x_dma.o
 .comment       0x0000000000000033       0x34 ./Peripheral/src/ch32v30x_gpio.o
 .comment       0x0000000000000033       0x34 ./Peripheral/src/ch32v30x_rcc.o
 .comment       0x0000000000000033       0x34 ./Peripheral/src/ch32v30x_tim.o
 .comment       0x0000000000000033       0x34 ./Peripheral/src/ch32v30x_usart.o
 .comment       0x0000000000000033       0x34 ./Debug/debug.o

.debug_frame    0x0000000000000000     0x2980
 .debug_frame   0x0000000000000000      0x128 ./User/USB_Device/ch32v30x_usbhs_device.o
 .debug_frame   0x0000000000000128      0x1a4 ./User/UART/UART.o
 .debug_frame   0x00000000000002cc       0xb4 ./User/cdc_func.o
 .debug_frame   0x0000000000000380       0x6c ./User/ch32v30x_it.o
 .debug_frame   0x00000000000003ec       0x2c ./User/main.o
 .debug_frame   0x0000000000000418       0xa0 ./User/system_ch32v30x.o
 .debug_frame   0x00000000000004b8       0xd4 ./Peripheral/src/ch32v30x_dbgmcu.o
 .debug_frame   0x000000000000058c      0x174 ./Peripheral/src/ch32v30x_dma.o
 .debug_frame   0x0000000000000700      0x260 ./Peripheral/src/ch32v30x_gpio.o
 .debug_frame   0x0000000000000960      0x658 ./Peripheral/src/ch32v30x_rcc.o
 .debug_frame   0x0000000000000fb8      0xbbc ./Peripheral/src/ch32v30x_tim.o
 .debug_frame   0x0000000000001b74      0x3c0 ./Peripheral/src/ch32v30x_usart.o
 .debug_frame   0x0000000000001f34       0xd8 ./Debug/debug.o
 .debug_frame   0x000000000000200c       0x20 c:/mounriver/mounriver_studio/toolchain/risc-v embedded gcc/bin/../lib/gcc/riscv-none-embed/8.2.0/../../../../riscv-none-embed/lib/rv32imacxw/ilp32\libg_nano.a(lib_a-memcpy.o)
 .debug_frame   0x000000000000202c       0x54 c:/mounriver/mounriver_studio/toolchain/risc-v embedded gcc/bin/../lib/gcc/riscv-none-embed/8.2.0/../../../../riscv-none-embed/lib/rv32imacxw/ilp32\libg_nano.a(lib_a-printf.o)
 .debug_frame   0x0000000000002080       0x54 c:/mounriver/mounriver_studio/toolchain/risc-v embedded gcc/bin/../lib/gcc/riscv-none-embed/8.2.0/../../../../riscv-none-embed/lib/rv32imacxw/ilp32\libg_nano.a(lib_a-puts.o)
 .debug_frame   0x00000000000020d4       0x20 c:/mounriver/mounriver_studio/toolchain/risc-v embedded gcc/bin/../lib/gcc/riscv-none-embed/8.2.0/../../../../riscv-none-embed/lib/rv32imacxw/ilp32\libg_nano.a(lib_a-strcpy.o)
 .debug_frame   0x00000000000020f4       0x20 c:/mounriver/mounriver_studio/toolchain/risc-v embedded gcc/bin/../lib/gcc/riscv-none-embed/8.2.0/../../../../riscv-none-embed/lib/rv32imacxw/ilp32\libg_nano.a(lib_a-strlen.o)
 .debug_frame   0x0000000000002114       0x50 c:/mounriver/mounriver_studio/toolchain/risc-v embedded gcc/bin/../lib/gcc/riscv-none-embed/8.2.0/../../../../riscv-none-embed/lib/rv32imacxw/ilp32\libg_nano.a(lib_a-wbuf.o)
 .debug_frame   0x0000000000002164       0x3c c:/mounriver/mounriver_studio/toolchain/risc-v embedded gcc/bin/../lib/gcc/riscv-none-embed/8.2.0/../../../../riscv-none-embed/lib/rv32imacxw/ilp32\libg_nano.a(lib_a-wsetup.o)
 .debug_frame   0x00000000000021a0       0x7c c:/mounriver/mounriver_studio/toolchain/risc-v embedded gcc/bin/../lib/gcc/riscv-none-embed/8.2.0/../../../../riscv-none-embed/lib/rv32imacxw/ilp32\libg_nano.a(lib_a-fflush.o)
 .debug_frame   0x000000000000221c      0x148 c:/mounriver/mounriver_studio/toolchain/risc-v embedded gcc/bin/../lib/gcc/riscv-none-embed/8.2.0/../../../../riscv-none-embed/lib/rv32imacxw/ilp32\libg_nano.a(lib_a-findfp.o)
 .debug_frame   0x0000000000002364       0x88 c:/mounriver/mounriver_studio/toolchain/risc-v embedded gcc/bin/../lib/gcc/riscv-none-embed/8.2.0/../../../../riscv-none-embed/lib/rv32imacxw/ilp32\libg_nano.a(lib_a-fwalk.o)
 .debug_frame   0x00000000000023ec       0x64 c:/mounriver/mounriver_studio/toolchain/risc-v embedded gcc/bin/../lib/gcc/riscv-none-embed/8.2.0/../../../../riscv-none-embed/lib/rv32imacxw/ilp32\libg_nano.a(lib_a-makebuf.o)
 .debug_frame   0x0000000000002450       0x40 c:/mounriver/mounriver_studio/toolchain/risc-v embedded gcc/bin/../lib/gcc/riscv-none-embed/8.2.0/../../../../riscv-none-embed/lib/rv32imacxw/ilp32\libg_nano.a(lib_a-nano-freer.o)
 .debug_frame   0x0000000000002490       0x40 c:/mounriver/mounriver_studio/toolchain/risc-v embedded gcc/bin/../lib/gcc/riscv-none-embed/8.2.0/../../../../riscv-none-embed/lib/rv32imacxw/ilp32\libg_nano.a(lib_a-nano-mallocr.o)
 .debug_frame   0x00000000000024d0       0xd0 c:/mounriver/mounriver_studio/toolchain/risc-v embedded gcc/bin/../lib/gcc/riscv-none-embed/8.2.0/../../../../riscv-none-embed/lib/rv32imacxw/ilp32\libg_nano.a(lib_a-nano-vfprintf.o)
 .debug_frame   0x00000000000025a0       0x8c c:/mounriver/mounriver_studio/toolchain/risc-v embedded gcc/bin/../lib/gcc/riscv-none-embed/8.2.0/../../../../riscv-none-embed/lib/rv32imacxw/ilp32\libg_nano.a(lib_a-nano-vfprintf_i.o)
 .debug_frame   0x000000000000262c       0x30 c:/mounriver/mounriver_studio/toolchain/risc-v embedded gcc/bin/../lib/gcc/riscv-none-embed/8.2.0/../../../../riscv-none-embed/lib/rv32imacxw/ilp32\libg_nano.a(lib_a-sbrkr.o)
 .debug_frame   0x000000000000265c       0xa4 c:/mounriver/mounriver_studio/toolchain/risc-v embedded gcc/bin/../lib/gcc/riscv-none-embed/8.2.0/../../../../riscv-none-embed/lib/rv32imacxw/ilp32\libg_nano.a(lib_a-stdio.o)
 .debug_frame   0x0000000000002700       0x30 c:/mounriver/mounriver_studio/toolchain/risc-v embedded gcc/bin/../lib/gcc/riscv-none-embed/8.2.0/../../../../riscv-none-embed/lib/rv32imacxw/ilp32\libg_nano.a(lib_a-writer.o)
 .debug_frame   0x0000000000002730       0x30 c:/mounriver/mounriver_studio/toolchain/risc-v embedded gcc/bin/../lib/gcc/riscv-none-embed/8.2.0/../../../../riscv-none-embed/lib/rv32imacxw/ilp32\libg_nano.a(lib_a-closer.o)
 .debug_frame   0x0000000000002760       0x30 c:/mounriver/mounriver_studio/toolchain/risc-v embedded gcc/bin/../lib/gcc/riscv-none-embed/8.2.0/../../../../riscv-none-embed/lib/rv32imacxw/ilp32\libg_nano.a(lib_a-fstatr.o)
 .debug_frame   0x0000000000002790       0x30 c:/mounriver/mounriver_studio/toolchain/risc-v embedded gcc/bin/../lib/gcc/riscv-none-embed/8.2.0/../../../../riscv-none-embed/lib/rv32imacxw/ilp32\libg_nano.a(lib_a-isattyr.o)
 .debug_frame   0x00000000000027c0       0x30 c:/mounriver/mounriver_studio/toolchain/risc-v embedded gcc/bin/../lib/gcc/riscv-none-embed/8.2.0/../../../../riscv-none-embed/lib/rv32imacxw/ilp32\libg_nano.a(lib_a-lseekr.o)
 .debug_frame   0x00000000000027f0       0x20 c:/mounriver/mounriver_studio/toolchain/risc-v embedded gcc/bin/../lib/gcc/riscv-none-embed/8.2.0/../../../../riscv-none-embed/lib/rv32imacxw/ilp32\libg_nano.a(lib_a-memchr.o)
 .debug_frame   0x0000000000002810       0x30 c:/mounriver/mounriver_studio/toolchain/risc-v embedded gcc/bin/../lib/gcc/riscv-none-embed/8.2.0/../../../../riscv-none-embed/lib/rv32imacxw/ilp32\libg_nano.a(lib_a-mlock.o)
 .debug_frame   0x0000000000002840       0x30 c:/mounriver/mounriver_studio/toolchain/risc-v embedded gcc/bin/../lib/gcc/riscv-none-embed/8.2.0/../../../../riscv-none-embed/lib/rv32imacxw/ilp32\libg_nano.a(lib_a-readr.o)
 .debug_frame   0x0000000000002870       0x70 c:/mounriver/mounriver_studio/toolchain/risc-v embedded gcc/bin/../lib/gcc/riscv-none-embed/8.2.0/../../../../riscv-none-embed/lib/rv32imacxw/ilp32\libg_nano.a(lib_a-reent.o)
 .debug_frame   0x00000000000028e0       0x20 c:/mounriver/mounriver_studio/toolchain/risc-v embedded gcc/bin/../lib/gcc/riscv-none-embed/8.2.0/../../../../riscv-none-embed/lib/rv32imacxw/ilp32\libnosys.a(close.o)
 .debug_frame   0x0000000000002900       0x20 c:/mounriver/mounriver_studio/toolchain/risc-v embedded gcc/bin/../lib/gcc/riscv-none-embed/8.2.0/../../../../riscv-none-embed/lib/rv32imacxw/ilp32\libnosys.a(fstat.o)
 .debug_frame   0x0000000000002920       0x20 c:/mounriver/mounriver_studio/toolchain/risc-v embedded gcc/bin/../lib/gcc/riscv-none-embed/8.2.0/../../../../riscv-none-embed/lib/rv32imacxw/ilp32\libnosys.a(isatty.o)
 .debug_frame   0x0000000000002940       0x20 c:/mounriver/mounriver_studio/toolchain/risc-v embedded gcc/bin/../lib/gcc/riscv-none-embed/8.2.0/../../../../riscv-none-embed/lib/rv32imacxw/ilp32\libnosys.a(lseek.o)
 .debug_frame   0x0000000000002960       0x20 c:/mounriver/mounriver_studio/toolchain/risc-v embedded gcc/bin/../lib/gcc/riscv-none-embed/8.2.0/../../../../riscv-none-embed/lib/rv32imacxw/ilp32\libnosys.a(read.o)

.stab           0x0000000000000000       0x84
 .stab          0x0000000000000000       0x24 c:/mounriver/mounriver_studio/toolchain/risc-v embedded gcc/bin/../lib/gcc/riscv-none-embed/8.2.0/../../../../riscv-none-embed/lib/rv32imacxw/ilp32\libnosys.a(close.o)
 .stab          0x0000000000000024       0x18 c:/mounriver/mounriver_studio/toolchain/risc-v embedded gcc/bin/../lib/gcc/riscv-none-embed/8.2.0/../../../../riscv-none-embed/lib/rv32imacxw/ilp32\libnosys.a(fstat.o)
                                         0x24 (size before relaxing)
 .stab          0x000000000000003c       0x18 c:/mounriver/mounriver_studio/toolchain/risc-v embedded gcc/bin/../lib/gcc/riscv-none-embed/8.2.0/../../../../riscv-none-embed/lib/rv32imacxw/ilp32\libnosys.a(isatty.o)
                                         0x24 (size before relaxing)
 .stab          0x0000000000000054       0x18 c:/mounriver/mounriver_studio/toolchain/risc-v embedded gcc/bin/../lib/gcc/riscv-none-embed/8.2.0/../../../../riscv-none-embed/lib/rv32imacxw/ilp32\libnosys.a(lseek.o)
                                         0x24 (size before relaxing)
 .stab          0x000000000000006c       0x18 c:/mounriver/mounriver_studio/toolchain/risc-v embedded gcc/bin/../lib/gcc/riscv-none-embed/8.2.0/../../../../riscv-none-embed/lib/rv32imacxw/ilp32\libnosys.a(read.o)
                                         0x24 (size before relaxing)

.stabstr        0x0000000000000000      0x117
 .stabstr       0x0000000000000000      0x117 c:/mounriver/mounriver_studio/toolchain/risc-v embedded gcc/bin/../lib/gcc/riscv-none-embed/8.2.0/../../../../riscv-none-embed/lib/rv32imacxw/ilp32\libnosys.a(close.o)
