Archive member included to satisfy reference by file (symbol)

c:/mounri~1/mounri~1/toolch~1/risc-v~2/bin/../lib/gcc/riscv-none-elf/12.2.0/../../../../riscv-none-elf/lib/rv32imafc/ilp32f\libc_nano.a(lib_a-memcpy-asm.o)
                              CMakeFiles/SimulateCDC_Dac.elf.dir/User/USB_Device/ch32v30x_usbhs_device.c.obj (memcpy)
c:/mounri~1/mounri~1/toolch~1/risc-v~2/bin/../lib/gcc/riscv-none-elf/12.2.0/../../../../riscv-none-elf/lib/rv32imafc/ilp32f\libc_nano.a(lib_a-printf.o)
                              CMakeFiles/SimulateCDC_Dac.elf.dir/User/UART/UART.c.obj (printf)
c:/mounri~1/mounri~1/toolch~1/risc-v~2/bin/../lib/gcc/riscv-none-elf/12.2.0/../../../../riscv-none-elf/lib/rv32imafc/ilp32f\libc_nano.a(lib_a-puts.o)
                              CMakeFiles/SimulateCDC_Dac.elf.dir/User/ch32v30x_it.c.obj (puts)
c:/mounri~1/mounri~1/toolch~1/risc-v~2/bin/../lib/gcc/riscv-none-elf/12.2.0/../../../../riscv-none-elf/lib/rv32imafc/ilp32f\libc_nano.a(lib_a-wbuf.o)
                              c:/mounri~1/mounri~1/toolch~1/risc-v~2/bin/../lib/gcc/riscv-none-elf/12.2.0/../../../../riscv-none-elf/lib/rv32imafc/ilp32f\libc_nano.a(lib_a-puts.o) (__swbuf_r)
c:/mounri~1/mounri~1/toolch~1/risc-v~2/bin/../lib/gcc/riscv-none-elf/12.2.0/../../../../riscv-none-elf/lib/rv32imafc/ilp32f\libc_nano.a(lib_a-wsetup.o)
                              c:/mounri~1/mounri~1/toolch~1/risc-v~2/bin/../lib/gcc/riscv-none-elf/12.2.0/../../../../riscv-none-elf/lib/rv32imafc/ilp32f\libc_nano.a(lib_a-puts.o) (__swsetup_r)
c:/mounri~1/mounri~1/toolch~1/risc-v~2/bin/../lib/gcc/riscv-none-elf/12.2.0/../../../../riscv-none-elf/lib/rv32imafc/ilp32f\libc_nano.a(lib_a-fflush.o)
                              c:/mounri~1/mounri~1/toolch~1/risc-v~2/bin/../lib/gcc/riscv-none-elf/12.2.0/../../../../riscv-none-elf/lib/rv32imafc/ilp32f\libc_nano.a(lib_a-wbuf.o) (_fflush_r)
c:/mounri~1/mounri~1/toolch~1/risc-v~2/bin/../lib/gcc/riscv-none-elf/12.2.0/../../../../riscv-none-elf/lib/rv32imafc/ilp32f\libc_nano.a(lib_a-findfp.o)
                              c:/mounri~1/mounri~1/toolch~1/risc-v~2/bin/../lib/gcc/riscv-none-elf/12.2.0/../../../../riscv-none-elf/lib/rv32imafc/ilp32f\libc_nano.a(lib_a-printf.o) (__sinit)
c:/mounri~1/mounri~1/toolch~1/risc-v~2/bin/../lib/gcc/riscv-none-elf/12.2.0/../../../../riscv-none-elf/lib/rv32imafc/ilp32f\libc_nano.a(lib_a-fwalk.o)
                              c:/mounri~1/mounri~1/toolch~1/risc-v~2/bin/../lib/gcc/riscv-none-elf/12.2.0/../../../../riscv-none-elf/lib/rv32imafc/ilp32f\libc_nano.a(lib_a-findfp.o) (_fwalk)
c:/mounri~1/mounri~1/toolch~1/risc-v~2/bin/../lib/gcc/riscv-none-elf/12.2.0/../../../../riscv-none-elf/lib/rv32imafc/ilp32f\libc_nano.a(lib_a-impure.o)
                              c:/mounri~1/mounri~1/toolch~1/risc-v~2/bin/../lib/gcc/riscv-none-elf/12.2.0/../../../../riscv-none-elf/lib/rv32imafc/ilp32f\libc_nano.a(lib_a-fflush.o) (_global_impure_ptr)
c:/mounri~1/mounri~1/toolch~1/risc-v~2/bin/../lib/gcc/riscv-none-elf/12.2.0/../../../../riscv-none-elf/lib/rv32imafc/ilp32f\libc_nano.a(lib_a-lock.o)
                              c:/mounri~1/mounri~1/toolch~1/risc-v~2/bin/../lib/gcc/riscv-none-elf/12.2.0/../../../../riscv-none-elf/lib/rv32imafc/ilp32f\libc_nano.a(lib_a-findfp.o) (__retarget_lock_init_recursive)
c:/mounri~1/mounri~1/toolch~1/risc-v~2/bin/../lib/gcc/riscv-none-elf/12.2.0/../../../../riscv-none-elf/lib/rv32imafc/ilp32f\libc_nano.a(lib_a-makebuf.o)
                              c:/mounri~1/mounri~1/toolch~1/risc-v~2/bin/../lib/gcc/riscv-none-elf/12.2.0/../../../../riscv-none-elf/lib/rv32imafc/ilp32f\libc_nano.a(lib_a-wsetup.o) (__smakebuf_r)
c:/mounri~1/mounri~1/toolch~1/risc-v~2/bin/../lib/gcc/riscv-none-elf/12.2.0/../../../../riscv-none-elf/lib/rv32imafc/ilp32f\libc_nano.a(lib_a-memset.o)
                              c:/mounri~1/mounri~1/toolch~1/risc-v~2/bin/../lib/gcc/riscv-none-elf/12.2.0/../../../../riscv-none-elf/lib/rv32imafc/ilp32f\libc_nano.a(lib_a-findfp.o) (memset)
c:/mounri~1/mounri~1/toolch~1/risc-v~2/bin/../lib/gcc/riscv-none-elf/12.2.0/../../../../riscv-none-elf/lib/rv32imafc/ilp32f\libc_nano.a(lib_a-nano-freer.o)
                              c:/mounri~1/mounri~1/toolch~1/risc-v~2/bin/../lib/gcc/riscv-none-elf/12.2.0/../../../../riscv-none-elf/lib/rv32imafc/ilp32f\libc_nano.a(lib_a-wsetup.o) (_free_r)
c:/mounri~1/mounri~1/toolch~1/risc-v~2/bin/../lib/gcc/riscv-none-elf/12.2.0/../../../../riscv-none-elf/lib/rv32imafc/ilp32f\libc_nano.a(lib_a-nano-mallocr.o)
                              c:/mounri~1/mounri~1/toolch~1/risc-v~2/bin/../lib/gcc/riscv-none-elf/12.2.0/../../../../riscv-none-elf/lib/rv32imafc/ilp32f\libc_nano.a(lib_a-findfp.o) (_malloc_r)
c:/mounri~1/mounri~1/toolch~1/risc-v~2/bin/../lib/gcc/riscv-none-elf/12.2.0/../../../../riscv-none-elf/lib/rv32imafc/ilp32f\libc_nano.a(lib_a-nano-vfprintf.o)
[...]
Memory Configuration

Name             Origin             Length             Attributes
FLASH            0x0000000000000000 0x0000000000048000 xr
RAM              0x0000000020000000 0x0000000000008000 xrw
*default*        0x0000000000000000 0xffffffffffffffff

Linker script and memory map

LOAD CMakeFiles/SimulateCDC_Dac.elf.dir/Core/core_riscv.c.obj
LOAD CMakeFiles/SimulateCDC_Dac.elf.dir/Debug/debug.c.obj
LOAD CMakeFiles/SimulateCDC_Dac.elf.dir/Peripheral/src/ch32v30x_adc.c.obj
LOAD CMakeFiles/SimulateCDC_Dac.elf.dir/Peripheral/src/ch32v30x_bkp.c.obj
LOAD CMakeFiles/SimulateCDC_Dac.elf.dir/Peripheral/src/ch32v30x_can.c.obj
LOAD CMakeFiles/SimulateCDC_Dac.elf.dir/Peripheral/src/ch32v30x_crc.c.obj
LOAD CMakeFiles/SimulateCDC_Dac.elf.dir/Peripheral/src/ch32v30x_dac.c.obj
LOAD CMakeFiles/SimulateCDC_Dac.elf.dir/Peripheral/src/ch32v30x_dbgmcu.c.obj
LOAD CMakeFiles/SimulateCDC_Dac.elf.dir/Peripheral/src/ch32v30x_dma.c.obj
LOAD CMakeFiles/SimulateCDC_Dac.elf.dir/Peripheral/src/ch32v30x_dvp.c.obj
LOAD CMakeFiles/SimulateCDC_Dac.elf.dir/Peripheral/src/ch32v30x_eth.c.obj
LOAD CMakeFiles/SimulateCDC_Dac.elf.dir/Peripheral/src/ch32v30x_exti.c.obj
LOAD CMakeFiles/SimulateCDC_Dac.elf.dir/Peripheral/src/ch32v30x_flash.c.obj
LOAD CMakeFiles/SimulateCDC_Dac.elf.dir/Peripheral/src/ch32v30x_fsmc.c.obj
LOAD CMakeFiles/SimulateCDC_Dac.elf.dir/Peripheral/src/ch32v30x_gpio.c.obj
LOAD CMakeFiles/SimulateCDC_Dac.elf.dir/Peripheral/src/ch32v30x_i2c.c.obj
LOAD CMakeFiles/SimulateCDC_Dac.elf.dir/Peripheral/src/ch32v30x_iwdg.c.obj
LOAD CMakeFiles/SimulateCDC_Dac.elf.dir/Peripheral/src/ch32v30x_misc.c.obj
LOAD CMakeFiles/SimulateCDC_Dac.elf.dir/Peripheral/src/ch32v30x_opa.c.obj
LOAD CMakeFiles/SimulateCDC_Dac.elf.dir/Peripheral/src/ch32v30x_pwr.c.obj
LOAD CMakeFiles/SimulateCDC_Dac.elf.dir/Peripheral/src/ch32v30x_rcc.c.obj
LOAD CMakeFiles/SimulateCDC_Dac.elf.dir/Peripheral/src/ch32v30x_rng.c.obj
LOAD CMakeFiles/SimulateCDC_Dac.elf.dir/Peripheral/src/ch32v30x_rtc.c.obj
LOAD CMakeFiles/SimulateCDC_Dac.elf.dir/Peripheral/src/ch32v30x_sdio.c.obj
LOAD CMakeFiles/SimulateCDC_Dac.elf.dir/Peripheral/src/ch32v30x_spi.c.obj
LOAD CMakeFiles/SimulateCDC_Dac.elf.dir/Peripheral/src/ch32v30x_tim.c.obj
LOAD CMakeFiles/SimulateCDC_Dac.elf.dir/Peripheral/src/ch32v30x_usart.c.obj
LOAD CMakeFiles/SimulateCDC_Dac.elf.dir/Peripheral/src/ch32v30x_wwdg.c.obj
LOAD CMakeFiles/SimulateCDC_Dac.elf.dir/Startup/startup_ch32v30x_D8C.S.obj
LOAD CMakeFiles/SimulateCDC_Dac.elf.dir/User/UART/UART.c.obj
LOAD CMakeFiles/SimulateCDC_Dac.elf.dir/User/USB_Device/ch32v30x_usbhs_device.c.obj
LOAD CMakeFiles/SimulateCDC_Dac.elf.dir/User/USB_Device/usb_desc.c.obj
LOAD CMakeFiles/SimulateCDC_Dac.elf.dir/User/cdc_func.c.obj
LOAD CMakeFiles/SimulateCDC_Dac.elf.dir/User/ch32v30x_it.c.obj
LOAD CMakeFiles/SimulateCDC_Dac.elf.dir/User/main.c.obj
LOAD CMakeFiles/SimulateCDC_Dac.elf.dir/User/system_ch32v30x.c.obj
LOAD c:/mounri~1/mounri~1/toolch~1/risc-v~2/bin/../lib/gcc/riscv-none-elf/12.2.0/rv32imafc/ilp32f\libgcc.a
LOAD c:/mounri~1/mounri~1/toolch~1/risc-v~2/bin/../lib/gcc/riscv-none-elf/12.2.0/../../../../riscv-none-elf/lib/rv32imafc/ilp32f\libc_nano.a
LOAD c:/mounri~1/mounri~1/toolch~1/risc-v~2/bin/../lib/gcc/riscv-none-elf/12.2.0/rv32imafc/ilp32f\libgcc.a
START GROUP
LOAD c:/mounri~1/mounri~1/toolch~1/risc-v~2/bin/../lib/gcc/riscv-none-elf/12.2.0/rv32imafc/ilp32f\libgcc.a
LOAD c:/mounri~1/mounri~1/toolch~1/risc-v~2/bin/../lib/gcc/riscv-none-elf/12.2.0/../../../../riscv-none-elf/lib/rv32imafc/ilp32f\libc_nano.a
LOAD c:/mounri~1/mounri~1/toolch~1/risc-v~2/bin/../lib/gcc/riscv-none-elf/12.2.0/../../../../riscv-none-elf/lib/rv32imafc/ilp32f\libnosys.a
END GROUP
START GROUP
LOAD c:/mounri~1/mounri~1/toolch~1/risc-v~2/bin/../lib/gcc/riscv-none-elf/12.2.0/rv32imafc/ilp32f\libgcc.a
LOAD c:/mounri~1/mounri~1/toolch~1/risc-v~2/bin/../lib/gcc/riscv-none-elf/12.2.0/../../../../riscv-none-elf/lib/rv32imafc/ilp32f\libc_nano.a
LOAD c:/mounri~1/mounri~1/toolch~1/risc-v~2/bin/../lib/gcc/riscv-none-elf/12.2.0/../../../../riscv-none-elf/lib/rv32imafc/ilp32f\libnosys.a
END GROUP
                0x0000000000000800                __stack_size = 0x800
                [!provide]                        PROVIDE (_stack_size = __stack_size)

.init           0x0000000000000000        0x4
                0x0000000000000000                _sinit = .
                0x0000000000000000                . = ALIGN (0x4)
 *(SORT_NONE(.init))
 .init          0x0000000000000000        0x4 CMakeFiles/SimulateCDC_Dac.elf.dir/Startup/startup_ch32v30x_D8C.S.obj
                0x0000000000000000                _start
                0x0000000000000004                . = ALIGN (0x4)
                0x0000000000000004                _einit = .

.vector         0x0000000000000004      0x1bc
 *(.vector)
 .vector        0x0000000000000004      0x1a0 CMakeFiles/SimulateCDC_Dac.elf.dir/Startup/startup_ch32v30x_D8C.S.obj
                0x00000000000001c0                . = ALIGN (0x40)
 *fill*         0x00000000000001a4       0x1c 

.text           0x00000000000001c0     0x315c
                0x00000000000001c0                . = ALIGN (0x4)
 *(.text)
 .text          0x00000000000001c0       0x16 c:/mounri~1/mounri~1/toolch~1/risc-v~2/bin/../lib/gcc/riscv-none-elf/12.2.0/../../../../riscv-none-elf/lib/rv32imafc/ilp32f\libc_nano.a(lib_a-memcpy-asm.o)
                0x00000000000001c0                memcpy
 .text          0x00000000000001d6       0x10 c:/mounri~1/mounri~1/toolch~1/risc-v~2/bin/../lib/gcc/riscv-none-elf/12.2.0/../../../../riscv-none-elf/lib/rv32imafc/ilp32f\libc_nano.a(lib_a-memset.o)
                0x00000000000001d6                memset
 *(.text.*)
 .text.Delay_Init
                0x00000000000001e6       0x26 CMakeFiles/SimulateCDC_Dac.elf.dir/Debug/debug.c.obj
                0x00000000000001e6                Delay_Init
 .text.Delay_Us
                0x000000000000020c       0x3e CMakeFiles/SimulateCDC_Dac.elf.dir/Debug/debug.c.obj
                0x000000000000020c                Delay_Us
 .text.USART_Printf_Init
                0x000000000000024a       0x64 CMakeFiles/SimulateCDC_Dac.elf.dir/Debug/debug.c.obj
                0x000000000000024a                USART_Printf_Init
 .text._write   0x00000000000002ae       0x56 CMakeFiles/SimulateCDC_Dac.elf.dir/Debug/debug.c.obj
                0x00000000000002ae                _write
 .text._sbrk    0x0000000000000304       0x36 CMakeFiles/SimulateCDC_Dac.elf.dir/Debug/debug.c.obj
                0x0000000000000304                _sbrk
 .text.DAC_Init
                0x000000000000033a       0x30 CMakeFiles/SimulateCDC_Dac.elf.dir/Peripheral/src/ch32v30x_dac.c.obj
                0x000000000000033a                DAC_Init
 .text.DAC_Cmd  0x000000000000036a       0x32 CMakeFiles/SimulateCDC_Dac.elf.dir/Peripheral/src/ch32v30x_dac.c.obj
                0x000000000000036a                DAC_Cmd
 .text.DAC_SetChannel1Data
                0x000000000000039c       0x1e CMakeFiles/SimulateCDC_Dac.elf.dir/Peripheral/src/ch32v30x_dac.c.obj
                0x000000000000039c                DAC_SetChannel1Data
 .text.DMA_DeInit
                0x00000000000003ba      0x230 CMakeFiles/SimulateCDC_Dac.elf.dir/Peripheral/src/ch32v30x_dma.c.obj
                0x00000000000003ba                DMA_DeInit
 .text.DMA_Init
                0x00000000000005ea       0x38 CMakeFiles/SimulateCDC_Dac.elf.dir/Peripheral/src/ch32v30x_dma.c.obj
                0x00000000000005ea                DMA_Init
 .text.DMA_StructInit
                0x0000000000000622       0x2e CMakeFiles/SimulateCDC_Dac.elf.dir/Peripheral/src/ch32v30x_dma.c.obj
                0x0000000000000622                DMA_StructInit
 .text.DMA_Cmd  0x0000000000000650       0x18 CMakeFiles/SimulateCDC_Dac.elf.dir/Peripheral/src/ch32v30x_dma.c.obj
                0x0000000000000650                DMA_Cmd
 .text.DMA_ITConfig
                0x0000000000000668       0x16 CMakeFiles/SimulateCDC_Dac.elf.dir/Peripheral/src/ch32v30x_dma.c.obj
                0x0000000000000668                DMA_ITConfig
 .text.DMA_GetFlagStatus
                0x000000000000067e       0x32 CMakeFiles/SimulateCDC_Dac.elf.dir/Peripheral/src/ch32v30x_dma.c.obj
                0x000000000000067e                DMA_GetFlagStatus
 .text.DMA_ClearFlag
                0x00000000000006b0       0x2c CMakeFiles/SimulateCDC_Dac.elf.dir/Peripheral/src/ch32v30x_dma.c.obj
                0x00000000000006b0                DMA_ClearFlag
 .text.DMA_ClearITPendingBit
                0x00000000000006dc       0x2c CMakeFiles/SimulateCDC_Dac.elf.dir/Peripheral/src/ch32v30x_dma.c.obj
                0x00000000000006dc                DMA_ClearITPendingBit
 .text.GPIO_Init
                0x0000000000000708       0xd8 CMakeFiles/SimulateCDC_Dac.elf.dir/Peripheral/src/ch32v30x_gpio.c.obj
                0x0000000000000708                GPIO_Init
 .text.GPIO_SetBits
                0x00000000000007e0        0x4 CMakeFiles/SimulateCDC_Dac.elf.dir/Peripheral/src/ch32v30x_gpio.c.obj
                0x00000000000007e0                GPIO_SetBits
 .text.NVIC_PriorityGroupConfig
                0x00000000000007e4        0x6 CMakeFiles/SimulateCDC_Dac.elf.dir/Peripheral/src/ch32v30x_misc.c.obj
                0x00000000000007e4                NVIC_PriorityGroupConfig
 .text.RCC_GetClocksFreq
                0x00000000000007ea      0x1d0 CMakeFiles/SimulateCDC_Dac.elf.dir/Peripheral/src/ch32v30x_rcc.c.obj
                0x00000000000007ea                RCC_GetClocksFreq
 .text.RCC_AHBPeriphClockCmd
                0x00000000000009ba       0x1e CMakeFiles/SimulateCDC_Dac.elf.dir/Peripheral/src/ch32v30x_rcc.c.obj
                0x00000000000009ba                RCC_AHBPeriphClockCmd
 .text.RCC_APB2PeriphClockCmd
                0x00000000000009d8       0x1e CMakeFiles/SimulateCDC_Dac.elf.dir/Peripheral/src/ch32v30x_rcc.c.obj
                0x00000000000009d8                RCC_APB2PeriphClockCmd
 .text.RCC_APB1PeriphClockCmd
                0x00000000000009f6       0x1e CMakeFiles/SimulateCDC_Dac.elf.dir/Peripheral/src/ch32v30x_rcc.c.obj
                0x00000000000009f6                RCC_APB1PeriphClockCmd
 .text.RCC_APB2PeriphResetCmd
                0x0000000000000a14       0x1e CMakeFiles/SimulateCDC_Dac.elf.dir/Peripheral/src/ch32v30x_rcc.c.obj
                0x0000000000000a14                RCC_APB2PeriphResetCmd
 .text.RCC_APB1PeriphResetCmd
                0x0000000000000a32       0x1e CMakeFiles/SimulateCDC_Dac.elf.dir/Peripheral/src/ch32v30x_rcc.c.obj
                0x0000000000000a32                RCC_APB1PeriphResetCmd
 .text.RCC_USBHSConfig
                0x0000000000000a50       0x1a CMakeFiles/SimulateCDC_Dac.elf.dir/Peripheral/src/ch32v30x_rcc.c.obj
                0x0000000000000a50                RCC_USBHSConfig
 .text.RCC_USBHSPLLCLKConfig
                0x0000000000000a6a       0x1a CMakeFiles/SimulateCDC_Dac.elf.dir/Peripheral/src/ch32v30x_rcc.c.obj
                0x0000000000000a6a                RCC_USBHSPLLCLKConfig
 .text.RCC_USBHSPLLCKREFCLKConfig
                0x0000000000000a84       0x1a CMakeFiles/SimulateCDC_Dac.elf.dir/Peripheral/src/ch32v30x_rcc.c.obj
                0x0000000000000a84                RCC_USBHSPLLCKREFCLKConfig
 .text.RCC_USBHSPHYPLLALIVEcmd
                0x0000000000000a9e       0x24 CMakeFiles/SimulateCDC_Dac.elf.dir/Peripheral/src/ch32v30x_rcc.c.obj
                0x0000000000000a9e                RCC_USBHSPHYPLLALIVEcmd
 .text.RCC_USBCLK48MConfig
                0x0000000000000ac2       0x1a CMakeFiles/SimulateCDC_Dac.elf.dir/Peripheral/src/ch32v30x_rcc.c.obj
                0x0000000000000ac2                RCC_USBCLK48MConfig
 .text.TIM_DeInit
                0x0000000000000adc      0x116 CMakeFiles/SimulateCDC_Dac.elf.dir/Peripheral/src/ch32v30x_tim.c.obj
                0x0000000000000adc                TIM_DeInit
 .text.TIM_TimeBaseInit
                0x0000000000000bf2       0xd4 CMakeFiles/SimulateCDC_Dac.elf.dir/Peripheral/src/ch32v30x_tim.c.obj
                0x0000000000000bf2                TIM_TimeBaseInit
 .text.TIM_Cmd  0x0000000000000cc6       0x24 CMakeFiles/SimulateCDC_Dac.elf.dir/Peripheral/src/ch32v30x_tim.c.obj
                0x0000000000000cc6                TIM_Cmd
 .text.TIM_ITConfig
                0x0000000000000cea       0x1e CMakeFiles/SimulateCDC_Dac.elf.dir/Peripheral/src/ch32v30x_tim.c.obj
                0x0000000000000cea                TIM_ITConfig
 .text.TIM_DMACmd
                0x0000000000000d08       0x1e CMakeFiles/SimulateCDC_Dac.elf.dir/Peripheral/src/ch32v30x_tim.c.obj
                0x0000000000000d08                TIM_DMACmd
 .text.TIM_ARRPreloadConfig
                0x0000000000000d26       0x26 CMakeFiles/SimulateCDC_Dac.elf.dir/Peripheral/src/ch32v30x_tim.c.obj
                0x0000000000000d26                TIM_ARRPreloadConfig
 .text.TIM_SelectOutputTrigger
                0x0000000000000d4c       0x20 CMakeFiles/SimulateCDC_Dac.elf.dir/Peripheral/src/ch32v30x_tim.c.obj
                0x0000000000000d4c                TIM_SelectOutputTrigger
 .text.TIM_ClearFlag
                0x0000000000000d6c        0xe CMakeFiles/SimulateCDC_Dac.elf.dir/Peripheral/src/ch32v30x_tim.c.obj
                0x0000000000000d6c                TIM_ClearFlag
 .text.USART_Init
                0x0000000000000d7a       0xba CMakeFiles/SimulateCDC_Dac.elf.dir/Peripheral/src/ch32v30x_usart.c.obj
                0x0000000000000d7a                USART_Init
 .text.USART_Cmd
                0x0000000000000e34       0x24 CMakeFiles/SimulateCDC_Dac.elf.dir/Peripheral/src/ch32v30x_usart.c.obj
                0x0000000000000e34                USART_Cmd
 .text.USART_DMACmd
                0x0000000000000e58       0x1e CMakeFiles/SimulateCDC_Dac.elf.dir/Peripheral/src/ch32v30x_usart.c.obj
                0x0000000000000e58                USART_DMACmd
 .text.USART_SendData
                0x0000000000000e76        0xa CMakeFiles/SimulateCDC_Dac.elf.dir/Peripheral/src/ch32v30x_usart.c.obj
                0x0000000000000e76                USART_SendData
 .text.USART_GetFlagStatus
                0x0000000000000e80       0x10 CMakeFiles/SimulateCDC_Dac.elf.dir/Peripheral/src/ch32v30x_usart.c.obj
                0x0000000000000e80                USART_GetFlagStatus
 .text.USART_ClearFlag
                0x0000000000000e90        0xe CMakeFiles/SimulateCDC_Dac.elf.dir/Peripheral/src/ch32v30x_usart.c.obj
                0x0000000000000e90                USART_ClearFlag
 .text.vector_handler
                0x0000000000000e9e        0x2 CMakeFiles/SimulateCDC_Dac.elf.dir/Startup/startup_ch32v30x_D8C.S.obj
                0x0000000000000e9e                EXTI2_IRQHandler
                0x0000000000000e9e                TIM8_TRG_COM_IRQHandler
                0x0000000000000e9e                TIM8_CC_IRQHandler
                0x0000000000000e9e                UART8_IRQHandler
                0x0000000000000e9e                TIM1_CC_IRQHandler
                0x0000000000000e9e                TIM6_IRQHandler
                0x0000000000000e9e                SysTick_Handler
                0x0000000000000e9e                PVD_IRQHandler
                0x0000000000000e9e                SDIO_IRQHandler
                0x0000000000000e9e                TIM9_BRK_IRQHandler
                0x0000000000000e9e                DMA2_Channel8_IRQHandler
                0x0000000000000e9e                CAN2_RX1_IRQHandler
                0x0000000000000e9e                EXTI3_IRQHandler
                0x0000000000000e9e                DMA2_Channel9_IRQHandler
                0x0000000000000e9e                TIM10_CC_IRQHandler
                0x0000000000000e9e                USBFS_IRQHandler
                0x0000000000000e9e                EXTI0_IRQHandler
                0x0000000000000e9e                I2C2_EV_IRQHandler
                0x0000000000000e9e                TIM10_TRG_COM_IRQHandler
                0x0000000000000e9e                CAN2_SCE_IRQHandler
                0x0000000000000e9e                ADC1_2_IRQHandler
                0x0000000000000e9e                Break_Point_Handler
                0x0000000000000e9e                SPI1_IRQHandler
                0x0000000000000e9e                TAMPER_IRQHandler
                0x0000000000000e9e                CAN2_RX0_IRQHandler
                0x0000000000000e9e                TIM8_UP_IRQHandler
                0x0000000000000e9e                Ecall_M_Mode_Handler
                0x0000000000000e9e                DMA2_Channel2_IRQHandler
                0x0000000000000e9e                DMA1_Channel4_IRQHandler
                0x0000000000000e9e                TIM9_UP_IRQHandler
                0x0000000000000e9e                USART3_IRQHandler
                0x0000000000000e9e                RTC_IRQHandler
                0x0000000000000e9e                DMA1_Channel7_IRQHandler
                0x0000000000000e9e                CAN1_RX1_IRQHandler
                0x0000000000000e9e                DVP_IRQHandler
                0x0000000000000e9e                UART5_IRQHandler
                0x0000000000000e9e                TIM4_IRQHandler
                0x0000000000000e9e                DMA2_Channel1_IRQHandler
                0x0000000000000e9e                I2C1_EV_IRQHandler
                0x0000000000000e9e                DMA1_Channel6_IRQHandler
                0x0000000000000e9e                UART4_IRQHandler
                0x0000000000000e9e                TIM3_IRQHandler
                0x0000000000000e9e                RCC_IRQHandler
                0x0000000000000e9e                TIM1_TRG_COM_IRQHandler
                0x0000000000000e9e                DMA1_Channel1_IRQHandler
                0x0000000000000e9e                DMA2_Channel7_IRQHandler
                0x0000000000000e9e                EXTI15_10_IRQHandler
                0x0000000000000e9e                TIM7_IRQHandler
                0x0000000000000e9e                CAN2_TX_IRQHandler
                0x0000000000000e9e                TIM5_IRQHandler
                0x0000000000000e9e                EXTI9_5_IRQHandler
                0x0000000000000e9e                ETH_WKUP_IRQHandler
                0x0000000000000e9e                SPI2_IRQHandler
                0x0000000000000e9e                TIM10_BRK_IRQHandler
                0x0000000000000e9e                TIM9_CC_IRQHandler
                0x0000000000000e9e                DMA2_Channel5_IRQHandler
                0x0000000000000e9e                DMA1_Channel5_IRQHandler
                0x0000000000000e9e                EXTI4_IRQHandler
                0x0000000000000e9e                USB_LP_CAN1_RX0_IRQHandler
                0x0000000000000e9e                RNG_IRQHandler
                0x0000000000000e9e                USB_HP_CAN1_TX_IRQHandler
                0x0000000000000e9e                DMA1_Channel3_IRQHandler
                0x0000000000000e9e                ETH_IRQHandler
                0x0000000000000e9e                TIM1_UP_IRQHandler
                0x0000000000000e9e                WWDG_IRQHandler
                0x0000000000000e9e                USBHSWakeup_IRQHandler
                0x0000000000000e9e                DMA2_Channel11_IRQHandler
                0x0000000000000e9e                Ecall_U_Mode_Handler
                0x0000000000000e9e                DMA2_Channel6_IRQHandler
                0x0000000000000e9e                SW_Handler
                0x0000000000000e9e                TIM1_BRK_IRQHandler
                0x0000000000000e9e                DMA2_Channel10_IRQHandler
                0x0000000000000e9e                EXTI1_IRQHandler
                0x0000000000000e9e                RTCAlarm_IRQHandler
                0x0000000000000e9e                TIM10_UP_IRQHandler
                0x0000000000000e9e                TIM9_TRG_COM_IRQHandler
                0x0000000000000e9e                UART7_IRQHandler
                0x0000000000000e9e                USART2_IRQHandler
                0x0000000000000e9e                UART6_IRQHandler
                0x0000000000000e9e                I2C2_ER_IRQHandler
                0x0000000000000e9e                DMA1_Channel2_IRQHandler
                0x0000000000000e9e                TIM8_BRK_IRQHandler
                0x0000000000000e9e                CAN1_SCE_IRQHandler
                0x0000000000000e9e                FLASH_IRQHandler
                0x0000000000000e9e                USART1_IRQHandler
                0x0000000000000e9e                SPI3_IRQHandler
                0x0000000000000e9e                I2C1_ER_IRQHandler
                0x0000000000000e9e                USBWakeUp_IRQHandler
                0x0000000000000e9e                DMA2_Channel3_IRQHandler
 .text.handle_reset
                0x0000000000000ea0       0x8c CMakeFiles/SimulateCDC_Dac.elf.dir/Startup/startup_ch32v30x_D8C.S.obj
                0x0000000000000ea0                handle_reset
 .text.RCC_Configuration
                0x0000000000000f2c       0x26 CMakeFiles/SimulateCDC_Dac.elf.dir/User/UART/UART.c.obj
                0x0000000000000f2c                RCC_Configuration
 .text.TIM2_Init
                0x0000000000000f52       0x6a CMakeFiles/SimulateCDC_Dac.elf.dir/User/UART/UART.c.obj
                0x0000000000000f52                TIM2_Init
 .text.UART2_CfgInit
                0x0000000000000fbc      0x132 CMakeFiles/SimulateCDC_Dac.elf.dir/User/UART/UART.c.obj
                0x0000000000000fbc                UART2_CfgInit
 .text.UART2_ParaInit
                0x00000000000010ee       0x9e CMakeFiles/SimulateCDC_Dac.elf.dir/User/UART/UART.c.obj
                0x00000000000010ee                UART2_ParaInit
 .text.UART2_DMAInit
                0x000000000000118c       0xc2 CMakeFiles/SimulateCDC_Dac.elf.dir/User/UART/UART.c.obj
                0x000000000000118c                UART2_DMAInit
 .text.UART2_Init
                0x000000000000124e       0x86 CMakeFiles/SimulateCDC_Dac.elf.dir/User/UART/UART.c.obj
                0x000000000000124e                UART2_Init
 .text.UART2_USB_Init
                0x00000000000012d4       0x5a CMakeFiles/SimulateCDC_Dac.elf.dir/User/UART/UART.c.obj
                0x00000000000012d4                UART2_USB_Init
 .text.USBHS_RCC_Init
                0x000000000000132e       0x34 CMakeFiles/SimulateCDC_Dac.elf.dir/User/USB_Device/ch32v30x_usbhs_device.c.obj
                0x000000000000132e                USBHS_RCC_Init
 .text.USBHS_Device_Endp_Init
                0x0000000000001362       0x86 CMakeFiles/SimulateCDC_Dac.elf.dir/User/USB_Device/ch32v30x_usbhs_device.c.obj
                0x0000000000001362                USBHS_Device_Endp_Init
 .text.USBHS_Device_Init
                0x00000000000013e8       0x82 CMakeFiles/SimulateCDC_Dac.elf.dir/User/USB_Device/ch32v30x_usbhs_device.c.obj
                0x00000000000013e8                USBHS_Device_Init
 .text.USBHS_IRQHandler
                0x000000000000146a      0x970 CMakeFiles/SimulateCDC_Dac.elf.dir/User/USB_Device/ch32v30x_usbhs_device.c.obj
                0x000000000000146a                USBHS_IRQHandler
 .text.usb_send
                0x0000000000001dda       0x5a CMakeFiles/SimulateCDC_Dac.elf.dir/User/cdc_func.c.obj
                0x0000000000001dda                usb_send
 .text.NMI_Handler
                0x0000000000001e34        0x4 CMakeFiles/SimulateCDC_Dac.elf.dir/User/ch32v30x_it.c.obj
                0x0000000000001e34                NMI_Handler
 .text.TIM2_IRQHandler
                0x0000000000001e38       0x70 CMakeFiles/SimulateCDC_Dac.elf.dir/User/ch32v30x_it.c.obj
                0x0000000000001e38                TIM2_IRQHandler
 .text.DMA2_Channel4_IRQHandler
                0x0000000000001ea8       0xec CMakeFiles/SimulateCDC_Dac.elf.dir/User/ch32v30x_it.c.obj
                0x0000000000001ea8                DMA2_Channel4_IRQHandler
 .text.HardFault_Handler
                0x0000000000001f94       0x36 CMakeFiles/SimulateCDC_Dac.elf.dir/User/ch32v30x_it.c.obj
                0x0000000000001f94                HardFault_Handler
 .text.DMA2_CH4_Init
                0x0000000000001fca       0xb0 CMakeFiles/SimulateCDC_Dac.elf.dir/User/main.c.obj
                0x0000000000001fca                DMA2_CH4_Init
 .text.Dac_Init
                0x000000000000207a       0x74 CMakeFiles/SimulateCDC_Dac.elf.dir/User/main.c.obj
                0x000000000000207a                Dac_Init
 .text.TIM1_PWM_In
                0x00000000000020ee       0xbc CMakeFiles/SimulateCDC_Dac.elf.dir/User/main.c.obj
                0x00000000000020ee                TIM1_PWM_In
 .text.main     0x00000000000021aa      0x196 CMakeFiles/SimulateCDC_Dac.elf.dir/User/main.c.obj
                0x00000000000021aa                main
 .text.SetSysClockTo144_HSE
                0x0000000000002340       0xb6 CMakeFiles/SimulateCDC_Dac.elf.dir/User/system_ch32v30x.c.obj
 .text.SetSysClock
                0x00000000000023f6        0xc CMakeFiles/SimulateCDC_Dac.elf.dir/User/system_ch32v30x.c.obj
 .text.SystemInit
                0x0000000000002402       0x5c CMakeFiles/SimulateCDC_Dac.elf.dir/User/system_ch32v30x.c.obj
                0x0000000000002402                SystemInit
 .text.SystemCoreClockUpdate
                0x000000000000245e      0x114 CMakeFiles/SimulateCDC_Dac.elf.dir/User/system_ch32v30x.c.obj
                0x000000000000245e                SystemCoreClockUpdate
 .text._puts_r  0x0000000000002572      0x10e c:/mounri~1/mounri~1/toolch~1/risc-v~2/bin/../lib/gcc/riscv-none-elf/12.2.0/../../../../riscv-none-elf/lib/rv32imafc/ilp32f\libc_nano.a(lib_a-puts.o)
                0x0000000000002572                _puts_r
 .text.puts     0x0000000000002680        0x8 c:/mounri~1/mounri~1/toolch~1/risc-v~2/bin/../lib/gcc/riscv-none-elf/12.2.0/../../../../riscv-none-elf/lib/rv32imafc/ilp32f\libc_nano.a(lib_a-puts.o)
                0x0000000000002680                puts
 .text.__swbuf_r
                0x0000000000002688       0xc0 c:/mounri~1/mounri~1/toolch~1/risc-v~2/bin/../lib/gcc/riscv-none-elf/12.2.0/../../../../riscv-none-elf/lib/rv32imafc/ilp32f\libc_nano.a(lib_a-wbuf.o)
                0x0000000000002688                __swbuf_r
 .text.__swsetup_r
                0x0000000000002748       0xfa c:/mounri~1/mounri~1/toolch~1/risc-v~2/bin/../lib/gcc/riscv-none-elf/12.2.0/../../../../riscv-none-elf/lib/rv32imafc/ilp32f\libc_nano.a(lib_a-wsetup.o)
                0x0000000000002748                __swsetup_r
 .text.__sflush_r
                0x0000000000002842      0x138 c:/mounri~1/mounri~1/toolch~1/risc-v~2/bin/../lib/gcc/riscv-none-elf/12.2.0/../../../../riscv-none-elf/lib/rv32imafc/ilp32f\libc_nano.a(lib_a-fflush.o)
                0x0000000000002842                __sflush_r
 .text._fflush_r
                0x000000000000297a       0x88 c:/mounri~1/mounri~1/toolch~1/risc-v~2/bin/../lib/gcc/riscv-none-elf/12.2.0/../../../../riscv-none-elf/lib/rv32imafc/ilp32f\libc_nano.a(lib_a-fflush.o)
                0x000000000000297a                _fflush_r
 .text.std      0x0000000000002a02       0x6a c:/mounri~1/mounri~1/toolch~1/risc-v~2/bin/../lib/gcc/riscv-none-elf/12.2.0/../../../../riscv-none-elf/lib/rv32imafc/ilp32f\libc_nano.a(lib_a-findfp.o)
 .text._cleanup_r
                0x0000000000002a6c        0xa c:/mounri~1/mounri~1/toolch~1/risc-v~2/bin/../lib/gcc/riscv-none-elf/12.2.0/../../../../riscv-none-elf/lib/rv32imafc/ilp32f\libc_nano.a(lib_a-findfp.o)
                0x0000000000002a6c                _cleanup_r
 .text.__sfmoreglue
                0x0000000000002a76       0x46 c:/mounri~1/mounri~1/toolch~1/risc-v~2/bin/../lib/gcc/riscv-none-elf/12.2.0/../../../../riscv-none-elf/lib/rv32imafc/ilp32f\libc_nano.a(lib_a-findfp.o)
                0x0000000000002a76                __sfmoreglue
 .text.__sfp_lock_acquire
                0x0000000000002abc        0x6 c:/mounri~1/mounri~1/toolch~1/risc-v~2/bin/../lib/gcc/riscv-none-elf/12.2.0/../../../../riscv-none-elf/lib/rv32imafc/ilp32f\libc_nano.a(lib_a-findfp.o)
                0x0000000000002abc                __sfp_lock_acquire
 .text.__sfp_lock_release
                0x0000000000002ac2        0x6 c:/mounri~1/mounri~1/toolch~1/risc-v~2/bin/../lib/gcc/riscv-none-elf/12.2.0/../../../../riscv-none-elf/lib/rv32imafc/ilp32f\libc_nano.a(lib_a-findfp.o)
                0x0000000000002ac2                __sfp_lock_release
 .text.__sinit_lock_acquire
                0x0000000000002ac8        0x6 c:/mounri~1/mounri~1/toolch~1/risc-v~2/bin/../lib/gcc/riscv-none-elf/12.2.0/../../../../riscv-none-elf/lib/rv32imafc/ilp32f\libc_nano.a(lib_a-findfp.o)
                0x0000000000002ac8                __sinit_lock_acquire
 .text.__sinit_lock_release
                0x0000000000002ace        0x6 c:/mounri~1/mounri~1/toolch~1/risc-v~2/bin/../lib/gcc/riscv-none-elf/12.2.0/../../../../riscv-none-elf/lib/rv32imafc/ilp32f\libc_nano.a(lib_a-findfp.o)
                0x0000000000002ace                __sinit_lock_release
 .text.__sinit  0x0000000000002ad4       0x68 c:/mounri~1/mounri~1/toolch~1/risc-v~2/bin/../lib/gcc/riscv-none-elf/12.2.0/../../../../riscv-none-elf/lib/rv32imafc/ilp32f\libc_nano.a(lib_a-findfp.o)
                0x0000000000002ad4                __sinit
 .text.__sfp    0x0000000000002b3c       0xa6 c:/mounri~1/mounri~1/toolch~1/risc-v~2/bin/../lib/gcc/riscv-none-elf/12.2.0/../../../../riscv-none-elf/lib/rv32imafc/ilp32f\libc_nano.a(lib_a-findfp.o)
                0x0000000000002b3c                __sfp
 .text._fwalk_reent
                0x0000000000002be2       0x6a c:/mounri~1/mounri~1/toolch~1/risc-v~2/bin/../lib/gcc/riscv-none-elf/12.2.0/../../../../riscv-none-elf/lib/rv32imafc/ilp32f\libc_nano.a(lib_a-fwalk.o)
                0x0000000000002be2                _fwalk_reent
 .text.__retarget_lock_init_recursive
                0x0000000000002c4c        0x2 c:/mounri~1/mounri~1/toolch~1/risc-v~2/bin/../lib/gcc/riscv-none-elf/12.2.0/../../../../riscv-none-elf/lib/rv32imafc/ilp32f\libc_nano.a(lib_a-lock.o)
                0x0000000000002c4c                __retarget_lock_init_recursive
 .text.__retarget_lock_acquire_recursive
                0x0000000000002c4e        0x2 c:/mounri~1/mounri~1/toolch~1/risc-v~2/bin/../lib/gcc/riscv-none-elf/12.2.0/../../../../riscv-none-elf/lib/rv32imafc/ilp32f\libc_nano.a(lib_a-lock.o)
                0x0000000000002c4e                __retarget_lock_acquire_recursive
 .text.__retarget_lock_release_recursive
                0x0000000000002c50        0x2 c:/mounri~1/mounri~1/toolch~1/risc-v~2/bin/../lib/gcc/riscv-none-elf/12.2.0/../../../../riscv-none-elf/lib/rv32imafc/ilp32f\libc_nano.a(lib_a-lock.o)
                0x0000000000002c50                __retarget_lock_release_recursive
 .text.__swhatbuf_r
                0x0000000000002c52       0x5a c:/mounri~1/mounri~1/toolch~1/risc-v~2/bin/../lib/gcc/riscv-none-elf/12.2.0/../../../../riscv-none-elf/lib/rv32imafc/ilp32f\libc_nano.a(lib_a-makebuf.o)
                0x0000000000002c52                __swhatbuf_r
 .text.__smakebuf_r
                0x0000000000002cac       0xa2 c:/mounri~1/mounri~1/toolch~1/risc-v~2/bin/../lib/gcc/riscv-none-elf/12.2.0/../../../../riscv-none-elf/lib/rv32imafc/ilp32f\libc_nano.a(lib_a-makebuf.o)
                0x0000000000002cac                __smakebuf_r
 .text._free_r  0x0000000000002d4e       0x9e c:/mounri~1/mounri~1/toolch~1/risc-v~2/bin/../lib/gcc/riscv-none-elf/12.2.0/../../../../riscv-none-elf/lib/rv32imafc/ilp32f\libc_nano.a(lib_a-nano-freer.o)
                0x0000000000002d4e                _free_r
 .text.sbrk_aligned
                0x0000000000002dec       0x54 c:/mounri~1/mounri~1/toolch~1/risc-v~2/bin/../lib/gcc/riscv-none-elf/12.2.0/../../../../riscv-none-elf/lib/rv32imafc/ilp32f\libc_nano.a(lib_a-nano-mallocr.o)
 .text._malloc_r
                0x0000000000002e40      0x108 c:/mounri~1/mounri~1/toolch~1/risc-v~2/bin/../lib/gcc/riscv-none-elf/12.2.0/../../../../riscv-none-elf/lib/rv32imafc/ilp32f\libc_nano.a(lib_a-nano-mallocr.o)
                0x0000000000002e40                _malloc_r
 .text._sbrk_r  0x0000000000002f48       0x28 c:/mounri~1/mounri~1/toolch~1/risc-v~2/bin/../lib/gcc/riscv-none-elf/12.2.0/../../../../riscv-none-elf/lib/rv32imafc/ilp32f\libc_nano.a(lib_a-sbrkr.o)
                0x0000000000002f48                _sbrk_r
 .text.__sread  0x0000000000002f70       0x30 c:/mounri~1/mounri~1/toolch~1/risc-v~2/bin/../lib/gcc/riscv-none-elf/12.2.0/../../../../riscv-none-elf/lib/rv32imafc/ilp32f\libc_nano.a(lib_a-stdio.o)
                0x0000000000002f70                __sread
 .text.__swrite
                0x0000000000002fa0       0x4e c:/mounri~1/mounri~1/toolch~1/risc-v~2/bin/../lib/gcc/riscv-none-elf/12.2.0/../../../../riscv-none-elf/lib/rv32imafc/ilp32f\libc_nano.a(lib_a-stdio.o)
                0x0000000000002fa0                __swrite
 .text.__sseek  0x0000000000002fee       0x36 c:/mounri~1/mounri~1/toolch~1/risc-v~2/bin/../lib/gcc/riscv-none-elf/12.2.0/../../../../riscv-none-elf/lib/rv32imafc/ilp32f\libc_nano.a(lib_a-stdio.o)
                0x0000000000002fee                __sseek
 .text.__sclose
                0x0000000000003024        0x6 c:/mounri~1/mounri~1/toolch~1/risc-v~2/bin/../lib/gcc/riscv-none-elf/12.2.0/../../../../riscv-none-elf/lib/rv32imafc/ilp32f\libc_nano.a(lib_a-stdio.o)
                0x0000000000003024                __sclose
 .text._write_r
                0x000000000000302a       0x2c c:/mounri~1/mounri~1/toolch~1/risc-v~2/bin/../lib/gcc/riscv-none-elf/12.2.0/../../../../riscv-none-elf/lib/rv32imafc/ilp32f\libc_nano.a(lib_a-writer.o)
                0x000000000000302a                _write_r
 .text._close_r
                0x0000000000003056       0x26 c:/mounri~1/mounri~1/toolch~1/risc-v~2/bin/../lib/gcc/riscv-none-elf/12.2.0/../../../../riscv-none-elf/lib/rv32imafc/ilp32f\libc_nano.a(lib_a-closer.o)
                0x0000000000003056                _close_r
 .text._fstat_r
                0x000000000000307c       0x28 c:/mounri~1/mounri~1/toolch~1/risc-v~2/bin/../lib/gcc/riscv-none-elf/12.2.0/../../../../riscv-none-elf/lib/rv32imafc/ilp32f\libc_nano.a(lib_a-fstatr.o)
                0x000000000000307c                _fstat_r
 .text._isatty_r
                0x00000000000030a4       0x26 c:/mounri~1/mounri~1/toolch~1/risc-v~2/bin/../lib/gcc/riscv-none-elf/12.2.0/../../../../riscv-none-elf/lib/rv32imafc/ilp32f\libc_nano.a(lib_a-isattyr.o)
                0x00000000000030a4                _isatty_r
 .text._lseek_r
                0x00000000000030ca       0x2a c:/mounri~1/mounri~1/toolch~1/risc-v~2/bin/../lib/gcc/riscv-none-elf/12.2.0/../../../../riscv-none-elf/lib/rv32imafc/ilp32f\libc_nano.a(lib_a-lseekr.o)
                0x00000000000030ca                _lseek_r
 .text.__malloc_lock
                0x00000000000030f4        0x8 c:/mounri~1/mounri~1/toolch~1/risc-v~2/bin/../lib/gcc/riscv-none-elf/12.2.0/../../../../riscv-none-elf/lib/rv32imafc/ilp32f\libc_nano.a(lib_a-mlock.o)
                0x00000000000030f4                __malloc_lock
 .text.__malloc_unlock
                0x00000000000030fc        0x8 c:/mounri~1/mounri~1/toolch~1/risc-v~2/bin/../lib/gcc/riscv-none-elf/12.2.0/../../../../riscv-none-elf/lib/rv32imafc/ilp32f\libc_nano.a(lib_a-mlock.o)
                0x00000000000030fc                __malloc_unlock
 .text._read_r  0x0000000000003104       0x2a c:/mounri~1/mounri~1/toolch~1/risc-v~2/bin/../lib/gcc/riscv-none-elf/12.2.0/../../../../riscv-none-elf/lib/rv32imafc/ilp32f\libc_nano.a(lib_a-readr.o)
                0x0000000000003104                _read_r
 .text._close   0x000000000000312e        0xc c:/mounri~1/mounri~1/toolch~1/risc-v~2/bin/../lib/gcc/riscv-none-elf/12.2.0/../../../../riscv-none-elf/lib/rv32imafc/ilp32f\libnosys.a(close.o)
                0x000000000000312e                _close
 .text._fstat   0x000000000000313a        0xc c:/mounri~1/mounri~1/toolch~1/risc-v~2/bin/../lib/gcc/riscv-none-elf/12.2.0/../../../../riscv-none-elf/lib/rv32imafc/ilp32f\libnosys.a(fstat.o)
                0x000000000000313a                _fstat
 .text._isatty  0x0000000000003146        0xc c:/mounri~1/mounri~1/toolch~1/risc-v~2/bin/../lib/gcc/riscv-none-elf/12.2.0/../../../../riscv-none-elf/lib/rv32imafc/ilp32f\libnosys.a(isatty.o)
                0x0000000000003146                _isatty
 .text._lseek   0x0000000000003152        0xc c:/mounri~1/mounri~1/toolch~1/risc-v~2/bin/../lib/gcc/riscv-none-elf/12.2.0/../../../../riscv-none-elf/lib/rv32imafc/ilp32f\libnosys.a(lseek.o)
                0x0000000000003152                _lseek
 .text._read    0x000000000000315e        0xc c:/mounri~1/mounri~1/toolch~1/risc-v~2/bin/../lib/gcc/riscv-none-elf/12.2.0/../../../../riscv-none-elf/lib/rv32imafc/ilp32f\libnosys.a(read.o)
                0x000000000000315e                _read
 *(.rodata)
 *(.rodata*)
 *fill*         0x000000000000316a        0x2 
 .rodata.USBHS_IRQHandler
                0x000000000000316c       0x50 CMakeFiles/SimulateCDC_Dac.elf.dir/User/USB_Device/ch32v30x_usbhs_device.c.obj
 .rodata.MyQuaDesc
                0x00000000000031bc        0xa CMakeFiles/SimulateCDC_Dac.elf.dir/User/USB_Device/usb_desc.c.obj
                0x00000000000031bc                MyQuaDesc
 *fill*         0x00000000000031c6        0x2 
 .rodata.MySerNumInfo
                0x00000000000031c8       0x16 CMakeFiles/SimulateCDC_Dac.elf.dir/User/USB_Device/usb_desc.c.obj
                0x00000000000031c8                MySerNumInfo
 *fill*         0x00000000000031de        0x2 
 .rodata.MyProdInfo
                0x00000000000031e0       0x16 CMakeFiles/SimulateCDC_Dac.elf.dir/User/USB_Device/usb_desc.c.obj
                0x00000000000031e0                MyProdInfo
 *fill*         0x00000000000031f6        0x2 
 .rodata.MyManuInfo
                0x00000000000031f8        0xe CMakeFiles/SimulateCDC_Dac.elf.dir/User/USB_Device/usb_desc.c.obj
                0x00000000000031f8                MyManuInfo
 *fill*         0x0000000000003206        0x2 
 .rodata.MyCfgDescr_HS
                0x0000000000003208       0x43 CMakeFiles/SimulateCDC_Dac.elf.dir/User/USB_Device/usb_desc.c.obj
                0x0000000000003208                MyCfgDescr_HS
 *fill*         0x000000000000324b        0x1 
 .rodata.MyCfgDescr_FS
                0x000000000000324c       0x43 CMakeFiles/SimulateCDC_Dac.elf.dir/User/USB_Device/usb_desc.c.obj
                0x000000000000324c                MyCfgDescr_FS
 *fill*         0x000000000000328f        0x1 
 .rodata.MyDevDescr
                0x0000000000003290       0x12 CMakeFiles/SimulateCDC_Dac.elf.dir/User/USB_Device/usb_desc.c.obj
                0x0000000000003290                MyDevDescr
 *fill*         0x00000000000032a2        0x2 
 .rodata.HardFault_Handler.str1.4
                0x00000000000032a4        0xb CMakeFiles/SimulateCDC_Dac.elf.dir/User/ch32v30x_it.c.obj
 *fill*         0x00000000000032af        0x1 
 .rodata.main.str1.4
                0x00000000000032b0        0xb CMakeFiles/SimulateCDC_Dac.elf.dir/User/main.c.obj
 *fill*         0x00000000000032bb        0x1 
 .rodata.__sf_fake_stderr
                0x00000000000032bc       0x20 c:/mounri~1/mounri~1/toolch~1/risc-v~2/bin/../lib/gcc/riscv-none-elf/12.2.0/../../../../riscv-none-elf/lib/rv32imafc/ilp32f\libc_nano.a(lib_a-findfp.o)
                0x00000000000032bc                __sf_fake_stderr
 .rodata.__sf_fake_stdout
                0x00000000000032dc       0x20 c:/mounri~1/mounri~1/toolch~1/risc-v~2/bin/../lib/gcc/riscv-none-elf/12.2.0/../../../../riscv-none-elf/lib/rv32imafc/ilp32f\libc_nano.a(lib_a-findfp.o)
                0x00000000000032dc                __sf_fake_stdout
 .rodata.__sf_fake_stdin
                0x00000000000032fc       0x20 c:/mounri~1/mounri~1/toolch~1/risc-v~2/bin/../lib/gcc/riscv-none-elf/12.2.0/../../../../riscv-none-elf/lib/rv32imafc/ilp32f\libc_nano.a(lib_a-findfp.o)
                0x00000000000032fc                __sf_fake_stdin
 *(.gnu.linkonce.t.*)
                0x000000000000331c                . = ALIGN (0x4)

.rela.dyn       0x000000000000331c        0x0
 .rela.text._sbrk
                0x000000000000331c        0x0 CMakeFiles/SimulateCDC_Dac.elf.dir/Debug/debug.c.obj
 .rela.sdata.curbrk.0
                0x000000000000331c        0x0 CMakeFiles/SimulateCDC_Dac.elf.dir/Debug/debug.c.obj
 .rela.init     0x000000000000331c        0x0 CMakeFiles/SimulateCDC_Dac.elf.dir/Debug/debug.c.obj
 .rela.vector   0x000000000000331c        0x0 CMakeFiles/SimulateCDC_Dac.elf.dir/Debug/debug.c.obj
 .rela.text.handle_reset
                0x000000000000331c        0x0 CMakeFiles/SimulateCDC_Dac.elf.dir/Debug/debug.c.obj

.fini           0x000000000000331c        0x0
 *(SORT_NONE(.fini))
                0x000000000000331c                . = ALIGN (0x4)
                [!provide]                        PROVIDE (_etext = .)
                [!provide]                        PROVIDE (_eitcm = .)

.preinit_array  0x000000000000331c        0x0
                [!provide]                        PROVIDE (__preinit_array_start = .)
 *(.preinit_array)
                [!provide]                        PROVIDE (__preinit_array_end = .)

.init_array     0x000000000000331c        0x0
                [!provide]                        PROVIDE (__init_array_start = .)
 *(SORT_BY_INIT_PRIORITY(.init_array.*) SORT_BY_INIT_PRIORITY(.ctors.*))
 *(.init_array EXCLUDE_FILE(*crtend?.o *crtend.o *crtbegin?.o *crtbegin.o) .ctors)
                [!provide]                        PROVIDE (__init_array_end = .)

.fini_array     0x000000000000331c        0x0
                [!provide]                        PROVIDE (__fini_array_start = .)
 *(SORT_BY_INIT_PRIORITY(.fini_array.*) SORT_BY_INIT_PRIORITY(.dtors.*))
 *(.fini_array EXCLUDE_FILE(*crtend?.o *crtend.o *crtbegin?.o *crtbegin.o) .dtors)
                [!provide]                        PROVIDE (__fini_array_end = .)

.ctors
 *crtbegin.o(.ctors)
 *crtbegin?.o(.ctors)
 *(EXCLUDE_FILE(*crtend?.o *crtend.o) .ctors)
 *(SORT_BY_NAME(.ctors.*))
 *(.ctors)

.dtors
 *crtbegin.o(.dtors)
 *crtbegin?.o(.dtors)
 *(EXCLUDE_FILE(*crtend?.o *crtend.o) .dtors)
 *(SORT_BY_NAME(.dtors.*))
 *(.dtors)

.dalign         0x0000000020000000        0x0 load address 0x000000000000331c
                0x0000000020000000                . = ALIGN (0x4)
                0x0000000020000000                PROVIDE (_data_vma = .)

.dlalign        0x000000000000331c        0x0
                0x000000000000331c                . = ALIGN (0x4)
                0x000000000000331c                PROVIDE (_data_lma = .)

.data           0x0000000020000000      0x128 load address 0x000000000000331c
 *(.gnu.linkonce.r.*)
 *(.data .data.*)
 .data.APBAHBPrescTable
                0x0000000020000000       0x10 CMakeFiles/SimulateCDC_Dac.elf.dir/Peripheral/src/ch32v30x_rcc.c.obj
 .data.TAB_USB_HS_OSC_DESC
                0x0000000020000010       0x43 CMakeFiles/SimulateCDC_Dac.elf.dir/User/USB_Device/usb_desc.c.obj
                0x0000000020000010                TAB_USB_HS_OSC_DESC
 *fill*         0x0000000020000053        0x1 
 .data.TAB_USB_FS_OSC_DESC
                0x0000000020000054       0x43 CMakeFiles/SimulateCDC_Dac.elf.dir/User/USB_Device/usb_desc.c.obj
                0x0000000020000054                TAB_USB_FS_OSC_DESC
 *fill*         0x0000000020000097        0x1 
 .data.AHBPrescTable
                0x0000000020000098       0x10 CMakeFiles/SimulateCDC_Dac.elf.dir/User/system_ch32v30x.c.obj
                0x0000000020000098                AHBPrescTable
 .data.impure_data
                0x00000000200000a8       0x60 c:/mounri~1/mounri~1/toolch~1/risc-v~2/bin/../lib/gcc/riscv-none-elf/12.2.0/../../../../riscv-none-elf/lib/rv32imafc/ilp32f\libc_nano.a(lib_a-impure.o)
 *(.gnu.linkonce.d.*)
                0x0000000020000108                . = ALIGN (0x8)
                0x0000000020000908                PROVIDE (__global_pointer$ = (. + 0x800))
 *(.sdata .sdata.*)
 .sdata.curbrk.0
                0x0000000020000108        0x4 CMakeFiles/SimulateCDC_Dac.elf.dir/Debug/debug.c.obj
 .sdata.ADCPrescTable
                0x000000002000010c        0x4 CMakeFiles/SimulateCDC_Dac.elf.dir/Peripheral/src/ch32v30x_rcc.c.obj
 .sdata.down_Time_period
                0x0000000020000110        0x2 CMakeFiles/SimulateCDC_Dac.elf.dir/User/main.c.obj
                0x0000000020000110                down_Time_period
 .sdata.up_Time_period
                0x0000000020000112        0x2 CMakeFiles/SimulateCDC_Dac.elf.dir/User/main.c.obj
                0x0000000020000112                up_Time_period
 .sdata.cnt     0x0000000020000114        0x2 CMakeFiles/SimulateCDC_Dac.elf.dir/User/main.c.obj
                0x0000000020000114                cnt
 *fill*         0x0000000020000116        0x2 
 .sdata.SystemCoreClock
                0x0000000020000118        0x4 CMakeFiles/SimulateCDC_Dac.elf.dir/User/system_ch32v30x.c.obj
                0x0000000020000118                SystemCoreClock
 .sdata._impure_ptr
                0x000000002000011c        0x4 c:/mounri~1/mounri~1/toolch~1/risc-v~2/bin/../lib/gcc/riscv-none-elf/12.2.0/../../../../riscv-none-elf/lib/rv32imafc/ilp32f\libc_nano.a(lib_a-impure.o)
                0x000000002000011c                _impure_ptr
 *(.sdata2.*)
 *(.gnu.linkonce.s.*)
                0x0000000020000120                . = ALIGN (0x8)
 *(.srodata.cst16)
 *(.srodata.cst8)
 *(.srodata.cst4)
 *(.srodata.cst2)
 *(.srodata .srodata.*)
 .srodata.MyLangDescr
                0x0000000020000120        0x4 CMakeFiles/SimulateCDC_Dac.elf.dir/User/USB_Device/usb_desc.c.obj
                0x0000000020000120                MyLangDescr
 .srodata._global_impure_ptr
                0x0000000020000124        0x4 c:/mounri~1/mounri~1/toolch~1/risc-v~2/bin/../lib/gcc/riscv-none-elf/12.2.0/../../../../riscv-none-elf/lib/rv32imafc/ilp32f\libc_nano.a(lib_a-impure.o)
                0x0000000020000124                _global_impure_ptr
                0x0000000020000128                . = ALIGN (0x4)
                0x0000000020000128                PROVIDE (_edata = .)

.bss            0x0000000020000128     0x24c8 load address 0x0000000000003444
                0x0000000020000128                . = ALIGN (0x4)
                0x0000000020000128                PROVIDE (_sbss = .)
 *(.sbss*)
 .sbss.p_ms     0x0000000020000128        0x2 CMakeFiles/SimulateCDC_Dac.elf.dir/Debug/debug.c.obj
 .sbss.p_us     0x000000002000012a        0x1 CMakeFiles/SimulateCDC_Dac.elf.dir/Debug/debug.c.obj
 *fill*         0x000000002000012b        0x1 
 .sbss.NVIC_Priority_Group
                0x000000002000012c        0x4 CMakeFiles/SimulateCDC_Dac.elf.dir/Peripheral/src/ch32v30x_misc.c.obj
                0x000000002000012c                NVIC_Priority_Group
 .sbss.UARTx_Rx_DMALastCount
                0x0000000020000130        0x4 CMakeFiles/SimulateCDC_Dac.elf.dir/User/UART/UART.c.obj
                0x0000000020000130                UARTx_Rx_DMALastCount
 .sbss.UARTx_Rx_DMACurCount
                0x0000000020000134        0x4 CMakeFiles/SimulateCDC_Dac.elf.dir/User/UART/UART.c.obj
                0x0000000020000134                UARTx_Rx_DMACurCount
 .sbss.USBHS_DevEnumStatus
                0x0000000020000138        0x1 CMakeFiles/SimulateCDC_Dac.elf.dir/User/USB_Device/ch32v30x_usbhs_device.c.obj
                0x0000000020000138                USBHS_DevEnumStatus
 .sbss.USBHS_DevSleepStatus
                0x0000000020000139        0x1 CMakeFiles/SimulateCDC_Dac.elf.dir/User/USB_Device/ch32v30x_usbhs_device.c.obj
                0x0000000020000139                USBHS_DevSleepStatus
 .sbss.USBHS_DevSpeed
                0x000000002000013a        0x1 CMakeFiles/SimulateCDC_Dac.elf.dir/User/USB_Device/ch32v30x_usbhs_device.c.obj
                0x000000002000013a                USBHS_DevSpeed
 *fill*         0x000000002000013b        0x1 
 .sbss.USBHS_DevMaxPackLen
                0x000000002000013c        0x2 CMakeFiles/SimulateCDC_Dac.elf.dir/User/USB_Device/ch32v30x_usbhs_device.c.obj
                0x000000002000013c                USBHS_DevMaxPackLen
 .sbss.USBHS_DevAddr
                0x000000002000013e        0x1 CMakeFiles/SimulateCDC_Dac.elf.dir/User/USB_Device/ch32v30x_usbhs_device.c.obj
                0x000000002000013e                USBHS_DevAddr
 .sbss.USBHS_DevConfig
                0x000000002000013f        0x1 CMakeFiles/SimulateCDC_Dac.elf.dir/User/USB_Device/ch32v30x_usbhs_device.c.obj
                0x000000002000013f                USBHS_DevConfig
 .sbss.USBHS_SetupReqLen
                0x0000000020000140        0x2 CMakeFiles/SimulateCDC_Dac.elf.dir/User/USB_Device/ch32v30x_usbhs_device.c.obj
                0x0000000020000140                USBHS_SetupReqLen
 .sbss.USBHS_SetupReqIndex
                0x0000000020000142        0x2 CMakeFiles/SimulateCDC_Dac.elf.dir/User/USB_Device/ch32v30x_usbhs_device.c.obj
                0x0000000020000142                USBHS_SetupReqIndex
 .sbss.USBHS_SetupReqValue
                0x0000000020000144        0x2 CMakeFiles/SimulateCDC_Dac.elf.dir/User/USB_Device/ch32v30x_usbhs_device.c.obj
                0x0000000020000144                USBHS_SetupReqValue
 .sbss.USBHS_SetupReqType
                0x0000000020000146        0x1 CMakeFiles/SimulateCDC_Dac.elf.dir/User/USB_Device/ch32v30x_usbhs_device.c.obj
                0x0000000020000146                USBHS_SetupReqType
 .sbss.USBHS_SetupReqCode
                0x0000000020000147        0x1 CMakeFiles/SimulateCDC_Dac.elf.dir/User/USB_Device/ch32v30x_usbhs_device.c.obj
                0x0000000020000147                USBHS_SetupReqCode
 .sbss.pUSBHS_Descr
                0x0000000020000148        0x4 CMakeFiles/SimulateCDC_Dac.elf.dir/User/USB_Device/ch32v30x_usbhs_device.c.obj
                0x0000000020000148                pUSBHS_Descr
 .sbss.usb_rx_len
                0x000000002000014c        0x2 CMakeFiles/SimulateCDC_Dac.elf.dir/User/cdc_func.c.obj
                0x000000002000014c                usb_rx_len
 .sbss.usb_rx_flg1
                0x000000002000014e        0x1 CMakeFiles/SimulateCDC_Dac.elf.dir/User/cdc_func.c.obj
                0x000000002000014e                usb_rx_flg1
 .sbss.tog.0    0x000000002000014f        0x1 CMakeFiles/SimulateCDC_Dac.elf.dir/User/ch32v30x_it.c.obj
 .sbss.__lock___malloc_recursive_mutex
                0x0000000020000150        0x1 c:/mounri~1/mounri~1/toolch~1/risc-v~2/bin/../lib/gcc/riscv-none-elf/12.2.0/../../../../riscv-none-elf/lib/rv32imafc/ilp32f\libc_nano.a(lib_a-lock.o)
                0x0000000020000150                __lock___malloc_recursive_mutex
 *fill*         0x0000000020000151        0x3 
 .sbss.__lock___sfp_recursive_mutex
                0x0000000020000154        0x1 c:/mounri~1/mounri~1/toolch~1/risc-v~2/bin/../lib/gcc/riscv-none-elf/12.2.0/../../../../riscv-none-elf/lib/rv32imafc/ilp32f\libc_nano.a(lib_a-lock.o)
                0x0000000020000154                __lock___sfp_recursive_mutex
 *fill*         0x0000000020000155        0x3 
 .sbss.__lock___sinit_recursive_mutex
                0x0000000020000158        0x1 c:/mounri~1/mounri~1/toolch~1/risc-v~2/bin/../lib/gcc/riscv-none-elf/12.2.0/../../../../riscv-none-elf/lib/rv32imafc/ilp32f\libc_nano.a(lib_a-lock.o)
                0x0000000020000158                __lock___sinit_recursive_mutex
 *fill*         0x0000000020000159        0x3 
 .sbss.__malloc_sbrk_start
                0x000000002000015c        0x4 c:/mounri~1/mounri~1/toolch~1/risc-v~2/bin/../lib/gcc/riscv-none-elf/12.2.0/../../../../riscv-none-elf/lib/rv32imafc/ilp32f\libc_nano.a(lib_a-nano-mallocr.o)
                0x000000002000015c                __malloc_sbrk_start
 .sbss.__malloc_free_list
                0x0000000020000160        0x4 c:/mounri~1/mounri~1/toolch~1/risc-v~2/bin/../lib/gcc/riscv-none-elf/12.2.0/../../../../riscv-none-elf/lib/rv32imafc/ilp32f\libc_nano.a(lib_a-nano-mallocr.o)
                0x0000000020000160                __malloc_free_list
 .sbss.errno    0x0000000020000164        0x4 c:/mounri~1/mounri~1/toolch~1/risc-v~2/bin/../lib/gcc/riscv-none-elf/12.2.0/../../../../riscv-none-elf/lib/rv32imafc/ilp32f\libc_nano.a(lib_a-reent.o)
                0x0000000020000164                errno
 *(.gnu.linkonce.sb.*)
 *(.bss*)
 .bss.UART2_Rx_Buf
                0x0000000020000168      0x800 CMakeFiles/SimulateCDC_Dac.elf.dir/User/UART/UART.c.obj
                0x0000000020000168                UART2_Rx_Buf
 .bss.UART2_Tx_Buf
                0x0000000020000968      0x400 CMakeFiles/SimulateCDC_Dac.elf.dir/User/UART/UART.c.obj
                0x0000000020000968                UART2_Tx_Buf
 .bss.Uart      0x0000000020000d68       0x2a CMakeFiles/SimulateCDC_Dac.elf.dir/User/UART/UART.c.obj
                0x0000000020000d68                Uart
 *fill*         0x0000000020000d92        0x2 
 .bss.USBHS_Endp_Busy
                0x0000000020000d94       0x10 CMakeFiles/SimulateCDC_Dac.elf.dir/User/USB_Device/ch32v30x_usbhs_device.c.obj
                0x0000000020000d94                USBHS_Endp_Busy
 .bss.USBHS_EP3_Tx_Buf
                0x0000000020000da4      0x200 CMakeFiles/SimulateCDC_Dac.elf.dir/User/USB_Device/ch32v30x_usbhs_device.c.obj
                0x0000000020000da4                USBHS_EP3_Tx_Buf
 .bss.USBHS_EP2_Tx_Buf
                0x0000000020000fa4      0x200 CMakeFiles/SimulateCDC_Dac.elf.dir/User/USB_Device/ch32v30x_usbhs_device.c.obj
                0x0000000020000fa4                USBHS_EP2_Tx_Buf
 .bss.USBHS_EP0_Buf
                0x00000000200011a4       0x40 CMakeFiles/SimulateCDC_Dac.elf.dir/User/USB_Device/ch32v30x_usbhs_device.c.obj
                0x00000000200011a4                USBHS_EP0_Buf
 .bss.USB_rx_Buf
                0x00000000200011e4      0x800 CMakeFiles/SimulateCDC_Dac.elf.dir/User/cdc_func.c.obj
                0x00000000200011e4                USB_rx_Buf
 .bss.USB_tx_Buf
                0x00000000200019e4      0x800 CMakeFiles/SimulateCDC_Dac.elf.dir/User/cdc_func.c.obj
                0x00000000200019e4                USB_tx_Buf
 .bss.TIM_TimeBaseInitStructure
                0x00000000200021e4        0xa CMakeFiles/SimulateCDC_Dac.elf.dir/User/main.c.obj
                0x00000000200021e4                TIM_TimeBaseInitStructure
 *fill*         0x00000000200021ee        0x2 
 .bss.buffer    0x00000000200021f0      0x400 CMakeFiles/SimulateCDC_Dac.elf.dir/User/main.c.obj
                0x00000000200021f0                buffer
 *(.gnu.linkonce.b.*)
 *(COMMON*)
                0x00000000200025f0                . = ALIGN (0x4)
                0x00000000200025f0                PROVIDE (_ebss = .)
                0x00000000200025f0                PROVIDE (_end = _ebss)
                [!provide]                        PROVIDE (end = .)

.stack          0x0000000020007800      0x800
                0x0000000020007800                PROVIDE (_heap_end = .)
                0x0000000020007800                . = ALIGN (0x4)
                [!provide]                        PROVIDE (_susrstack = .)
                0x0000000020008000                . = (. + __stack_size)
 *fill*         0x0000000020007800      0x800 
                0x0000000020008000                PROVIDE (_eusrstack = .)
OUTPUT(SimulateCDC_Dac.elf elf32-littleriscv)

.debug_info     0x0000000000000000     0xbb98
 .debug_info    0x0000000000000000      0x6ce CMakeFiles/SimulateCDC_Dac.elf.dir/Debug/debug.c.obj
 .debug_info    0x00000000000006ce      0x4bb CMakeFiles/SimulateCDC_Dac.elf.dir/Peripheral/src/ch32v30x_dac.c.obj
 .debug_info    0x0000000000000b89      0x42e CMakeFiles/SimulateCDC_Dac.elf.dir/Peripheral/src/ch32v30x_dma.c.obj
 .debug_info    0x0000000000000fb7      0xa7d CMakeFiles/SimulateCDC_Dac.elf.dir/Peripheral/src/ch32v30x_gpio.c.obj
 .debug_info    0x0000000000001a34      0x688 CMakeFiles/SimulateCDC_Dac.elf.dir/Peripheral/src/ch32v30x_misc.c.obj
 .debug_info    0x00000000000020bc      0xbef CMakeFiles/SimulateCDC_Dac.elf.dir/Peripheral/src/ch32v30x_rcc.c.obj
 .debug_info    0x0000000000002cab     0x1fa3 CMakeFiles/SimulateCDC_Dac.elf.dir/Peripheral/src/ch32v30x_tim.c.obj
 .debug_info    0x0000000000004c4e      0xb31 CMakeFiles/SimulateCDC_Dac.elf.dir/Peripheral/src/ch32v30x_usart.c.obj
 .debug_info    0x000000000000577f       0x23 CMakeFiles/SimulateCDC_Dac.elf.dir/Startup/startup_ch32v30x_D8C.S.obj
 .debug_info    0x00000000000057a2     0x1d21 CMakeFiles/SimulateCDC_Dac.elf.dir/User/UART/UART.c.obj
 .debug_info    0x00000000000074c3     0x192c CMakeFiles/SimulateCDC_Dac.elf.dir/User/USB_Device/ch32v30x_usbhs_device.c.obj
 .debug_info    0x0000000000008def      0x27b CMakeFiles/SimulateCDC_Dac.elf.dir/User/USB_Device/usb_desc.c.obj
 .debug_info    0x000000000000906a      0xd0e CMakeFiles/SimulateCDC_Dac.elf.dir/User/cdc_func.c.obj
 .debug_info    0x0000000000009d78      0x7f6 CMakeFiles/SimulateCDC_Dac.elf.dir/User/ch32v30x_it.c.obj
 .debug_info    0x000000000000a56e     0x1354 CMakeFiles/SimulateCDC_Dac.elf.dir/User/main.c.obj
 .debug_info    0x000000000000b8c2      0x2d6 CMakeFiles/SimulateCDC_Dac.elf.dir/User/system_ch32v30x.c.obj

.debug_abbrev   0x0000000000000000     0x20e1
 .debug_abbrev  0x0000000000000000      0x233 CMakeFiles/SimulateCDC_Dac.elf.dir/Debug/debug.c.obj
 .debug_abbrev  0x0000000000000233      0x1ee CMakeFiles/SimulateCDC_Dac.elf.dir/Peripheral/src/ch32v30x_dac.c.obj
 .debug_abbrev  0x0000000000000421      0x1a5 CMakeFiles/SimulateCDC_Dac.elf.dir/Peripheral/src/ch32v30x_dma.c.obj
 .debug_abbrev  0x00000000000005c6      0x22f CMakeFiles/SimulateCDC_Dac.elf.dir/Peripheral/src/ch32v30x_gpio.c.obj
 .debug_abbrev  0x00000000000007f5      0x1b9 CMakeFiles/SimulateCDC_Dac.elf.dir/Peripheral/src/ch32v30x_misc.c.obj
 .debug_abbrev  0x00000000000009ae      0x250 CMakeFiles/SimulateCDC_Dac.elf.dir/Peripheral/src/ch32v30x_rcc.c.obj
 .debug_abbrev  0x0000000000000bfe      0x237 CMakeFiles/SimulateCDC_Dac.elf.dir/Peripheral/src/ch32v30x_tim.c.obj
 .debug_abbrev  0x0000000000000e35      0x223 CMakeFiles/SimulateCDC_Dac.elf.dir/Peripheral/src/ch32v30x_usart.c.obj
 .debug_abbrev  0x0000000000001058       0x12 CMakeFiles/SimulateCDC_Dac.elf.dir/Startup/startup_ch32v30x_D8C.S.obj
 .debug_abbrev  0x000000000000106a      0x371 CMakeFiles/SimulateCDC_Dac.elf.dir/User/UART/UART.c.obj
 .debug_abbrev  0x00000000000013db      0x35e CMakeFiles/SimulateCDC_Dac.elf.dir/User/USB_Device/ch32v30x_usbhs_device.c.obj
 .debug_abbrev  0x0000000000001739       0x79 CMakeFiles/SimulateCDC_Dac.elf.dir/User/USB_Device/usb_desc.c.obj
 .debug_abbrev  0x00000000000017b2      0x254 CMakeFiles/SimulateCDC_Dac.elf.dir/User/cdc_func.c.obj
 .debug_abbrev  0x0000000000001a06      0x20b CMakeFiles/SimulateCDC_Dac.elf.dir/User/ch32v30x_it.c.obj
 .debug_abbrev  0x0000000000001c11      0x341 CMakeFiles/SimulateCDC_Dac.elf.dir/User/main.c.obj
 .debug_abbrev  0x0000000000001f52      0x18f CMakeFiles/SimulateCDC_Dac.elf.dir/User/system_ch32v30x.c.obj

.debug_loclists
                0x0000000000000000     0x37ed
 .debug_loclists
                0x0000000000000000      0x11b CMakeFiles/SimulateCDC_Dac.elf.dir/Debug/debug.c.obj
 .debug_loclists
                0x000000000000011b      0x1dd CMakeFiles/SimulateCDC_Dac.elf.dir/Peripheral/src/ch32v30x_dac.c.obj
 .debug_loclists
                0x00000000000002f8      0x177 CMakeFiles/SimulateCDC_Dac.elf.dir/Peripheral/src/ch32v30x_dma.c.obj
 .debug_loclists
                0x000000000000046f      0x76f CMakeFiles/SimulateCDC_Dac.elf.dir/Peripheral/src/ch32v30x_gpio.c.obj
 .debug_loclists
                0x0000000000000bde       0x60 CMakeFiles/SimulateCDC_Dac.elf.dir/Peripheral/src/ch32v30x_misc.c.obj
 .debug_loclists
                0x0000000000000c3e      0x6f4 CMakeFiles/SimulateCDC_Dac.elf.dir/Peripheral/src/ch32v30x_rcc.c.obj
 .debug_loclists
                0x0000000000001332     0x12e2 CMakeFiles/SimulateCDC_Dac.elf.dir/Peripheral/src/ch32v30x_tim.c.obj
 .debug_loclists
                0x0000000000002614      0x67e CMakeFiles/SimulateCDC_Dac.elf.dir/Peripheral/src/ch32v30x_usart.c.obj
 .debug_loclists
                0x0000000000002c92      0x30e CMakeFiles/SimulateCDC_Dac.elf.dir/User/UART/UART.c.obj
 .debug_loclists
                0x0000000000002fa0      0x5a9 CMakeFiles/SimulateCDC_Dac.elf.dir/User/USB_Device/ch32v30x_usbhs_device.c.obj
 .debug_loclists
                0x0000000000003549       0x67 CMakeFiles/SimulateCDC_Dac.elf.dir/User/cdc_func.c.obj
 .debug_loclists
                0x00000000000035b0      0x107 CMakeFiles/SimulateCDC_Dac.elf.dir/User/main.c.obj
 .debug_loclists
                0x00000000000036b7      0x136 CMakeFiles/SimulateCDC_Dac.elf.dir/User/system_ch32v30x.c.obj

.debug_aranges  0x0000000000000000      0x960
 .debug_aranges
                0x0000000000000000       0x50 CMakeFiles/SimulateCDC_Dac.elf.dir/Debug/debug.c.obj
 .debug_aranges
                0x0000000000000050       0x78 CMakeFiles/SimulateCDC_Dac.elf.dir/Peripheral/src/ch32v30x_dac.c.obj
 .debug_aranges
                0x00000000000000c8       0x70 CMakeFiles/SimulateCDC_Dac.elf.dir/Peripheral/src/ch32v30x_dma.c.obj
 .debug_aranges
                0x0000000000000138       0xb0 CMakeFiles/SimulateCDC_Dac.elf.dir/Peripheral/src/ch32v30x_gpio.c.obj
 .debug_aranges
                0x00000000000001e8       0x28 CMakeFiles/SimulateCDC_Dac.elf.dir/Peripheral/src/ch32v30x_misc.c.obj
 .debug_aranges
                0x0000000000000210      0x1a8 CMakeFiles/SimulateCDC_Dac.elf.dir/Peripheral/src/ch32v30x_rcc.c.obj
 .debug_aranges
                0x00000000000003b8      0x2f0 CMakeFiles/SimulateCDC_Dac.elf.dir/Peripheral/src/ch32v30x_tim.c.obj
 .debug_aranges
                0x00000000000006a8       0xf0 CMakeFiles/SimulateCDC_Dac.elf.dir/Peripheral/src/ch32v30x_usart.c.obj
 .debug_aranges
                0x0000000000000798       0x30 CMakeFiles/SimulateCDC_Dac.elf.dir/Startup/startup_ch32v30x_D8C.S.obj
 .debug_aranges
                0x00000000000007c8       0x60 CMakeFiles/SimulateCDC_Dac.elf.dir/User/UART/UART.c.obj
 .debug_aranges
                0x0000000000000828       0x48 CMakeFiles/SimulateCDC_Dac.elf.dir/User/USB_Device/ch32v30x_usbhs_device.c.obj
 .debug_aranges
                0x0000000000000870       0x18 CMakeFiles/SimulateCDC_Dac.elf.dir/User/USB_Device/usb_desc.c.obj
 .debug_aranges
                0x0000000000000888       0x30 CMakeFiles/SimulateCDC_Dac.elf.dir/User/cdc_func.c.obj
 .debug_aranges
                0x00000000000008b8       0x38 CMakeFiles/SimulateCDC_Dac.elf.dir/User/ch32v30x_it.c.obj
 .debug_aranges
                0x00000000000008f0       0x38 CMakeFiles/SimulateCDC_Dac.elf.dir/User/main.c.obj
 .debug_aranges
                0x0000000000000928       0x38 CMakeFiles/SimulateCDC_Dac.elf.dir/User/system_ch32v30x.c.obj

.debug_rnglists
                0x0000000000000000      0x9bd
 .debug_rnglists
                0x0000000000000000       0x4c CMakeFiles/SimulateCDC_Dac.elf.dir/Debug/debug.c.obj
 .debug_rnglists
                0x000000000000004c       0x79 CMakeFiles/SimulateCDC_Dac.elf.dir/Peripheral/src/ch32v30x_dac.c.obj
 .debug_rnglists
                0x00000000000000c5       0x70 CMakeFiles/SimulateCDC_Dac.elf.dir/Peripheral/src/ch32v30x_dma.c.obj
 .debug_rnglists
                0x0000000000000135       0xb8 CMakeFiles/SimulateCDC_Dac.elf.dir/Peripheral/src/ch32v30x_gpio.c.obj
 .debug_rnglists
                0x00000000000001ed       0x1f CMakeFiles/SimulateCDC_Dac.elf.dir/Peripheral/src/ch32v30x_misc.c.obj
 .debug_rnglists
                0x000000000000020c      0x1cf CMakeFiles/SimulateCDC_Dac.elf.dir/Peripheral/src/ch32v30x_rcc.c.obj
 .debug_rnglists
                0x00000000000003db      0x340 CMakeFiles/SimulateCDC_Dac.elf.dir/Peripheral/src/ch32v30x_tim.c.obj
 .debug_rnglists
                0x000000000000071b      0x100 CMakeFiles/SimulateCDC_Dac.elf.dir/Peripheral/src/ch32v30x_usart.c.obj
 .debug_rnglists
                0x000000000000081b       0x20 CMakeFiles/SimulateCDC_Dac.elf.dir/Startup/startup_ch32v30x_D8C.S.obj
 .debug_rnglists
                0x000000000000083b       0x5e CMakeFiles/SimulateCDC_Dac.elf.dir/User/UART/UART.c.obj
 .debug_rnglists
                0x0000000000000899       0x43 CMakeFiles/SimulateCDC_Dac.elf.dir/User/USB_Device/ch32v30x_usbhs_device.c.obj
 .debug_rnglists
                0x00000000000008dc       0x28 CMakeFiles/SimulateCDC_Dac.elf.dir/User/cdc_func.c.obj
 .debug_rnglists
                0x0000000000000904       0x31 CMakeFiles/SimulateCDC_Dac.elf.dir/User/ch32v30x_it.c.obj
 .debug_rnglists
                0x0000000000000935       0x57 CMakeFiles/SimulateCDC_Dac.elf.dir/User/main.c.obj
 .debug_rnglists
                0x000000000000098c       0x31 CMakeFiles/SimulateCDC_Dac.elf.dir/User/system_ch32v30x.c.obj

.debug_line     0x0000000000000000     0xb90a
 .debug_line    0x0000000000000000      0x4ef CMakeFiles/SimulateCDC_Dac.elf.dir/Debug/debug.c.obj
 .debug_line    0x00000000000004ef      0x5d8 CMakeFiles/SimulateCDC_Dac.elf.dir/Peripheral/src/ch32v30x_dac.c.obj
 .debug_line    0x0000000000000ac7      0x9ad CMakeFiles/SimulateCDC_Dac.elf.dir/Peripheral/src/ch32v30x_dma.c.obj
 .debug_line    0x0000000000001474      0xfa8 CMakeFiles/SimulateCDC_Dac.elf.dir/Peripheral/src/ch32v30x_gpio.c.obj
 .debug_line    0x000000000000241c      0x1ce CMakeFiles/SimulateCDC_Dac.elf.dir/Peripheral/src/ch32v30x_misc.c.obj
 .debug_line    0x00000000000025ea     0x1947 CMakeFiles/SimulateCDC_Dac.elf.dir/Peripheral/src/ch32v30x_rcc.c.obj
 .debug_line    0x0000000000003f31     0x3052 CMakeFiles/SimulateCDC_Dac.elf.dir/Peripheral/src/ch32v30x_tim.c.obj
 .debug_line    0x0000000000006f83      0xd8d CMakeFiles/SimulateCDC_Dac.elf.dir/Peripheral/src/ch32v30x_usart.c.obj
 .debug_line    0x0000000000007d10      0x11a CMakeFiles/SimulateCDC_Dac.elf.dir/Startup/startup_ch32v30x_D8C.S.obj
 .debug_line    0x0000000000007e2a     0x123b CMakeFiles/SimulateCDC_Dac.elf.dir/User/UART/UART.c.obj
 .debug_line    0x0000000000009065     0x1766 CMakeFiles/SimulateCDC_Dac.elf.dir/User/USB_Device/ch32v30x_usbhs_device.c.obj
 .debug_line    0x000000000000a7cb       0x51 CMakeFiles/SimulateCDC_Dac.elf.dir/User/USB_Device/usb_desc.c.obj
 .debug_line    0x000000000000a81c      0x1c8 CMakeFiles/SimulateCDC_Dac.elf.dir/User/cdc_func.c.obj
 .debug_line    0x000000000000a9e4      0x24d CMakeFiles/SimulateCDC_Dac.elf.dir/User/ch32v30x_it.c.obj
 .debug_line    0x000000000000ac31      0x66a CMakeFiles/SimulateCDC_Dac.elf.dir/User/main.c.obj
 .debug_line    0x000000000000b29b      0x66f CMakeFiles/SimulateCDC_Dac.elf.dir/User/system_ch32v30x.c.obj

.debug_str      0x0000000000000000     0x34e5
 .debug_str     0x0000000000000000      0x4cd CMakeFiles/SimulateCDC_Dac.elf.dir/Debug/debug.c.obj
                                        0x550 (size before relaxing)
 .debug_str     0x00000000000004cd      0x20d CMakeFiles/SimulateCDC_Dac.elf.dir/Peripheral/src/ch32v30x_dac.c.obj
                                        0x3ec (size before relaxing)
 .debug_str     0x00000000000006da      0x1f5 CMakeFiles/SimulateCDC_Dac.elf.dir/Peripheral/src/ch32v30x_dma.c.obj
                                        0x3e0 (size before relaxing)
 .debug_str     0x00000000000008cf      0x23b CMakeFiles/SimulateCDC_Dac.elf.dir/Peripheral/src/ch32v30x_gpio.c.obj
                                        0x59c (size before relaxing)
 .debug_str     0x0000000000000b0a      0x68a CMakeFiles/SimulateCDC_Dac.elf.dir/Peripheral/src/ch32v30x_misc.c.obj
                                        0x8a5 (size before relaxing)
 .debug_str     0x0000000000001194      0x64e CMakeFiles/SimulateCDC_Dac.elf.dir/Peripheral/src/ch32v30x_rcc.c.obj
                                        0x8cc (size before relaxing)
 .debug_str     0x00000000000017e2      0xb89 CMakeFiles/SimulateCDC_Dac.elf.dir/Peripheral/src/ch32v30x_tim.c.obj
                                        0xe73 (size before relaxing)
 .debug_str     0x000000000000236b      0x301 CMakeFiles/SimulateCDC_Dac.elf.dir/Peripheral/src/ch32v30x_usart.c.obj
                                        0x6e5 (size before relaxing)
 .debug_str     0x000000000000266c       0x7d CMakeFiles/SimulateCDC_Dac.elf.dir/Startup/startup_ch32v30x_D8C.S.obj
 .debug_str     0x00000000000026e9      0x7aa CMakeFiles/SimulateCDC_Dac.elf.dir/User/UART/UART.c.obj
                                       0x14dc (size before relaxing)
 .debug_str     0x0000000000002e93      0x4c4 CMakeFiles/SimulateCDC_Dac.elf.dir/User/USB_Device/ch32v30x_usbhs_device.c.obj
                                       0x1471 (size before relaxing)
 .debug_str     0x0000000000003357        0xa CMakeFiles/SimulateCDC_Dac.elf.dir/User/USB_Device/usb_desc.c.obj
                                        0x220 (size before relaxing)
 .debug_str     0x0000000000003361       0x2b CMakeFiles/SimulateCDC_Dac.elf.dir/User/cdc_func.c.obj
                                        0xe0b (size before relaxing)
 .debug_str     0x000000000000338c       0x9e CMakeFiles/SimulateCDC_Dac.elf.dir/User/ch32v30x_it.c.obj
                                        0x622 (size before relaxing)
 .debug_str     0x000000000000342a       0x8f CMakeFiles/SimulateCDC_Dac.elf.dir/User/main.c.obj
                                        0xed8 (size before relaxing)
 .debug_str     0x00000000000034b9       0x2c CMakeFiles/SimulateCDC_Dac.elf.dir/User/system_ch32v30x.c.obj
                                        0x2e6 (size before relaxing)

.debug_line_str
                0x0000000000000000      0x7b4
 .debug_line_str
                0x0000000000000000      0x25f CMakeFiles/SimulateCDC_Dac.elf.dir/Debug/debug.c.obj
                                        0x2a6 (size before relaxing)
 .debug_line_str
                0x000000000000025f       0x88 CMakeFiles/SimulateCDC_Dac.elf.dir/Peripheral/src/ch32v30x_dac.c.obj
                                        0x228 (size before relaxing)
 .debug_line_str
                0x00000000000002e7       0x53 CMakeFiles/SimulateCDC_Dac.elf.dir/Peripheral/src/ch32v30x_dma.c.obj
                                        0x219 (size before relaxing)
 .debug_line_str
                0x000000000000033a       0x45 CMakeFiles/SimulateCDC_Dac.elf.dir/Peripheral/src/ch32v30x_gpio.c.obj
                                        0x22c (size before relaxing)
 .debug_line_str
                0x000000000000037f       0x55 CMakeFiles/SimulateCDC_Dac.elf.dir/Peripheral/src/ch32v30x_misc.c.obj
                                        0x21d (size before relaxing)
 .debug_line_str
                0x00000000000003d4       0x44 CMakeFiles/SimulateCDC_Dac.elf.dir/Peripheral/src/ch32v30x_rcc.c.obj
                                        0x219 (size before relaxing)
 .debug_line_str
                0x0000000000000418       0x53 CMakeFiles/SimulateCDC_Dac.elf.dir/Peripheral/src/ch32v30x_tim.c.obj
                                        0x228 (size before relaxing)
 .debug_line_str
                0x000000000000046b       0x46 CMakeFiles/SimulateCDC_Dac.elf.dir/Peripheral/src/ch32v30x_usart.c.obj
                                        0x230 (size before relaxing)
 .debug_line_str
                0x00000000000004b1       0x45 CMakeFiles/SimulateCDC_Dac.elf.dir/Startup/startup_ch32v30x_D8C.S.obj
                                         0x88 (size before relaxing)
 .debug_line_str
                0x00000000000004f6      0x102 CMakeFiles/SimulateCDC_Dac.elf.dir/User/UART/UART.c.obj
                                        0x30e (size before relaxing)
 .debug_line_str
                0x00000000000005f8       0x84 CMakeFiles/SimulateCDC_Dac.elf.dir/User/USB_Device/ch32v30x_usbhs_device.c.obj
                                        0x37b (size before relaxing)
 .debug_line_str
                0x000000000000067c       0x41 CMakeFiles/SimulateCDC_Dac.elf.dir/User/USB_Device/usb_desc.c.obj
                                        0x193 (size before relaxing)
 .debug_line_str
                0x00000000000006bd       0x36 CMakeFiles/SimulateCDC_Dac.elf.dir/User/cdc_func.c.obj
                                        0x317 (size before relaxing)
 .debug_line_str
                0x00000000000006f3       0x47 CMakeFiles/SimulateCDC_Dac.elf.dir/User/ch32v30x_it.c.obj
                                        0x261 (size before relaxing)
 .debug_line_str
                0x000000000000073a       0x3d CMakeFiles/SimulateCDC_Dac.elf.dir/User/main.c.obj
                                        0x31e (size before relaxing)
 .debug_line_str
                0x0000000000000777       0x3d CMakeFiles/SimulateCDC_Dac.elf.dir/User/system_ch32v30x.c.obj
                                        0x211 (size before relaxing)

.comment        0x0000000000000000       0x31
 .comment       0x0000000000000000       0x31 CMakeFiles/SimulateCDC_Dac.elf.dir/Debug/debug.c.obj
                                         0x32 (size before relaxing)
 .comment       0x0000000000000031       0x32 CMakeFiles/SimulateCDC_Dac.elf.dir/Peripheral/src/ch32v30x_dac.c.obj
 .comment       0x0000000000000031       0x32 CMakeFiles/SimulateCDC_Dac.elf.dir/Peripheral/src/ch32v30x_dma.c.obj
 .comment       0x0000000000000031       0x32 CMakeFiles/SimulateCDC_Dac.elf.dir/Peripheral/src/ch32v30x_gpio.c.obj
 .comment       0x0000000000000031       0x32 CMakeFiles/SimulateCDC_Dac.elf.dir/Peripheral/src/ch32v30x_misc.c.obj
 .comment       0x0000000000000031       0x32 CMakeFiles/SimulateCDC_Dac.elf.dir/Peripheral/src/ch32v30x_rcc.c.obj
 .comment       0x0000000000000031       0x32 CMakeFiles/SimulateCDC_Dac.elf.dir/Peripheral/src/ch32v30x_tim.c.obj
 .comment       0x0000000000000031       0x32 CMakeFiles/SimulateCDC_Dac.elf.dir/Peripheral/src/ch32v30x_usart.c.obj
 .comment       0x0000000000000031       0x32 CMakeFiles/SimulateCDC_Dac.elf.dir/User/UART/UART.c.obj
 .comment       0x0000000000000031       0x32 CMakeFiles/SimulateCDC_Dac.elf.dir/User/USB_Device/ch32v30x_usbhs_device.c.obj
 .comment       0x0000000000000031       0x32 CMakeFiles/SimulateCDC_Dac.elf.dir/User/USB_Device/usb_desc.c.obj
 .comment       0x0000000000000031       0x32 CMakeFiles/SimulateCDC_Dac.elf.dir/User/cdc_func.c.obj
 .comment       0x0000000000000031       0x32 CMakeFiles/SimulateCDC_Dac.elf.dir/User/ch32v30x_it.c.obj
 .comment       0x0000000000000031       0x32 CMakeFiles/SimulateCDC_Dac.elf.dir/User/main.c.obj
 .comment       0x0000000000000031       0x32 CMakeFiles/SimulateCDC_Dac.elf.dir/User/system_ch32v30x.c.obj
 .comment       0x0000000000000031       0x32 c:/mounri~1/mounri~1/toolch~1/risc-v~2/bin/../lib/gcc/riscv-none-elf/12.2.0/../../../../riscv-none-elf/lib/rv32imafc/ilp32f\libc_nano.a(lib_a-puts.o)
 .comment       0x0000000000000031       0x32 c:/mounri~1/mounri~1/toolch~1/risc-v~2/bin/../lib/gcc/riscv-none-elf/12.2.0/../../../../riscv-none-elf/lib/rv32imafc/ilp32f\libc_nano.a(lib_a-wbuf.o)
 .comment       0x0000000000000031       0x32 c:/mounri~1/mounri~1/toolch~1/risc-v~2/bin/../lib/gcc/riscv-none-elf/12.2.0/../../../../riscv-none-elf/lib/rv32imafc/ilp32f\libc_nano.a(lib_a-wsetup.o)
 .comment       0x0000000000000031       0x32 c:/mounri~1/mounri~1/toolch~1/risc-v~2/bin/../lib/gcc/riscv-none-elf/12.2.0/../../../../riscv-none-elf/lib/rv32imafc/ilp32f\libc_nano.a(lib_a-fflush.o)
 .comment       0x0000000000000031       0x32 c:/mounri~1/mounri~1/toolch~1/risc-v~2/bin/../lib/gcc/riscv-none-elf/12.2.0/../../../../riscv-none-elf/lib/rv32imafc/ilp32f\libc_nano.a(lib_a-findfp.o)
 .comment       0x0000000000000031       0x32 c:/mounri~1/mounri~1/toolch~1/risc-v~2/bin/../lib/gcc/riscv-none-elf/12.2.0/../../../../riscv-none-elf/lib/rv32imafc/ilp32f\libc_nano.a(lib_a-fwalk.o)
 .comment       0x0000000000000031       0x32 c:/mounri~1/mounri~1/toolch~1/risc-v~2/bin/../lib/gcc/riscv-none-elf/12.2.0/../../../../riscv-none-elf/lib/rv32imafc/ilp32f\libc_nano.a(lib_a-impure.o)
 .comment       0x0000000000000031       0x32 c:/mounri~1/mounri~1/toolch~1/risc-v~2/bin/../lib/gcc/riscv-none-elf/12.2.0/../../../../riscv-none-elf/lib/rv32imafc/ilp32f\libc_nano.a(lib_a-lock.o)
 .comment       0x0000000000000031       0x32 c:/mounri~1/mounri~1/toolch~1/risc-v~2/bin/../lib/gcc/riscv-none-elf/12.2.0/../../../../riscv-none-elf/lib/rv32imafc/ilp32f\libc_nano.a(lib_a-makebuf.o)
 .comment       0x0000000000000031       0x32 c:/mounri~1/mounri~1/toolch~1/risc-v~2/bin/../lib/gcc/riscv-none-elf/12.2.0/../../../../riscv-none-elf/lib/rv32imafc/ilp32f\libc_nano.a(lib_a-nano-freer.o)
 .comment       0x0000000000000031       0x32 c:/mounri~1/mounri~1/toolch~1/risc-v~2/bin/../lib/gcc/riscv-none-elf/12.2.0/../../../../riscv-none-elf/lib/rv32imafc/ilp32f\libc_nano.a(lib_a-nano-mallocr.o)
 .comment       0x0000000000000031       0x32 c:/mounri~1/mounri~1/toolch~1/risc-v~2/bin/../lib/gcc/riscv-none-elf/12.2.0/../../../../riscv-none-elf/lib/rv32imafc/ilp32f\libc_nano.a(lib_a-sbrkr.o)
 .comment       0x0000000000000031       0x32 c:/mounri~1/mounri~1/toolch~1/risc-v~2/bin/../lib/gcc/riscv-none-elf/12.2.0/../../../../riscv-none-elf/lib/rv32imafc/ilp32f\libc_nano.a(lib_a-stdio.o)
 .comment       0x0000000000000031       0x32 c:/mounri~1/mounri~1/toolch~1/risc-v~2/bin/../lib/gcc/riscv-none-elf/12.2.0/../../../../riscv-none-elf/lib/rv32imafc/ilp32f\libc_nano.a(lib_a-writer.o)
 .comment       0x0000000000000031       0x32 c:/mounri~1/mounri~1/toolch~1/risc-v~2/bin/../lib/gcc/riscv-none-elf/12.2.0/../../../../riscv-none-elf/lib/rv32imafc/ilp32f\libc_nano.a(lib_a-closer.o)
 .comment       0x0000000000000031       0x32 c:/mounri~1/mounri~1/toolch~1/risc-v~2/bin/../lib/gcc/riscv-none-elf/12.2.0/../../../../riscv-none-elf/lib/rv32imafc/ilp32f\libc_nano.a(lib_a-fstatr.o)
 .comment       0x0000000000000031       0x32 c:/mounri~1/mounri~1/toolch~1/risc-v~2/bin/../lib/gcc/riscv-none-elf/12.2.0/../../../../riscv-none-elf/lib/rv32imafc/ilp32f\libc_nano.a(lib_a-isattyr.o)
 .comment       0x0000000000000031       0x32 c:/mounri~1/mounri~1/toolch~1/risc-v~2/bin/../lib/gcc/riscv-none-elf/12.2.0/../../../../riscv-none-elf/lib/rv32imafc/ilp32f\libc_nano.a(lib_a-lseekr.o)
 .comment       0x0000000000000031       0x32 c:/mounri~1/mounri~1/toolch~1/risc-v~2/bin/../lib/gcc/riscv-none-elf/12.2.0/../../../../riscv-none-elf/lib/rv32imafc/ilp32f\libc_nano.a(lib_a-mlock.o)
 .comment       0x0000000000000031       0x32 c:/mounri~1/mounri~1/toolch~1/risc-v~2/bin/../lib/gcc/riscv-none-elf/12.2.0/../../../../riscv-none-elf/lib/rv32imafc/ilp32f\libc_nano.a(lib_a-readr.o)
 .comment       0x0000000000000031       0x32 c:/mounri~1/mounri~1/toolch~1/risc-v~2/bin/../lib/gcc/riscv-none-elf/12.2.0/../../../../riscv-none-elf/lib/rv32imafc/ilp32f\libc_nano.a(lib_a-reent.o)
 .comment       0x0000000000000031       0x32 c:/mounri~1/mounri~1/toolch~1/risc-v~2/bin/../lib/gcc/riscv-none-elf/12.2.0/../../../../riscv-none-elf/lib/rv32imafc/ilp32f\libnosys.a(close.o)
 .comment       0x0000000000000031       0x32 c:/mounri~1/mounri~1/toolch~1/risc-v~2/bin/../lib/gcc/riscv-none-elf/12.2.0/../../../../riscv-none-elf/lib/rv32imafc/ilp32f\libnosys.a(fstat.o)
 .comment       0x0000000000000031       0x32 c:/mounri~1/mounri~1/toolch~1/risc-v~2/bin/../lib/gcc/riscv-none-elf/12.2.0/../../../../riscv-none-elf/lib/rv32imafc/ilp32f\libnosys.a(isatty.o)
 .comment       0x0000000000000031       0x32 c:/mounri~1/mounri~1/toolch~1/risc-v~2/bin/../lib/gcc/riscv-none-elf/12.2.0/../../../../riscv-none-elf/lib/rv32imafc/ilp32f\libnosys.a(lseek.o)
 .comment       0x0000000000000031       0x32 c:/mounri~1/mounri~1/toolch~1/risc-v~2/bin/../lib/gcc/riscv-none-elf/12.2.0/../../../../riscv-none-elf/lib/rv32imafc/ilp32f\libnosys.a(read.o)

.riscv.attributes
                0x0000000000000000       0x39
 .riscv.attributes
                0x0000000000000000       0x39 CMakeFiles/SimulateCDC_Dac.elf.dir/Debug/debug.c.obj
 .riscv.attributes
                0x0000000000000039       0x39 CMakeFiles/SimulateCDC_Dac.elf.dir/Peripheral/src/ch32v30x_dac.c.obj
 .riscv.attributes
                0x0000000000000072       0x39 CMakeFiles/SimulateCDC_Dac.elf.dir/Peripheral/src/ch32v30x_dma.c.obj
 .riscv.attributes
                0x00000000000000ab       0x39 CMakeFiles/SimulateCDC_Dac.elf.dir/Peripheral/src/ch32v30x_gpio.c.obj
 .riscv.attributes
                0x00000000000000e4       0x39 CMakeFiles/SimulateCDC_Dac.elf.dir/Peripheral/src/ch32v30x_misc.c.obj
 .riscv.attributes
                0x000000000000011d       0x39 CMakeFiles/SimulateCDC_Dac.elf.dir/Peripheral/src/ch32v30x_rcc.c.obj
 .riscv.attributes
                0x0000000000000156       0x39 CMakeFiles/SimulateCDC_Dac.elf.dir/Peripheral/src/ch32v30x_tim.c.obj
 .riscv.attributes
                0x000000000000018f       0x39 CMakeFiles/SimulateCDC_Dac.elf.dir/Peripheral/src/ch32v30x_usart.c.obj
 .riscv.attributes
                0x00000000000001c8       0x37 CMakeFiles/SimulateCDC_Dac.elf.dir/Startup/startup_ch32v30x_D8C.S.obj
 .riscv.attributes
                0x00000000000001ff       0x39 CMakeFiles/SimulateCDC_Dac.elf.dir/User/UART/UART.c.obj
 .riscv.attributes
                0x0000000000000238       0x39 CMakeFiles/SimulateCDC_Dac.elf.dir/User/USB_Device/ch32v30x_usbhs_device.c.obj
 .riscv.attributes
                0x0000000000000271       0x39 CMakeFiles/SimulateCDC_Dac.elf.dir/User/USB_Device/usb_desc.c.obj
 .riscv.attributes
                0x00000000000002aa       0x39 CMakeFiles/SimulateCDC_Dac.elf.dir/User/cdc_func.c.obj
 .riscv.attributes
                0x00000000000002e3       0x39 CMakeFiles/SimulateCDC_Dac.elf.dir/User/ch32v30x_it.c.obj
 .riscv.attributes
                0x000000000000031c       0x39 CMakeFiles/SimulateCDC_Dac.elf.dir/User/main.c.obj
 .riscv.attributes
                0x0000000000000355       0x39 CMakeFiles/SimulateCDC_Dac.elf.dir/User/system_ch32v30x.c.obj
 .riscv.attributes
                0x000000000000038e       0x37 c:/mounri~1/mounri~1/toolch~1/risc-v~2/bin/../lib/gcc/riscv-none-elf/12.2.0/../../../../riscv-none-elf/lib/rv32imafc/ilp32f\libc_nano.a(lib_a-memcpy-asm.o)
 .riscv.attributes
                0x00000000000003c5       0x39 c:/mounri~1/mounri~1/toolch~1/risc-v~2/bin/../lib/gcc/riscv-none-elf/12.2.0/../../../../riscv-none-elf/lib/rv32imafc/ilp32f\libc_nano.a(lib_a-puts.o)
 .riscv.attributes
                0x00000000000003fe       0x39 c:/mounri~1/mounri~1/toolch~1/risc-v~2/bin/../lib/gcc/riscv-none-elf/12.2.0/../../../../riscv-none-elf/lib/rv32imafc/ilp32f\libc_nano.a(lib_a-wbuf.o)
 .riscv.attributes
                0x0000000000000437       0x39 c:/mounri~1/mounri~1/toolch~1/risc-v~2/bin/../lib/gcc/riscv-none-elf/12.2.0/../../../../riscv-none-elf/lib/rv32imafc/ilp32f\libc_nano.a(lib_a-wsetup.o)
 .riscv.attributes
                0x0000000000000470       0x39 c:/mounri~1/mounri~1/toolch~1/risc-v~2/bin/../lib/gcc/riscv-none-elf/12.2.0/../../../../riscv-none-elf/lib/rv32imafc/ilp32f\libc_nano.a(lib_a-fflush.o)
 .riscv.attributes
                0x00000000000004a9       0x39 c:/mounri~1/mounri~1/toolch~1/risc-v~2/bin/../lib/gcc/riscv-none-elf/12.2.0/../../../../riscv-none-elf/lib/rv32imafc/ilp32f\libc_nano.a(lib_a-findfp.o)
 .riscv.attributes
                0x00000000000004e2       0x39 c:/mounri~1/mounri~1/toolch~1/risc-v~2/bin/../lib/gcc/riscv-none-elf/12.2.0/../../../../riscv-none-elf/lib/rv32imafc/ilp32f\libc_nano.a(lib_a-fwalk.o)
 .riscv.attributes
                0x000000000000051b       0x39 c:/mounri~1/mounri~1/toolch~1/risc-v~2/bin/../lib/gcc/riscv-none-elf/12.2.0/../../../../riscv-none-elf/lib/rv32imafc/ilp32f\libc_nano.a(lib_a-impure.o)
 .riscv.attributes
                0x0000000000000554       0x39 c:/mounri~1/mounri~1/toolch~1/risc-v~2/bin/../lib/gcc/riscv-none-elf/12.2.0/../../../../riscv-none-elf/lib/rv32imafc/ilp32f\libc_nano.a(lib_a-lock.o)
 .riscv.attributes
                0x000000000000058d       0x39 c:/mounri~1/mounri~1/toolch~1/risc-v~2/bin/../lib/gcc/riscv-none-elf/12.2.0/../../../../riscv-none-elf/lib/rv32imafc/ilp32f\libc_nano.a(lib_a-makebuf.o)
 .riscv.attributes
                0x00000000000005c6       0x37 c:/mounri~1/mounri~1/toolch~1/risc-v~2/bin/../lib/gcc/riscv-none-elf/12.2.0/../../../../riscv-none-elf/lib/rv32imafc/ilp32f\libc_nano.a(lib_a-memset.o)
 .riscv.attributes
                0x00000000000005fd       0x39 c:/mounri~1/mounri~1/toolch~1/risc-v~2/bin/../lib/gcc/riscv-none-elf/12.2.0/../../../../riscv-none-elf/lib/rv32imafc/ilp32f\libc_nano.a(lib_a-nano-freer.o)
 .riscv.attributes
                0x0000000000000636       0x39 c:/mounri~1/mounri~1/toolch~1/risc-v~2/bin/../lib/gcc/riscv-none-elf/12.2.0/../../../../riscv-none-elf/lib/rv32imafc/ilp32f\libc_nano.a(lib_a-nano-mallocr.o)
 .riscv.attributes
                0x000000000000066f       0x39 c:/mounri~1/mounri~1/toolch~1/risc-v~2/bin/../lib/gcc/riscv-none-elf/12.2.0/../../../../riscv-none-elf/lib/rv32imafc/ilp32f\libc_nano.a(lib_a-sbrkr.o)
 .riscv.attributes
                0x00000000000006a8       0x39 c:/mounri~1/mounri~1/toolch~1/risc-v~2/bin/../lib/gcc/riscv-none-elf/12.2.0/../../../../riscv-none-elf/lib/rv32imafc/ilp32f\libc_nano.a(lib_a-stdio.o)
 .riscv.attributes
                0x00000000000006e1       0x39 c:/mounri~1/mounri~1/toolch~1/risc-v~2/bin/../lib/gcc/riscv-none-elf/12.2.0/../../../../riscv-none-elf/lib/rv32imafc/ilp32f\libc_nano.a(lib_a-writer.o)
 .riscv.attributes
                0x000000000000071a       0x39 c:/mounri~1/mounri~1/toolch~1/risc-v~2/bin/../lib/gcc/riscv-none-elf/12.2.0/../../../../riscv-none-elf/lib/rv32imafc/ilp32f\libc_nano.a(lib_a-closer.o)
 .riscv.attributes
                0x0000000000000753       0x39 c:/mounri~1/mounri~1/toolch~1/risc-v~2/bin/../lib/gcc/riscv-none-elf/12.2.0/../../../../riscv-none-elf/lib/rv32imafc/ilp32f\libc_nano.a(lib_a-fstatr.o)
 .riscv.attributes
                0x000000000000078c       0x39 c:/mounri~1/mounri~1/toolch~1/risc-v~2/bin/../lib/gcc/riscv-none-elf/12.2.0/../../../../riscv-none-elf/lib/rv32imafc/ilp32f\libc_nano.a(lib_a-isattyr.o)
 .riscv.attributes
                0x00000000000007c5       0x39 c:/mounri~1/mounri~1/toolch~1/risc-v~2/bin/../lib/gcc/riscv-none-elf/12.2.0/../../../../riscv-none-elf/lib/rv32imafc/ilp32f\libc_nano.a(lib_a-lseekr.o)
 .riscv.attributes
                0x00000000000007fe       0x39 c:/mounri~1/mounri~1/toolch~1/risc-v~2/bin/../lib/gcc/riscv-none-elf/12.2.0/../../../../riscv-none-elf/lib/rv32imafc/ilp32f\libc_nano.a(lib_a-mlock.o)
 .riscv.attributes
                0x0000000000000837       0x39 c:/mounri~1/mounri~1/toolch~1/risc-v~2/bin/../lib/gcc/riscv-none-elf/12.2.0/../../../../riscv-none-elf/lib/rv32imafc/ilp32f\libc_nano.a(lib_a-readr.o)
 .riscv.attributes
                0x0000000000000870       0x39 c:/mounri~1/mounri~1/toolch~1/risc-v~2/bin/../lib/gcc/riscv-none-elf/12.2.0/../../../../riscv-none-elf/lib/rv32imafc/ilp32f\libc_nano.a(lib_a-reent.o)
 .riscv.attributes
                0x00000000000008a9       0x39 c:/mounri~1/mounri~1/toolch~1/risc-v~2/bin/../lib/gcc/riscv-none-elf/12.2.0/../../../../riscv-none-elf/lib/rv32imafc/ilp32f\libnosys.a(close.o)
 .riscv.attributes
                0x00000000000008e2       0x39 c:/mounri~1/mounri~1/toolch~1/risc-v~2/bin/../lib/gcc/riscv-none-elf/12.2.0/../../../../riscv-none-elf/lib/rv32imafc/ilp32f\libnosys.a(fstat.o)
 .riscv.attributes
                0x000000000000091b       0x39 c:/mounri~1/mounri~1/toolch~1/risc-v~2/bin/../lib/gcc/riscv-none-elf/12.2.0/../../../../riscv-none-elf/lib/rv32imafc/ilp32f\libnosys.a(isatty.o)
 .riscv.attributes
                0x0000000000000954       0x39 c:/mounri~1/mounri~1/toolch~1/risc-v~2/bin/../lib/gcc/riscv-none-elf/12.2.0/../../../../riscv-none-elf/lib/rv32imafc/ilp32f\libnosys.a(lseek.o)
 .riscv.attributes
                0x000000000000098d       0x39 c:/mounri~1/mounri~1/toolch~1/risc-v~2/bin/../lib/gcc/riscv-none-elf/12.2.0/../../../../riscv-none-elf/lib/rv32imafc/ilp32f\libnosys.a(read.o)

.debug_frame    0x0000000000000000     0x1434
 .debug_frame   0x0000000000000000       0xb8 CMakeFiles/SimulateCDC_Dac.elf.dir/Debug/debug.c.obj
 .debug_frame   0x00000000000000b8       0xf4 CMakeFiles/SimulateCDC_Dac.elf.dir/Peripheral/src/ch32v30x_dac.c.obj
 .debug_frame   0x00000000000001ac       0xc0 CMakeFiles/SimulateCDC_Dac.elf.dir/Peripheral/src/ch32v30x_dma.c.obj
 .debug_frame   0x000000000000026c      0x178 CMakeFiles/SimulateCDC_Dac.elf.dir/Peripheral/src/ch32v30x_gpio.c.obj
 .debug_frame   0x00000000000003e4       0x30 CMakeFiles/SimulateCDC_Dac.elf.dir/Peripheral/src/ch32v30x_misc.c.obj
 .debug_frame   0x0000000000000414      0x33c CMakeFiles/SimulateCDC_Dac.elf.dir/Peripheral/src/ch32v30x_rcc.c.obj
 .debug_frame   0x0000000000000750      0x654 CMakeFiles/SimulateCDC_Dac.elf.dir/Peripheral/src/ch32v30x_tim.c.obj
 .debug_frame   0x0000000000000da4      0x1e8 CMakeFiles/SimulateCDC_Dac.elf.dir/Peripheral/src/ch32v30x_usart.c.obj
 .debug_frame   0x0000000000000f8c      0x15c CMakeFiles/SimulateCDC_Dac.elf.dir/User/UART/UART.c.obj
 .debug_frame   0x00000000000010e8      0x11c CMakeFiles/SimulateCDC_Dac.elf.dir/User/USB_Device/ch32v30x_usbhs_device.c.obj
 .debug_frame   0x0000000000001204       0x54 CMakeFiles/SimulateCDC_Dac.elf.dir/User/cdc_func.c.obj
 .debug_frame   0x0000000000001258       0xd8 CMakeFiles/SimulateCDC_Dac.elf.dir/User/ch32v30x_it.c.obj
 .debug_frame   0x0000000000001330       0x90 CMakeFiles/SimulateCDC_Dac.elf.dir/User/main.c.obj
 .debug_frame   0x00000000000013c0       0x74 CMakeFiles/SimulateCDC_Dac.elf.dir/User/system_ch32v30x.c.obj
